Component: ARM Compiler 5.06 update 4 (build 422) Tool: armlink [4d35d2]

==============================================================================

Section Cross References

    startup_stm32f030x8.o(RESET) refers to startup_stm32f030x8.o(STACK) for __initial_sp
    startup_stm32f030x8.o(RESET) refers to startup_stm32f030x8.o(.text) for Reset_Handler
    startup_stm32f030x8.o(RESET) refers to stm32f0xx_it.o(i.NMI_Handler) for NMI_Handler
    startup_stm32f030x8.o(RESET) refers to stm32f0xx_it.o(i.HardFault_Handler) for HardFault_Handler
    startup_stm32f030x8.o(RESET) refers to port.o(i.SVC_Handler) for SVC_Handler
    startup_stm32f030x8.o(RESET) refers to port.o(.emb_text) for PendSV_Handler
    startup_stm32f030x8.o(RESET) refers to port.o(i.SysTick_Handler) for SysTick_Handler
    startup_stm32f030x8.o(RESET) refers to stm32f0xx_it.o(i.TIM3_IRQHandler) for TIM3_IRQHandler
    startup_stm32f030x8.o(RESET) refers to stm32f0xx_it.o(i.TIM6_IRQHandler) for TIM6_IRQHandler
    startup_stm32f030x8.o(RESET) refers to stm32f0xx_it.o(i.TIM14_IRQHandler) for TIM14_IRQHandler
    startup_stm32f030x8.o(RESET) refers to stm32f0xx_it.o(i.TIM16_IRQHandler) for TIM16_IRQHandler
    startup_stm32f030x8.o(RESET) refers to stm32f0xx_it.o(i.TIM17_IRQHandler) for TIM17_IRQHandler
    startup_stm32f030x8.o(RESET) refers to stm32f0xx_it.o(i.USART1_IRQHandler) for USART1_IRQHandler
    startup_stm32f030x8.o(RESET) refers to stm32f0xx_it.o(i.USART2_IRQHandler) for USART2_IRQHandler
    startup_stm32f030x8.o(.text) refers to system_stm32f0xx.o(i.SystemInit) for SystemInit
    startup_stm32f030x8.o(.text) refers to entry.o(.ARM.Collect$$$$00000000) for __main
    closestool.o(i.ClosestoolGetState) refers to closestool.o(.data) for _closestoolState
    closestool.o(i.LL_DMA_DisableChannel) refers to closestool.o(.constdata) for CHANNEL_OFFSET_TAB
    closestool.o(i.Startclosestool) refers to closestool.o(i.LL_DMA_DisableChannel) for LL_DMA_DisableChannel
    closestool.o(i.Startclosestool) refers to fmq.o(i.FMQ) for FMQ
    closestool.o(i.Startclosestool) refers to stepper.o(i.stepperInit) for stepperInit
    closestool.o(i.Startclosestool) refers to cmsis_os.o(i.osMessagePut) for osMessagePut
    closestool.o(i.Startclosestool) refers to cmsis_os.o(i.osMessageGet) for osMessageGet
    closestool.o(i.Startclosestool) refers to closestool.o(i.LL_GPIO_SetOutputPin) for LL_GPIO_SetOutputPin
    closestool.o(i.Startclosestool) refers to cmsis_os.o(i.osTimerStart) for osTimerStart
    closestool.o(i.Startclosestool) refers to cmsis_os.o(i.osKernelSysTick) for osKernelSysTick
    closestool.o(i.Startclosestool) refers to stepper.o(i.pjStart) for pjStart
    closestool.o(i.Startclosestool) refers to stepper.o(i.PJTo) for PJTo
    closestool.o(i.Startclosestool) refers to stepper.o(i.fsfStart) for fsfStart
    closestool.o(i.Startclosestool) refers to stepper.o(i.FSFTo) for FSFTo
    closestool.o(i.Startclosestool) refers to stepper.o(i.PJPos) for PJPos
    closestool.o(i.Startclosestool) refers to closestool.o(i.LL_GPIO_ResetOutputPin) for LL_GPIO_ResetOutputPin
    closestool.o(i.Startclosestool) refers to stepper.o(i.FSFStop) for FSFStop
    closestool.o(i.Startclosestool) refers to cmsis_os.o(i.osTimerStop) for osTimerStop
    closestool.o(i.Startclosestool) refers to stepper.o(i.PJStop) for PJStop
    closestool.o(i.Startclosestool) refers to cmsis_os.o(i.osDelay) for osDelay
    closestool.o(i.Startclosestool) refers to closestool.o(i.LL_TIM_SetAutoReload) for LL_TIM_SetAutoReload
    closestool.o(i.Startclosestool) refers to closestool.o(.constdata) for CHANNEL_OFFSET_TAB
    closestool.o(i.Startclosestool) refers to closestool.o(.data) for EIWHsendData
    closestool.o(i.Startclosestool) refers to main.o(.data) for clearQueHandle
    closestool.o(i.Startclosestool) refers to remote_control.o(.data) for startHotWater
    closestool.o(i.hotWaterLoop) refers to cmsis_os.o(i.osTimerStop) for osTimerStop
    closestool.o(i.hotWaterLoop) refers to closestool.o(i.LL_DMA_DisableChannel) for LL_DMA_DisableChannel
    closestool.o(i.hotWaterLoop) refers to closestool.o(.data) for hasReceive
    closestool.o(i.hotWaterLoop) refers to main.o(.data) for hotwaterHandle
    closestool.o(i.hotWaterLoop) refers to remote_control.o(.data) for waterTemperature
    closestool.o(i.hotWaterLoop) refers to closestool.o(.constdata) for CHANNEL_OFFSET_TAB
    button.o(i.buttonLoop) refers to button.o(i.LL_GPIO_IsInputPinSet) for LL_GPIO_IsInputPinSet
    button.o(i.buttonLoop) refers to button.o(.data) for buttons
    led.o(i.ledLoop) refers to stm32f0xx_hal.o(i.HAL_GetTick) for HAL_GetTick
    led.o(i.ledLoop) refers to led.o(i.LL_GPIO_TogglePin) for LL_GPIO_TogglePin
    led.o(i.ledLoop) refers to led.o(.data) for Leds
    led.o(i.ledSetBlink) refers to led.o(i.LL_GPIO_SetOutputPin) for LL_GPIO_SetOutputPin
    led.o(i.ledSetBlink) refers to led.o(i.LL_GPIO_ResetOutputPin) for LL_GPIO_ResetOutputPin
[...]
    LL_GPIO_TogglePin                        0x08002075   Thumb Code     8  led.o(i.LL_GPIO_TogglePin)
    i.LL_RCC_GetSystemClocksFreq             0x0800207c   Section        0  stm32f0xx_ll_rcc.o(i.LL_RCC_GetSystemClocksFreq)
    i.LL_RCC_GetUSARTClockFreq               0x08002098   Section        0  stm32f0xx_ll_rcc.o(i.LL_RCC_GetUSARTClockFreq)
    i.LL_RCC_HSI_IsReady                     0x08002110   Section        0  stm32f0xx_ll_rcc.o(i.LL_RCC_HSI_IsReady)
    LL_RCC_HSI_IsReady                       0x08002111   Thumb Code    12  stm32f0xx_ll_rcc.o(i.LL_RCC_HSI_IsReady)
    i.LL_TIM_ClearFlag_UPDATE                0x08002120   Section        0  stm32f0xx_it.o(i.LL_TIM_ClearFlag_UPDATE)
    LL_TIM_ClearFlag_UPDATE                  0x08002121   Thumb Code     8  stm32f0xx_it.o(i.LL_TIM_ClearFlag_UPDATE)
    i.LL_TIM_DisableARRPreload               0x08002128   Section        0  main.o(i.LL_TIM_DisableARRPreload)
    LL_TIM_DisableARRPreload                 0x08002129   Thumb Code    10  main.o(i.LL_TIM_DisableARRPreload)
    i.LL_TIM_DisableCounter                  0x08002132   Section        0  stepper.o(i.LL_TIM_DisableCounter)
    LL_TIM_DisableCounter                    0x08002133   Thumb Code    10  stepper.o(i.LL_TIM_DisableCounter)
    i.LL_TIM_DisableCounter                  0x0800213c   Section        0  stm32f0xx_it.o(i.LL_TIM_DisableCounter)
    LL_TIM_DisableCounter                    0x0800213d   Thumb Code    10  stm32f0xx_it.o(i.LL_TIM_DisableCounter)
    i.LL_TIM_EnableCounter                   0x08002146   Section        0  stepper.o(i.LL_TIM_EnableCounter)
    LL_TIM_EnableCounter                     0x08002147   Thumb Code    10  stepper.o(i.LL_TIM_EnableCounter)
    i.LL_TIM_EnableIT_UPDATE                 0x08002150   Section        0  stepper.o(i.LL_TIM_EnableIT_UPDATE)
    LL_TIM_EnableIT_UPDATE                   0x08002151   Thumb Code    10  stepper.o(i.LL_TIM_EnableIT_UPDATE)
    i.LL_TIM_Init                            0x0800215c   Section        0  stm32f0xx_ll_tim.o(i.LL_TIM_Init)
    i.LL_TIM_IsActiveFlag_UPDATE             0x08002204   Section        0  stm32f0xx_it.o(i.LL_TIM_IsActiveFlag_UPDATE)
    LL_TIM_IsActiveFlag_UPDATE               0x08002205   Thumb Code    16  stm32f0xx_it.o(i.LL_TIM_IsActiveFlag_UPDATE)
    i.LL_TIM_SetAutoReload                   0x08002214   Section        0  closestool.o(i.LL_TIM_SetAutoReload)
    LL_TIM_SetAutoReload                     0x08002215   Thumb Code     4  closestool.o(i.LL_TIM_SetAutoReload)
    i.LL_USART_ConfigAsyncMode               0x08002218   Section        0  main.o(i.LL_USART_ConfigAsyncMode)
    LL_USART_ConfigAsyncMode                 0x08002219   Thumb Code    20  main.o(i.LL_USART_ConfigAsyncMode)
    i.LL_USART_DisableIT_CTS                 0x0800222c   Section        0  main.o(i.LL_USART_DisableIT_CTS)
    LL_USART_DisableIT_CTS                   0x0800222d   Thumb Code    12  main.o(i.LL_USART_DisableIT_CTS)
    i.LL_USART_DisableIT_TC                  0x08002238   Section        0  stm32f0xx_it.o(i.LL_USART_DisableIT_TC)
    LL_USART_DisableIT_TC                    0x08002239   Thumb Code    10  stm32f0xx_it.o(i.LL_USART_DisableIT_TC)
    i.LL_USART_Enable                        0x08002242   Section        0  main.o(i.LL_USART_Enable)
    LL_USART_Enable                          0x08002243   Thumb Code    10  main.o(i.LL_USART_Enable)
    i.LL_USART_Init                          0x0800224c   Section        0  stm32f0xx_ll_usart.o(i.LL_USART_Init)
    i.LL_USART_IsActiveFlag_TC               0x080022e0   Section        0  stm32f0xx_it.o(i.LL_USART_IsActiveFlag_TC)
    LL_USART_IsActiveFlag_TC                 0x080022e1   Thumb Code    12  stm32f0xx_it.o(i.LL_USART_IsActiveFlag_TC)
    i.LL_USART_IsEnabled                     0x080022ec   Section        0  stm32f0xx_ll_usart.o(i.LL_USART_IsEnabled)
    LL_USART_IsEnabled                       0x080022ed   Thumb Code    16  stm32f0xx_ll_usart.o(i.LL_USART_IsEnabled)
    i.LL_USART_SetBaudRate                   0x080022fc   Section        0  stm32f0xx_ll_usart.o(i.LL_USART_SetBaudRate)
    LL_USART_SetBaudRate                     0x080022fd   Thumb Code    82  stm32f0xx_ll_usart.o(i.LL_USART_SetBaudRate)
    i.MX_ADC_Init                            0x08002354   Section        0  main.o(i.MX_ADC_Init)
    MX_ADC_Init                              0x08002355   Thumb Code   106  main.o(i.MX_ADC_Init)
    i.MX_DMA_Init                            0x080023c8   Section        0  main.o(i.MX_DMA_Init)
    MX_DMA_Init                              0x080023c9   Thumb Code    38  main.o(i.MX_DMA_Init)
    i.MX_GPIO_Init                           0x080023f0   Section        0  main.o(i.MX_GPIO_Init)
    MX_GPIO_Init                             0x080023f1   Thumb Code  1076  main.o(i.MX_GPIO_Init)
    i.MX_TIM14_Init                          0x08002824   Section        0  main.o(i.MX_TIM14_Init)
    MX_TIM14_Init                            0x08002825   Thumb Code    68  main.o(i.MX_TIM14_Init)
    i.MX_TIM16_Init                          0x08002870   Section        0  main.o(i.MX_TIM16_Init)
    MX_TIM16_Init                            0x08002871   Thumb Code    78  main.o(i.MX_TIM16_Init)
    i.MX_TIM3_Init                           0x080028c8   Section        0  main.o(i.MX_TIM3_Init)
    MX_TIM3_Init                             0x080028c9   Thumb Code    86  main.o(i.MX_TIM3_Init)
    i.MX_TIM6_Init                           0x08002928   Section        0  main.o(i.MX_TIM6_Init)
    MX_TIM6_Init                             0x08002929   Thumb Code    62  main.o(i.MX_TIM6_Init)
    i.MX_USART1_UART_Init                    0x08002970   Section        0  main.o(i.MX_USART1_UART_Init)
    MX_USART1_UART_Init                      0x08002971   Thumb Code   246  main.o(i.MX_USART1_UART_Init)
    i.MX_USART2_UART_Init                    0x08002a70   Section        0  main.o(i.MX_USART2_UART_Init)
    MX_USART2_UART_Init                      0x08002a71   Thumb Code   254  main.o(i.MX_USART2_UART_Init)
    i.NMI_Handler                            0x08002b78   Section        0  stm32f0xx_it.o(i.NMI_Handler)
    i.NVIC_EnableIRQ                         0x08002b7c   Section        0  main.o(i.NVIC_EnableIRQ)
    NVIC_EnableIRQ                           0x08002b7d   Thumb Code    14  main.o(i.NVIC_EnableIRQ)
    i.NVIC_SetPriority                       0x08002b90   Section        0  main.o(i.NVIC_SetPriority)
    NVIC_SetPriority                         0x08002b91   Thumb Code   110  main.o(i.NVIC_SetPriority)
    i.NVIC_SetPriority                       0x08002c08   Section        0  stm32f0xx_hal_cortex.o(i.NVIC_SetPriority)
    NVIC_SetPriority                         0x08002c09   Thumb Code   110  stm32f0xx_hal_cortex.o(i.NVIC_SetPriority)
    i.PJPos                                  0x08002c80   Section        0  stepper.o(i.PJPos)
    i.PJStep                                 0x08002c8c   Section        0  stepper.o(i.PJStep)
    i.PJStop                                 0x08002dcc   Section        0  stepper.o(i.PJStop)
    i.PJTo                                   0x08002df8   Section        0  stepper.o(i.PJTo)
    i.RCC_GetHCLKClockFreq                   0x08002e90   Section        0  stm32f0xx_ll_rcc.o(i.RCC_GetHCLKClockFreq)
    i.RCC_GetPCLK1ClockFreq                  0x08002eb4   Section        0  stm32f0xx_ll_rcc.o(i.RCC_GetPCLK1ClockFreq)
    i.RCC_GetSystemClockFreq                 0x08002ed8   Section        0  stm32f0xx_ll_rcc.o(i.RCC_GetSystemClockFreq)
    i.RCC_PLL_GetFreqDomain_SYS              0x08002f18   Section        0  stm32f0xx_ll_rcc.o(i.RCC_PLL_GetFreqDomain_SYS)
    i.SVC_Handler                            0x08002f7c   Section        0  port.o(i.SVC_Handler)
    i.StartCTR                               0x08002f80   Section        0  main.o(i.StartCTR)
    i.StartDefaultTask                       0x080030fc   Section        0  main.o(i.StartDefaultTask)
    i.StartRemoteControl                     0x0800331c   Section        0  remote_control.o(i.StartRemoteControl)
    i.Startclosestool                        0x0800398c   Section        0  closestool.o(i.Startclosestool)
    i.SysTick_Handler                        0x08003e2c   Section        0  port.o(i.SysTick_Handler)
    i.SystemClock_Config                     0x08003e50   Section        0  main.o(i.SystemClock_Config)
    i.SystemInit                             0x08003ed0   Section        0  system_stm32f0xx.o(i.SystemInit)
    i.TIM14_IRQHandler                       0x08003f44   Section        0  stm32f0xx_it.o(i.TIM14_IRQHandler)
    i.TIM16_IRQHandler                       0x08003f6c   Section        0  stm32f0xx_it.o(i.TIM16_IRQHandler)
    i.TIM17_IRQHandler                       0x08003fa8   Section        0  stm32f0xx_it.o(i.TIM17_IRQHandler)
    i.TIM3_IRQHandler                        0x08003fb8   Section        0  stm32f0xx_it.o(i.TIM3_IRQHandler)
    i.TIM6_IRQHandler                        0x08003fe8   Section        0  stm32f0xx_it.o(i.TIM6_IRQHandler)
    i.TIM_Base_SetConfig                     0x08004010   Section        0  stm32f0xx_hal_tim.o(i.TIM_Base_SetConfig)
    i.USART1_IRQHandler                      0x080040b0   Section        0  stm32f0xx_it.o(i.USART1_IRQHandler)
    i.USART2_IRQHandler                      0x08004134   Section        0  stm32f0xx_it.o(i.USART2_IRQHandler)
    i.__ARM_common_switch8                   0x080041c8   Section        0  seat_heat.o(i.__ARM_common_switch8)
    i.__scatterload_copy                     0x080041e4   Section       14  handlers.o(i.__scatterload_copy)
    i.__scatterload_null                     0x080041f2   Section        2  handlers.o(i.__scatterload_null)
    i.__scatterload_zeroinit                 0x080041f4   Section       14  handlers.o(i.__scatterload_zeroinit)
    i.buttonLoop                             0x08004204   Section        0  button.o(i.buttonLoop)
    i.fsfStart                               0x080043c8   Section        0  stepper.o(i.fsfStart)
    i.hotWaterLoop                           0x08004440   Section        0  closestool.o(i.hotWaterLoop)
    i.inHandlerMode                          0x0800456c   Section        0  cmsis_os.o(i.inHandlerMode)
    inHandlerMode                            0x0800456d   Thumb Code    18  cmsis_os.o(i.inHandlerMode)
    i.ledLoop                                0x08004580   Section        0  led.o(i.ledLoop)
    i.ledSetOn                               0x08004618   Section        0  led.o(i.ledSetOn)
    i.main                                   0x080046c0   Section        0  main.o(i.main)
    i.makeFreeRtosPriority                   0x080048b8   Section        0  cmsis_os.o(i.makeFreeRtosPriority)
    makeFreeRtosPriority                     0x080048b9   Thumb Code    14  cmsis_os.o(i.makeFreeRtosPriority)
    i.osDelay                                0x080048c6   Section        0  cmsis_os.o(i.osDelay)
    i.osKernelStart                          0x080048e0   Section        0  cmsis_os.o(i.osKernelStart)
    i.osKernelSysTick                        0x080048ea   Section        0  cmsis_os.o(i.osKernelSysTick)
    i.osMessageCreate                        0x08004900   Section        0  cmsis_os.o(i.osMessageCreate)
    i.osMessageGet                           0x08004914   Section        0  cmsis_os.o(i.osMessageGet)
    i.osMessagePut                           0x080049b8   Section        0  cmsis_os.o(i.osMessagePut)
    i.osSemaphoreCreate                      0x08004a18   Section        0  cmsis_os.o(i.osSemaphoreCreate)
    i.osSemaphoreRelease                     0x08004a48   Section        0  cmsis_os.o(i.osSemaphoreRelease)
    i.osSemaphoreWait                        0x08004a94   Section        0  cmsis_os.o(i.osSemaphoreWait)
    i.osThreadCreate                         0x08004b04   Section        0  cmsis_os.o(i.osThreadCreate)
    i.osThreadSuspend                        0x08004b34   Section        0  cmsis_os.o(i.osThreadSuspend)
    i.osTimerCreate                          0x08004b44   Section        0  cmsis_os.o(i.osTimerCreate)
    i.osTimerStart                           0x08004b6c   Section        0  cmsis_os.o(i.osTimerStart)
    i.osTimerStop                            0x08004bd0   Section        0  cmsis_os.o(i.osTimerStop)
    i.pjStart                                0x08004c28   Section        0  stepper.o(i.pjStart)
    i.prvAddCurrentTaskToDelayedList         0x08004ca0   Section        0  tasks.o(i.prvAddCurrentTaskToDelayedList)
    prvAddCurrentTaskToDelayedList           0x08004ca1   Thumb Code   100  tasks.o(i.prvAddCurrentTaskToDelayedList)
    i.prvAddNewTaskToReadyList               0x08004d1c   Section        0  tasks.o(i.prvAddNewTaskToReadyList)
    prvAddNewTaskToReadyList                 0x08004d1d   Thumb Code   140  tasks.o(i.prvAddNewTaskToReadyList)
    i.prvCheckForValidListAndQueue           0x08004dc0   Section        0  timers.o(i.prvCheckForValidListAndQueue)
    prvCheckForValidListAndQueue             0x08004dc1   Thumb Code    76  timers.o(i.prvCheckForValidListAndQueue)
    i.prvCheckTasksWaitingTermination        0x08004e28   Section        0  tasks.o(i.prvCheckTasksWaitingTermination)
    prvCheckTasksWaitingTermination          0x08004e29   Thumb Code    90  tasks.o(i.prvCheckTasksWaitingTermination)
    i.prvCopyDataFromQueue                   0x08004e90   Section        0  queue.o(i.prvCopyDataFromQueue)
    prvCopyDataFromQueue                     0x08004e91   Thumb Code    44  queue.o(i.prvCopyDataFromQueue)
    i.prvCopyDataToQueue                     0x08004ebc   Section        0  queue.o(i.prvCopyDataToQueue)
    prvCopyDataToQueue                       0x08004ebd   Thumb Code   128  queue.o(i.prvCopyDataToQueue)
    i.prvDeleteTCB                           0x08004f3c   Section        0  tasks.o(i.prvDeleteTCB)
    prvDeleteTCB                             0x08004f3d   Thumb Code    18  tasks.o(i.prvDeleteTCB)
    i.prvGetNextExpireTime                   0x08004f50   Section        0  timers.o(i.prvGetNextExpireTime)
    prvGetNextExpireTime                     0x08004f51   Thumb Code    40  timers.o(i.prvGetNextExpireTime)
    i.prvHeapInit                            0x08004f7c   Section        0  heap_4.o(i.prvHeapInit)
    prvHeapInit                              0x08004f7d   Thumb Code   100  heap_4.o(i.prvHeapInit)
    i.prvIdleTask                            0x08004ff8   Section        0  tasks.o(i.prvIdleTask)
    prvIdleTask                              0x08004ff9   Thumb Code    20  tasks.o(i.prvIdleTask)
    i.prvInitialiseNewQueue                  0x08005010   Section        0  queue.o(i.prvInitialiseNewQueue)
    prvInitialiseNewQueue                    0x08005011   Thumb Code    34  queue.o(i.prvInitialiseNewQueue)
    i.prvInitialiseNewTask                   0x08005032   Section        0  tasks.o(i.prvInitialiseNewTask)
    prvInitialiseNewTask                     0x08005033   Thumb Code   164  tasks.o(i.prvInitialiseNewTask)
    i.prvInitialiseNewTimer                  0x080050d6   Section        0  timers.o(i.prvInitialiseNewTimer)
    prvInitialiseNewTimer                    0x080050d7   Thumb Code    64  timers.o(i.prvInitialiseNewTimer)
    i.prvInitialiseTaskLists                 0x08005118   Section        0  tasks.o(i.prvInitialiseTaskLists)
    prvInitialiseTaskLists                   0x08005119   Thumb Code    68  tasks.o(i.prvInitialiseTaskLists)
    i.prvInsertBlockIntoFreeList             0x0800517c   Section        0  heap_4.o(i.prvInsertBlockIntoFreeList)
    prvInsertBlockIntoFreeList               0x0800517d   Thumb Code    96  heap_4.o(i.prvInsertBlockIntoFreeList)
    i.prvInsertTimerInActiveList             0x080051e4   Section        0  timers.o(i.prvInsertTimerInActiveList)
    prvInsertTimerInActiveList               0x080051e5   Thumb Code    76  timers.o(i.prvInsertTimerInActiveList)
    i.prvIsQueueEmpty                        0x08005238   Section        0  queue.o(i.prvIsQueueEmpty)
    prvIsQueueEmpty                          0x08005239   Thumb Code    28  queue.o(i.prvIsQueueEmpty)
    i.prvIsQueueFull                         0x08005254   Section        0  queue.o(i.prvIsQueueFull)
    prvIsQueueFull                           0x08005255   Thumb Code    30  queue.o(i.prvIsQueueFull)
    i.prvProcessExpiredTimer                 0x08005274   Section        0  timers.o(i.prvProcessExpiredTimer)
    prvProcessExpiredTimer                   0x08005275   Thumb Code    82  timers.o(i.prvProcessExpiredTimer)
    i.prvProcessReceivedCommands             0x080052cc   Section        0  timers.o(i.prvProcessReceivedCommands)
    prvProcessReceivedCommands               0x080052cd   Thumb Code   222  timers.o(i.prvProcessReceivedCommands)
    i.prvProcessTimerOrBlockTask             0x080053b0   Section        0  timers.o(i.prvProcessTimerOrBlockTask)
    prvProcessTimerOrBlockTask               0x080053b1   Thumb Code   100  timers.o(i.prvProcessTimerOrBlockTask)
    i.prvResetNextTaskUnblockTime            0x0800541c   Section        0  tasks.o(i.prvResetNextTaskUnblockTime)
    prvResetNextTaskUnblockTime              0x0800541d   Thumb Code    46  tasks.o(i.prvResetNextTaskUnblockTime)
    i.prvSampleTimeNow                       0x08005454   Section        0  timers.o(i.prvSampleTimeNow)
    prvSampleTimeNow                         0x08005455   Thumb Code    40  timers.o(i.prvSampleTimeNow)
    i.prvSwitchTimerLists                    0x08005480   Section        0  timers.o(i.prvSwitchTimerLists)
    prvSwitchTimerLists                      0x08005481   Thumb Code   134  timers.o(i.prvSwitchTimerLists)
    i.prvTaskExitError                       0x08005510   Section        0  port.o(i.prvTaskExitError)
    prvTaskExitError                         0x08005511   Thumb Code    32  port.o(i.prvTaskExitError)
    i.prvTimerTask                           0x08005534   Section        0  timers.o(i.prvTimerTask)
    prvTimerTask                             0x08005535   Thumb Code    26  timers.o(i.prvTimerTask)
    i.prvUnlockQueue                         0x0800554e   Section        0  queue.o(i.prvUnlockQueue)
    prvUnlockQueue                           0x0800554f   Thumb Code   142  queue.o(i.prvUnlockQueue)
    i.pvPortMalloc                           0x080055dc   Section        0  heap_4.o(i.pvPortMalloc)
    i.pvTaskIncrementMutexHeldCount          0x080056f8   Section        0  tasks.o(i.pvTaskIncrementMutexHeldCount)
    i.pxPortInitialiseStack                  0x08005718   Section        0  port.o(i.pxPortInitialiseStack)
    i.sitLoop                                0x08005738   Section        0  seat_heat.o(i.sitLoop)
    i.startIsSit                             0x08005900   Section        0  seat_heat.o(i.startIsSit)
    i.stepperInit                            0x080059c0   Section        0  stepper.o(i.stepperInit)
    i.uxListRemove                           0x08005a9c   Section        0  list.o(i.uxListRemove)
    i.vListInitialise                        0x08005ac4   Section        0  list.o(i.vListInitialise)
    i.vListInitialiseItem                    0x08005ade   Section        0  list.o(i.vListInitialiseItem)
    i.vListInsert                            0x08005ae4   Section        0  list.o(i.vListInsert)
    i.vListInsertEnd                         0x08005b1a   Section        0  list.o(i.vListInsertEnd)
    i.vPortEnterCritical                     0x08005b34   Section        0  port.o(i.vPortEnterCritical)
    i.vPortExitCritical                      0x08005b50   Section        0  port.o(i.vPortExitCritical)
    i.vPortFree                              0x08005b78   Section        0  heap_4.o(i.vPortFree)
    i.vPortSetupTimerInterrupt               0x08005bf8   Section        0  port.o(i.vPortSetupTimerInterrupt)
    i.vPortYield                             0x08005c1c   Section        0  port.o(i.vPortYield)
    i.vQueueAddToRegistry                    0x08005c34   Section        0  queue.o(i.vQueueAddToRegistry)
    i.vQueueWaitForMessageRestricted         0x08005c60   Section        0  queue.o(i.vQueueWaitForMessageRestricted)
    i.vTaskDelay                             0x08005cac   Section        0  tasks.o(i.vTaskDelay)
    i.vTaskMissedYield                       0x08005cf0   Section        0  tasks.o(i.vTaskMissedYield)
    i.vTaskPlaceOnEventList                  0x08005cfc   Section        0  tasks.o(i.vTaskPlaceOnEventList)
    i.vTaskPlaceOnEventListRestricted        0x08005d28   Section        0  tasks.o(i.vTaskPlaceOnEventListRestricted)
    i.vTaskPriorityInherit                   0x08005d5c   Section        0  tasks.o(i.vTaskPriorityInherit)
    i.vTaskSetTimeOutState                   0x08005de8   Section        0  tasks.o(i.vTaskSetTimeOutState)
    i.vTaskStartScheduler                    0x08005e08   Section        0  tasks.o(i.vTaskStartScheduler)
    i.vTaskSuspend                           0x08005e80   Section        0  tasks.o(i.vTaskSuspend)
    i.vTaskSuspendAll                        0x08005f28   Section        0  tasks.o(i.vTaskSuspendAll)
    i.vTaskSwitchContext                     0x08005f38   Section        0  tasks.o(i.vTaskSwitchContext)
    i.xPortStartScheduler                    0x08005fb8   Section        0  port.o(i.xPortStartScheduler)
    i.xQueueGenericCreate                    0x08005ff0   Section        0  queue.o(i.xQueueGenericCreate)
    i.xQueueGenericReceive                   0x08006040   Section        0  queue.o(i.xQueueGenericReceive)
    i.xQueueGenericReset                     0x080061cc   Section        0  queue.o(i.xQueueGenericReset)
    i.xQueueGenericSend                      0x0800624e   Section        0  queue.o(i.xQueueGenericSend)
    i.xQueueGenericSendFromISR               0x080063a8   Section        0  queue.o(i.xQueueGenericSendFromISR)
    i.xQueueGiveFromISR                      0x08006464   Section        0  queue.o(i.xQueueGiveFromISR)
    i.xQueueReceiveFromISR                   0x0800650e   Section        0  queue.o(i.xQueueReceiveFromISR)
    i.xTaskCheckForTimeOut                   0x080065ac   Section        0  tasks.o(i.xTaskCheckForTimeOut)
    i.xTaskCreate                            0x08006620   Section        0  tasks.o(i.xTaskCreate)
    i.xTaskGetSchedulerState                 0x0800667c   Section        0  tasks.o(i.xTaskGetSchedulerState)
    i.xTaskGetTickCount                      0x080066a0   Section        0  tasks.o(i.xTaskGetTickCount)
    i.xTaskGetTickCountFromISR               0x080066ac   Section        0  tasks.o(i.xTaskGetTickCountFromISR)
    i.xTaskIncrementTick                     0x080066b8   Section        0  tasks.o(i.xTaskIncrementTick)
    i.xTaskPriorityDisinherit                0x080067f4   Section        0  tasks.o(i.xTaskPriorityDisinherit)
    i.xTaskRemoveFromEventList               0x0800687c   Section        0  tasks.o(i.xTaskRemoveFromEventList)
    i.xTaskResumeAll                         0x08006904   Section        0  tasks.o(i.xTaskResumeAll)
    i.xTimerCreate                           0x080069f4   Section        0  timers.o(i.xTimerCreate)
    i.xTimerCreateTimerTask                  0x08006a20   Section        0  timers.o(i.xTimerCreateTimerTask)
    i.xTimerGenericCommand                   0x08006a68   Section        0  timers.o(i.xTimerGenericCommand)
    .constdata                               0x08006adc   Section       40  closestool.o(.constdata)
    CHANNEL_OFFSET_TAB                       0x08006adc   Data           5  closestool.o(.constdata)
    OFFSET_TAB_CCMRx                         0x08006ae1   Data           7  closestool.o(.constdata)
    SHIFT_TAB_OCxx                           0x08006ae8   Data           7  closestool.o(.constdata)
    SHIFT_TAB_ICxx                           0x08006aef   Data           7  closestool.o(.constdata)
    SHIFT_TAB_CCxP                           0x08006af6   Data           7  closestool.o(.constdata)
    SHIFT_TAB_OISx                           0x08006afd   Data           7  closestool.o(.constdata)
    .constdata                               0x08006b04   Section       40  remote_control.o(.constdata)
    CHANNEL_OFFSET_TAB                       0x08006b04   Data           5  remote_control.o(.constdata)
    OFFSET_TAB_CCMRx                         0x08006b09   Data           7  remote_control.o(.constdata)
    SHIFT_TAB_OCxx                           0x08006b10   Data           7  remote_control.o(.constdata)
    SHIFT_TAB_ICxx                           0x08006b17   Data           7  remote_control.o(.constdata)
    SHIFT_TAB_CCxP                           0x08006b1e   Data           7  remote_control.o(.constdata)
    SHIFT_TAB_OISx                           0x08006b25   Data           7  remote_control.o(.constdata)
    .constdata                               0x08006b2c   Section      172  main.o(.constdata)
    CHANNEL_OFFSET_TAB                       0x08006b2c   Data           5  main.o(.constdata)
    OFFSET_TAB_CCMRx                         0x08006b31   Data           7  main.o(.constdata)
    SHIFT_TAB_OCxx                           0x08006b38   Data           7  main.o(.constdata)
    SHIFT_TAB_ICxx                           0x08006b3f   Data           7  main.o(.constdata)
    SHIFT_TAB_CCxP                           0x08006b46   Data           7  main.o(.constdata)
    SHIFT_TAB_OISx                           0x08006b4d   Data           7  main.o(.constdata)
    .constdata                               0x08006bd8   Section       40  stm32f0xx_it.o(.constdata)
    CHANNEL_OFFSET_TAB                       0x08006bd8   Data           5  stm32f0xx_it.o(.constdata)
    OFFSET_TAB_CCMRx                         0x08006bdd   Data           7  stm32f0xx_it.o(.constdata)
    SHIFT_TAB_OCxx                           0x08006be4   Data           7  stm32f0xx_it.o(.constdata)
    SHIFT_TAB_ICxx                           0x08006beb   Data           7  stm32f0xx_it.o(.constdata)
    SHIFT_TAB_CCxP                           0x08006bf2   Data           7  stm32f0xx_it.o(.constdata)
    SHIFT_TAB_OISx                           0x08006bf9   Data           7  stm32f0xx_it.o(.constdata)
    .constdata                               0x08006c00   Section       24  system_stm32f0xx.o(.constdata)
    .conststring                             0x08006c18   Section       48  main.o(.conststring)
    .ARM.__AT_0x0800FC00                     0x0800fc00   Section       44  remote_control.o(.ARM.__AT_0x0800FC00)
    .data                                    0x20000000   Section       32  closestool.o(.data)
    .data                                    0x20000020   Section        6  button.o(.data)
    .data                                    0x20000028   Section       12  led.o(.data)
    .data                                    0x20000034   Section       52  remote_control.o(.data)
    .data                                    0x20000068   Section       12  stepper.o(.data)
    .data                                    0x20000074   Section       18  seat_heat.o(.data)
    .data                                    0x20000086   Section        1  fmq.o(.data)
    .data                                    0x20000088   Section       64  main.o(.data)
    .data                                    0x200000c8   Section        9  stm32f0xx_it.o(.data)
    .data                                    0x200000d4   Section        4  stm32f0xx_hal.o(.data)
    .data                                    0x200000d8   Section        4  system_stm32f0xx.o(.data)
    .data                                    0x200000dc   Section       60  tasks.o(.data)
    pxDelayedTaskList                        0x200000e0   Data           4  tasks.o(.data)
    pxOverflowDelayedTaskList                0x200000e4   Data           4  tasks.o(.data)
    uxDeletedTasksWaitingCleanUp             0x200000e8   Data           4  tasks.o(.data)
    uxCurrentNumberOfTasks                   0x200000ec   Data           4  tasks.o(.data)
    xTickCount                               0x200000f0   Data           4  tasks.o(.data)
    uxTopReadyPriority                       0x200000f4   Data           4  tasks.o(.data)
    xSchedulerRunning                        0x200000f8   Data           4  tasks.o(.data)
    uxPendedTicks                            0x200000fc   Data           4  tasks.o(.data)
    xYieldPending                            0x20000100   Data           4  tasks.o(.data)
    xNumOfOverflows                          0x20000104   Data           4  tasks.o(.data)
    uxTaskNumber                             0x20000108   Data           4  tasks.o(.data)
    xNextTaskUnblockTime                     0x2000010c   Data           4  tasks.o(.data)
    xIdleTaskHandle                          0x20000110   Data           4  tasks.o(.data)
    uxSchedulerSuspended                     0x20000114   Data           4  tasks.o(.data)
    .data                                    0x20000118   Section       20  timers.o(.data)
    pxCurrentTimerList                       0x20000118   Data           4  timers.o(.data)
    pxOverflowTimerList                      0x2000011c   Data           4  timers.o(.data)
    xTimerQueue                              0x20000120   Data           4  timers.o(.data)
    xTimerTaskHandle                         0x20000124   Data           4  timers.o(.data)
    xLastTime                                0x20000128   Data           4  timers.o(.data)
    .data                                    0x2000012c   Section       24  heap_4.o(.data)
    xStart                                   0x2000012c   Data           8  heap_4.o(.data)
    pxEnd                                    0x20000134   Data           4  heap_4.o(.data)
    xFreeBytesRemaining                      0x20000138   Data           4  heap_4.o(.data)
    xMinimumEverFreeBytesRemaining           0x2000013c   Data           4  heap_4.o(.data)
    xBlockAllocatedBit                       0x20000140   Data           4  heap_4.o(.data)
    .data                                    0x20000144   Section        4  port.o(.data)
    uxCriticalNesting                        0x20000144   Data           4  port.o(.data)
    .bss                                     0x20000148   Section       76  main.o(.bss)
    .bss                                     0x20000194   Section       10  stm32f0xx_it.o(.bss)
    .bss                                     0x200001a0   Section       64  stm32f0xx_hal_timebase_tim.o(.bss)
    .bss                                     0x200001e0   Section       32  stm32f0xx_hal_flash.o(.bss)
    .bss                                     0x20000200   Section       64  queue.o(.bss)
    .bss                                     0x20000240   Section      240  tasks.o(.bss)
    pxReadyTasksLists                        0x20000240   Data         140  tasks.o(.bss)
    xDelayedTaskList1                        0x200002cc   Data          20  tasks.o(.bss)
    xDelayedTaskList2                        0x200002e0   Data          20  tasks.o(.bss)
    xPendingReadyList                        0x200002f4   Data          20  tasks.o(.bss)
    xTasksWaitingTermination                 0x20000308   Data          20  tasks.o(.bss)
    xSuspendedTaskList                       0x2000031c   Data          20  tasks.o(.bss)
    .bss                                     0x20000330   Section       40  timers.o(.bss)
    xActiveTimerList1                        0x20000330   Data          20  timers.o(.bss)
    xActiveTimerList2                        0x20000344   Data          20  timers.o(.bss)
    .bss                                     0x20000358   Section     4000  heap_4.o(.bss)
    ucHeap                                   0x20000358   Data        4000  heap_4.o(.bss)
    STACK                                    0x200012f8   Section     1024  startup_stm32f030x8.o(STACK)

    Global Symbols

    Symbol Name                              Value     Ov Type        Size  Object(Section)

    BuildAttributes$$THM_ISAv3M$S$PE$A:L22$X:L11$S22$IEEE1$IW$USESV6$~STKCKD$USESV7$~SHL$OSPACE$EBA8$MICROLIB$REQ8$PRES8$EABIv2 0x00000000   Number         0  anon$$obj.o ABSOLUTE
    __ARM_use_no_argv                        0x00000000   Number         0  main.o ABSOLUTE
    __cpp_initialize__aeabi_                  - Undefined Weak Reference
    __cxa_finalize                            - Undefined Weak Reference
    _clock_init                               - Undefined Weak Reference
    _microlib_exit                            - Undefined Weak Reference
    __Vectors_Size                           0x000000b4   Number         0  startup_stm32f030x8.o ABSOLUTE
    __Vectors                                0x08000000   Data           4  startup_stm32f030x8.o(RESET)
    __Vectors_End                            0x080000b4   Data           0  startup_stm32f030x8.o(RESET)
    __main                                   0x080000b5   Thumb Code     0  entry.o(.ARM.Collect$$$$00000000)
    _main_stk                                0x080000b5   Thumb Code     0  entry2.o(.ARM.Collect$$$$00000001)
    _main_scatterload                        0x080000b9   Thumb Code     0  entry5.o(.ARM.Collect$$$$00000004)
    __main_after_scatterload                 0x080000bd   Thumb Code     0  entry5.o(.ARM.Collect$$$$00000004)
    _main_clock                              0x080000bd   Thumb Code     0  entry7b.o(.ARM.Collect$$$$00000008)
    _main_cpp_init                           0x080000bd   Thumb Code     0  entry8b.o(.ARM.Collect$$$$0000000A)
    _main_init                               0x080000bd   Thumb Code     0  entry9a.o(.ARM.Collect$$$$0000000B)
    __rt_final_cpp                           0x080000c5   Thumb Code     0  entry10a.o(.ARM.Collect$$$$0000000D)
    __rt_final_exit                          0x080000c5   Thumb Code     0  entry11a.o(.ARM.Collect$$$$0000000F)
    __asm___6_port_c_39a90d8d__prvPortStartFirstTask 0x080000c9   Thumb Code    36  port.o(.emb_text)
    ulSetInterruptMaskFromISR                0x080000f1   Thumb Code     8  port.o(.emb_text)
    vClearInterruptMaskFromISR               0x080000f9   Thumb Code     6  port.o(.emb_text)
    PendSV_Handler                           0x080000ff   Thumb Code    62  port.o(.emb_text)
    Reset_Handler                            0x08000141   Thumb Code     8  startup_stm32f030x8.o(.text)
    ADC1_IRQHandler                          0x08000153   Thumb Code     0  startup_stm32f030x8.o(.text)
    DMA1_Channel1_IRQHandler                 0x08000153   Thumb Code     0  startup_stm32f030x8.o(.text)
    DMA1_Channel2_3_IRQHandler               0x08000153   Thumb Code     0  startup_stm32f030x8.o(.text)
    DMA1_Channel4_5_IRQHandler               0x08000153   Thumb Code     0  startup_stm32f030x8.o(.text)
    EXTI0_1_IRQHandler                       0x08000153   Thumb Code     0  startup_stm32f030x8.o(.text)
    EXTI2_3_IRQHandler                       0x08000153   Thumb Code     0  startup_stm32f030x8.o(.text)
    EXTI4_15_IRQHandler                      0x08000153   Thumb Code     0  startup_stm32f030x8.o(.text)
    FLASH_IRQHandler                         0x08000153   Thumb Code     0  startup_stm32f030x8.o(.text)
    I2C1_IRQHandler                          0x08000153   Thumb Code     0  startup_stm32f030x8.o(.text)
    I2C2_IRQHandler                          0x08000153   Thumb Code     0  startup_stm32f030x8.o(.text)
    RCC_IRQHandler                           0x08000153   Thumb Code     0  startup_stm32f030x8.o(.text)
    RTC_IRQHandler                           0x08000153   Thumb Code     0  startup_stm32f030x8.o(.text)
    SPI1_IRQHandler                          0x08000153   Thumb Code     0  startup_stm32f030x8.o(.text)
    SPI2_IRQHandler                          0x08000153   Thumb Code     0  startup_stm32f030x8.o(.text)
    TIM15_IRQHandler                         0x08000153   Thumb Code     0  startup_stm32f030x8.o(.text)
    TIM1_BRK_UP_TRG_COM_IRQHandler           0x08000153   Thumb Code     0  startup_stm32f030x8.o(.text)
    TIM1_CC_IRQHandler                       0x08000153   Thumb Code     0  startup_stm32f030x8.o(.text)
    WWDG_IRQHandler                          0x08000153   Thumb Code     0  startup_stm32f030x8.o(.text)
    __aeabi_uidiv                            0x0800015d   Thumb Code     0  uidiv.o(.text)
    __aeabi_uidivmod                         0x0800015d   Thumb Code    44  uidiv.o(.text)
    __aeabi_llsr                             0x08000189   Thumb Code    34  llushr.o(.text)
    _ll_ushift_r                             0x08000189   Thumb Code     0  llushr.o(.text)
    __aeabi_memcpy                           0x080001ab   Thumb Code    36  memcpya.o(.text)
    __aeabi_memcpy4                          0x080001ab   Thumb Code     0  memcpya.o(.text)
    __aeabi_memcpy8                          0x080001ab   Thumb Code     0  memcpya.o(.text)
    __aeabi_memset                           0x080001cf   Thumb Code    14  memseta.o(.text)
    __aeabi_memset4                          0x080001cf   Thumb Code     0  memseta.o(.text)
    __aeabi_memset8                          0x080001cf   Thumb Code     0  memseta.o(.text)
    __aeabi_memclr                           0x080001dd   Thumb Code     4  memseta.o(.text)
    __aeabi_memclr4                          0x080001dd   Thumb Code     0  memseta.o(.text)
    __aeabi_memclr8                          0x080001dd   Thumb Code     0  memseta.o(.text)
    _memset$wrapper                          0x080001e1   Thumb Code    18  memseta.o(.text)
    __scatterload                            0x080001f5   Thumb Code    28  init.o(.text)
    __scatterload_rt2                        0x080001f5   Thumb Code     0  init.o(.text)
    __decompress                             0x08000219   Thumb Code     0  __dczerorl.o(.text)
    __decompress0                            0x08000219   Thumb Code    58  __dczerorl.o(.text)
    Error_Handler                            0x0800043d   Thumb Code     2  main.o(i.Error_Handler)
    FLASH_PageErase                          0x08000469   Thumb Code    34  stm32f0xx_hal_flash_ex.o(i.FLASH_PageErase)
    FLASH_WaitForLastOperation               0x080004fd   Thumb Code   100  stm32f0xx_hal_flash.o(i.FLASH_WaitForLastOperation)
    FMQ                                      0x08000565   Thumb Code    62  fmq.o(i.FMQ)
    FSFStep                                  0x080005b1   Thumb Code   308  stepper.o(i.FSFStep)
    FSFStop                                  0x080006f1   Thumb Code    40  stepper.o(i.FSFStop)
    FSFTo                                    0x0800071d   Thumb Code    98  stepper.o(i.FSFTo)
    HAL_ADC_ConfigChannel                    0x08000789   Thumb Code   374  stm32f0xx_hal_adc.o(i.HAL_ADC_ConfigChannel)
    HAL_ADC_GetValue                         0x08000911   Thumb Code     8  stm32f0xx_hal_adc.o(i.HAL_ADC_GetValue)
    HAL_ADC_Init                             0x08000919   Thumb Code   440  stm32f0xx_hal_adc.o(i.HAL_ADC_Init)
    HAL_ADC_MspInit                          0x08000ad9   Thumb Code   106  stm32f0xx_hal_msp.o(i.HAL_ADC_MspInit)
    HAL_ADC_PollForConversion                0x08000b4d   Thumb Code   228  stm32f0xx_hal_adc.o(i.HAL_ADC_PollForConversion)
    HAL_ADC_Start                            0x08000c31   Thumb Code   114  stm32f0xx_hal_adc.o(i.HAL_ADC_Start)
    HAL_ADC_Stop                             0x08000ca9   Thumb Code    80  stm32f0xx_hal_adc.o(i.HAL_ADC_Stop)
    HAL_FLASHEx_Erase                        0x08000cf9   Thumb Code   160  stm32f0xx_hal_flash_ex.o(i.HAL_FLASHEx_Erase)
    HAL_FLASH_Lock                           0x08000da5   Thumb Code    16  stm32f0xx_hal_flash.o(i.HAL_FLASH_Lock)
    HAL_FLASH_Program                        0x08000db9   Thumb Code   174  stm32f0xx_hal_flash.o(i.HAL_FLASH_Program)
    HAL_FLASH_Unlock                         0x08000e75   Thumb Code    40  stm32f0xx_hal_flash.o(i.HAL_FLASH_Unlock)
    HAL_GPIO_Init                            0x08000ea9   Thumb Code   470  stm32f0xx_hal_gpio.o(i.HAL_GPIO_Init)
    HAL_GetTick                              0x08001099   Thumb Code     6  stm32f0xx_hal.o(i.HAL_GetTick)
    HAL_IncTick                              0x080010a5   Thumb Code    12  stm32f0xx_hal.o(i.HAL_IncTick)
    HAL_Init                                 0x080010b5   Thumb Code    28  stm32f0xx_hal.o(i.HAL_Init)
    HAL_InitTick                             0x080010d5   Thumb Code   124  stm32f0xx_hal_timebase_tim.o(i.HAL_InitTick)
    HAL_MspInit                              0x08001165   Thumb Code    70  stm32f0xx_hal_msp.o(i.HAL_MspInit)
    HAL_NVIC_EnableIRQ                       0x080011b1   Thumb Code    18  stm32f0xx_hal_cortex.o(i.HAL_NVIC_EnableIRQ)
    HAL_NVIC_SetPriority                     0x080011c9   Thumb Code    18  stm32f0xx_hal_cortex.o(i.HAL_NVIC_SetPriority)
    HAL_RCCEx_PeriphCLKConfig                0x080011dd   Thumb Code   322  stm32f0xx_hal_rcc_ex.o(i.HAL_RCCEx_PeriphCLKConfig)
    HAL_RCC_ClockConfig                      0x0800132d   Thumb Code   382  stm32f0xx_hal_rcc.o(i.HAL_RCC_ClockConfig)
    HAL_RCC_GetClockConfig                   0x080014c1   Thumb Code    48  stm32f0xx_hal_rcc.o(i.HAL_RCC_GetClockConfig)
    HAL_RCC_GetHCLKFreq                      0x080014f9   Thumb Code     6  stm32f0xx_hal_rcc.o(i.HAL_RCC_GetHCLKFreq)
    HAL_RCC_GetPCLK1Freq                     0x08001505   Thumb Code    26  stm32f0xx_hal_rcc.o(i.HAL_RCC_GetPCLK1Freq)
    HAL_RCC_GetSysClockFreq                  0x08001529   Thumb Code   150  stm32f0xx_hal_rcc.o(i.HAL_RCC_GetSysClockFreq)
    HAL_RCC_OscConfig                        0x080015ed   Thumb Code  1352  stm32f0xx_hal_rcc.o(i.HAL_RCC_OscConfig)
    HAL_TIMEx_BreakCallback                  0x08001b39   Thumb Code     2  stm32f0xx_hal_tim_ex.o(i.HAL_TIMEx_BreakCallback)
    HAL_TIMEx_CommutationCallback            0x08001b3b   Thumb Code     2  stm32f0xx_hal_tim_ex.o(i.HAL_TIMEx_CommutationCallback)
    HAL_TIM_Base_Init                        0x08001b3d   Thumb Code    56  stm32f0xx_hal_tim.o(i.HAL_TIM_Base_Init)
    HAL_TIM_Base_MspInit                     0x08001b75   Thumb Code     2  stm32f0xx_hal_tim.o(i.HAL_TIM_Base_MspInit)
    HAL_TIM_Base_Start_IT                    0x08001b77   Thumb Code    30  stm32f0xx_hal_tim.o(i.HAL_TIM_Base_Start_IT)
    HAL_TIM_IC_CaptureCallback               0x08001b95   Thumb Code     2  stm32f0xx_hal_tim.o(i.HAL_TIM_IC_CaptureCallback)
    HAL_TIM_IRQHandler                       0x08001b97   Thumb Code   456  stm32f0xx_hal_tim.o(i.HAL_TIM_IRQHandler)
    HAL_TIM_OC_DelayElapsedCallback          0x08001d5f   Thumb Code     2  stm32f0xx_hal_tim.o(i.HAL_TIM_OC_DelayElapsedCallback)
    HAL_TIM_PWM_PulseFinishedCallback        0x08001d61   Thumb Code     2  stm32f0xx_hal_tim.o(i.HAL_TIM_PWM_PulseFinishedCallback)
    HAL_TIM_PeriodElapsedCallback            0x08001d65   Thumb Code    18  main.o(i.HAL_TIM_PeriodElapsedCallback)
    HAL_TIM_TriggerCallback                  0x08001d7d   Thumb Code     2  stm32f0xx_hal_tim.o(i.HAL_TIM_TriggerCallback)
    HardFault_Handler                        0x08001d7f   Thumb Code     4  stm32f0xx_it.o(i.HardFault_Handler)
    LL_GPIO_Init                             0x08001f35   Thumb Code   254  stm32f0xx_ll_gpio.o(i.LL_GPIO_Init)
    LL_RCC_GetSystemClocksFreq               0x0800207d   Thumb Code    28  stm32f0xx_ll_rcc.o(i.LL_RCC_GetSystemClocksFreq)
    LL_RCC_GetUSARTClockFreq                 0x08002099   Thumb Code   112  stm32f0xx_ll_rcc.o(i.LL_RCC_GetUSARTClockFreq)
    LL_TIM_Init                              0x0800215d   Thumb Code   144  stm32f0xx_ll_tim.o(i.LL_TIM_Init)
    LL_USART_Init                            0x0800224d   Thumb Code   134  stm32f0xx_ll_usart.o(i.LL_USART_Init)
    NMI_Handler                              0x08002b79   Thumb Code     2  stm32f0xx_it.o(i.NMI_Handler)
    PJPos                                    0x08002c81   Thumb Code     6  stepper.o(i.PJPos)
    PJStep                                   0x08002c8d   Thumb Code   308  stepper.o(i.PJStep)
    PJStop                                   0x08002dcd   Thumb Code    40  stepper.o(i.PJStop)
    PJTo                                     0x08002df9   Thumb Code   142  stepper.o(i.PJTo)
    RCC_GetHCLKClockFreq                     0x08002e91   Thumb Code    26  stm32f0xx_ll_rcc.o(i.RCC_GetHCLKClockFreq)
    RCC_GetPCLK1ClockFreq                    0x08002eb5   Thumb Code    26  stm32f0xx_ll_rcc.o(i.RCC_GetPCLK1ClockFreq)
    RCC_GetSystemClockFreq                   0x08002ed9   Thumb Code    54  stm32f0xx_ll_rcc.o(i.RCC_GetSystemClockFreq)
    RCC_PLL_GetFreqDomain_SYS                0x08002f19   Thumb Code    86  stm32f0xx_ll_rcc.o(i.RCC_PLL_GetFreqDomain_SYS)
    SVC_Handler                              0x08002f7d   Thumb Code     2  port.o(i.SVC_Handler)
    StartCTR                                 0x08002f81   Thumb Code   354  main.o(i.StartCTR)
    StartDefaultTask                         0x080030fd   Thumb Code   510  main.o(i.StartDefaultTask)
    StartRemoteControl                       0x0800331d   Thumb Code  1586  remote_control.o(i.StartRemoteControl)
    Startclosestool                          0x0800398d   Thumb Code  1170  closestool.o(i.Startclosestool)
    SysTick_Handler                          0x08003e2d   Thumb Code    32  port.o(i.SysTick_Handler)
    SystemClock_Config                       0x08003e51   Thumb Code   128  main.o(i.SystemClock_Config)
    SystemInit                               0x08003ed1   Thumb Code   104  system_stm32f0xx.o(i.SystemInit)
    TIM14_IRQHandler                         0x08003f45   Thumb Code    34  stm32f0xx_it.o(i.TIM14_IRQHandler)
    TIM16_IRQHandler                         0x08003f6d   Thumb Code    50  stm32f0xx_it.o(i.TIM16_IRQHandler)
    TIM17_IRQHandler                         0x08003fa9   Thumb Code    10  stm32f0xx_it.o(i.TIM17_IRQHandler)
    TIM3_IRQHandler                          0x08003fb9   Thumb Code    34  stm32f0xx_it.o(i.TIM3_IRQHandler)
    TIM6_IRQHandler                          0x08003fe9   Thumb Code    34  stm32f0xx_it.o(i.TIM6_IRQHandler)
    TIM_Base_SetConfig                       0x08004011   Thumb Code   136  stm32f0xx_hal_tim.o(i.TIM_Base_SetConfig)
    USART1_IRQHandler                        0x080040b1   Thumb Code   106  stm32f0xx_it.o(i.USART1_IRQHandler)
    USART2_IRQHandler                        0x08004135   Thumb Code   128  stm32f0xx_it.o(i.USART2_IRQHandler)
    __ARM_common_switch8                     0x080041c9   Thumb Code    28  seat_heat.o(i.__ARM_common_switch8)
    __scatterload_copy                       0x080041e5   Thumb Code    14  handlers.o(i.__scatterload_copy)
    __scatterload_null                       0x080041f3   Thumb Code     2  handlers.o(i.__scatterload_null)
    __scatterload_zeroinit                   0x080041f5   Thumb Code    14  handlers.o(i.__scatterload_zeroinit)
    buttonLoop                               0x08004205   Thumb Code   436  button.o(i.buttonLoop)
    fsfStart                                 0x080043c9   Thumb Code   112  stepper.o(i.fsfStart)
    hotWaterLoop                             0x08004441   Thumb Code   256  closestool.o(i.hotWaterLoop)
    ledLoop                                  0x08004581   Thumb Code   138  led.o(i.ledLoop)
    ledSetOn                                 0x08004619   Thumb Code   162  led.o(i.ledSetOn)
    main                                     0x080046c1   Thumb Code   432  main.o(i.main)
    osDelay                                  0x080048c7   Thumb Code    26  cmsis_os.o(i.osDelay)
    osKernelStart                            0x080048e1   Thumb Code    10  cmsis_os.o(i.osKernelStart)
    osKernelSysTick                          0x080048eb   Thumb Code    22  cmsis_os.o(i.osKernelSysTick)
    osMessageCreate                          0x08004901   Thumb Code    18  cmsis_os.o(i.osMessageCreate)
    osMessageGet                             0x08004915   Thumb Code   158  cmsis_os.o(i.osMessageGet)
    osMessagePut                             0x080049b9   Thumb Code    90  cmsis_os.o(i.osMessagePut)
    osSemaphoreCreate                        0x08004a19   Thumb Code    46  cmsis_os.o(i.osSemaphoreCreate)
    osSemaphoreRelease                       0x08004a49   Thumb Code    72  cmsis_os.o(i.osSemaphoreRelease)
    osSemaphoreWait                          0x08004a95   Thumb Code   108  cmsis_os.o(i.osSemaphoreWait)
    osThreadCreate                           0x08004b05   Thumb Code    48  cmsis_os.o(i.osThreadCreate)
    osThreadSuspend                          0x08004b35   Thumb Code    14  cmsis_os.o(i.osThreadSuspend)
    osTimerCreate                            0x08004b45   Thumb Code    36  cmsis_os.o(i.osTimerCreate)
    osTimerStart                             0x08004b6d   Thumb Code    94  cmsis_os.o(i.osTimerStart)
    osTimerStop                              0x08004bd1   Thumb Code    84  cmsis_os.o(i.osTimerStop)
    pjStart                                  0x08004c29   Thumb Code   112  stepper.o(i.pjStart)
    pvPortMalloc                             0x080055dd   Thumb Code   264  heap_4.o(i.pvPortMalloc)
    pvTaskIncrementMutexHeldCount            0x080056f9   Thumb Code    28  tasks.o(i.pvTaskIncrementMutexHeldCount)
    pxPortInitialiseStack                    0x08005719   Thumb Code    26  port.o(i.pxPortInitialiseStack)
    sitLoop                                  0x08005739   Thumb Code   408  seat_heat.o(i.sitLoop)
    startIsSit                               0x08005901   Thumb Code   170  seat_heat.o(i.startIsSit)
    stepperInit                              0x080059c1   Thumb Code   208  stepper.o(i.stepperInit)
    uxListRemove                             0x08005a9d   Thumb Code    40  list.o(i.uxListRemove)
    vListInitialise                          0x08005ac5   Thumb Code    26  list.o(i.vListInitialise)
    vListInitialiseItem                      0x08005adf   Thumb Code     6  list.o(i.vListInitialiseItem)
    vListInsert                              0x08005ae5   Thumb Code    54  list.o(i.vListInsert)
    vListInsertEnd                           0x08005b1b   Thumb Code    24  list.o(i.vListInsertEnd)
    vPortEnterCritical                       0x08005b35   Thumb Code    22  port.o(i.vPortEnterCritical)
    vPortExitCritical                        0x08005b51   Thumb Code    36  port.o(i.vPortExitCritical)
    vPortFree                                0x08005b79   Thumb Code   120  heap_4.o(i.vPortFree)
    vPortSetupTimerInterrupt                 0x08005bf9   Thumb Code    26  port.o(i.vPortSetupTimerInterrupt)
    vPortYield                               0x08005c1d   Thumb Code    18  port.o(i.vPortYield)
    vQueueAddToRegistry                      0x08005c35   Thumb Code    40  queue.o(i.vQueueAddToRegistry)
    vQueueWaitForMessageRestricted           0x08005c61   Thumb Code    76  queue.o(i.vQueueWaitForMessageRestricted)
    vTaskDelay                               0x08005cad   Thumb Code    62  tasks.o(i.vTaskDelay)
    vTaskMissedYield                         0x08005cf1   Thumb Code     8  tasks.o(i.vTaskMissedYield)
    vTaskPlaceOnEventList                    0x08005cfd   Thumb Code    38  tasks.o(i.vTaskPlaceOnEventList)
    vTaskPlaceOnEventListRestricted          0x08005d29   Thumb Code    48  tasks.o(i.vTaskPlaceOnEventListRestricted)
    vTaskPriorityInherit                     0x08005d5d   Thumb Code   128  tasks.o(i.vTaskPriorityInherit)
    vTaskSetTimeOutState                     0x08005de9   Thumb Code    24  tasks.o(i.vTaskSetTimeOutState)
    vTaskStartScheduler                      0x08005e09   Thumb Code    90  tasks.o(i.vTaskStartScheduler)
    vTaskSuspend                             0x08005e81   Thumb Code   146  tasks.o(i.vTaskSuspend)
    vTaskSuspendAll                          0x08005f29   Thumb Code    12  tasks.o(i.vTaskSuspendAll)
    vTaskSwitchContext                       0x08005f39   Thumb Code   108  tasks.o(i.vTaskSwitchContext)
    xPortStartScheduler                      0x08005fb9   Thumb Code    48  port.o(i.xPortStartScheduler)
    xQueueGenericCreate                      0x08005ff1   Thumb Code    80  queue.o(i.xQueueGenericCreate)
    xQueueGenericReceive                     0x08006041   Thumb Code   396  queue.o(i.xQueueGenericReceive)
    xQueueGenericReset                       0x080061cd   Thumb Code   130  queue.o(i.xQueueGenericReset)
    xQueueGenericSend                        0x0800624f   Thumb Code   346  queue.o(i.xQueueGenericSend)
    xQueueGenericSendFromISR                 0x080063a9   Thumb Code   188  queue.o(i.xQueueGenericSendFromISR)
    xQueueGiveFromISR                        0x08006465   Thumb Code   170  queue.o(i.xQueueGiveFromISR)
    xQueueReceiveFromISR                     0x0800650f   Thumb Code   158  queue.o(i.xQueueReceiveFromISR)
    xTaskCheckForTimeOut                     0x080065ad   Thumb Code   106  tasks.o(i.xTaskCheckForTimeOut)
    xTaskCreate                              0x08006621   Thumb Code    92  tasks.o(i.xTaskCreate)
    xTaskGetSchedulerState                   0x0800667d   Thumb Code    28  tasks.o(i.xTaskGetSchedulerState)
    xTaskGetTickCount                        0x080066a1   Thumb Code     6  tasks.o(i.xTaskGetTickCount)
    xTaskGetTickCountFromISR                 0x080066ad   Thumb Code     8  tasks.o(i.xTaskGetTickCountFromISR)
    xTaskIncrementTick                       0x080066b9   Thumb Code   270  tasks.o(i.xTaskIncrementTick)
    xTaskPriorityDisinherit                  0x080067f5   Thumb Code   124  tasks.o(i.xTaskPriorityDisinherit)
    xTaskRemoveFromEventList                 0x0800687d   Thumb Code   112  tasks.o(i.xTaskRemoveFromEventList)
    xTaskResumeAll                           0x08006905   Thumb Code   206  tasks.o(i.xTaskResumeAll)
    xTimerCreate                             0x080069f5   Thumb Code    44  timers.o(i.xTimerCreate)
    xTimerCreateTimerTask                    0x08006a21   Thumb Code    52  timers.o(i.xTimerCreateTimerTask)
    xTimerGenericCommand                     0x08006a69   Thumb Code   110  timers.o(i.xTimerGenericCommand)
    AHBPrescTable                            0x08006c00   Data          16  system_stm32f0xx.o(.constdata)
    APBPrescTable                            0x08006c10   Data           8  system_stm32f0xx.o(.constdata)
    Region$$Table$$Base                      0x08006c48   Number         0  anon$$obj.o(Region$$Table)
    Region$$Table$$Limit                     0x08006c68   Number         0  anon$$obj.o(Region$$Table)
    rtFlashDefualtValue                      0x0800fc00   Data          44  remote_control.o(.ARM.__AT_0x0800FC00)
    isBottom                                 0x20000000   Data           1  closestool.o(.data)
    hasReceive                               0x20000001   Data           1  closestool.o(.data)
    EIWHReceiveData                          0x20000002   Data           8  closestool.o(.data)
    receiveWrongTime                         0x2000000a   Data           1  closestool.o(.data)
    EIWHsendData                             0x2000000b   Data           8  closestool.o(.data)
    closeHotWater                            0x20000013   Data           1  closestool.o(.data)
    closeHotWaterCount                       0x20000014   Data           1  closestool.o(.data)
    _closestoolState                         0x20000015   Data           1  closestool.o(.data)
    endTick                                  0x20000018   Data           4  closestool.o(.data)
    nowTick                                  0x2000001c   Data           4  closestool.o(.data)
    _buttonAj2Chang                          0x20000020   Data           2  button.o(.data)
    buttons                                  0x20000022   Data           4  button.o(.data)
    Leds                                     0x20000028   Data           3  led.o(.data)
    ledBlinkParMs                            0x2000002c   Data           4  led.o(.data)
    _ledBlinkLastDo                          0x20000030   Data           4  led.o(.data)
    remoteCtrlAdd                            0x20000034   Data           2  remote_control.o(.data)
    remoteCtrlBackData                       0x20000036   Data          32  remote_control.o(.data)
    waterTemperature                         0x20000056   Data           1  remote_control.o(.data)
    windWarm                                 0x20000057   Data           1  remote_control.o(.data)
    pjpos                                    0x20000058   Data           1  remote_control.o(.data)
    FSFpos                                   0x20000059   Data           1  remote_control.o(.data)
    setTemperature                           0x2000005a   Data           1  remote_control.o(.data)
    message                                  0x2000005b   Data           1  remote_control.o(.data)
    startHotWater                            0x2000005c   Data           1  remote_control.o(.data)
    ledZM                                    0x2000005d   Data           1  remote_control.o(.data)
    jkListRead                               0x20000060   Data           4  remote_control.o(.data)
    jkListWrite                              0x20000064   Data           4  remote_control.o(.data)
    _pj                                      0x20000068   Data           6  stepper.o(.data)
    _fsf                                     0x2000006e   Data           6  stepper.o(.data)
    isSit                                    0x20000074   Data           1  seat_heat.o(.data)
    _sitDataPos                              0x20000075   Data           1  seat_heat.o(.data)
    tmin                                     0x20000078   Data           4  seat_heat.o(.data)
    tmax                                     0x2000007c   Data           4  seat_heat.o(.data)
    tsum                                     0x20000080   Data           4  seat_heat.o(.data)
    noSitCount                               0x20000084   Data           2  seat_heat.o(.data)
    _fmqBusy                                 0x20000086   Data           1  fmq.o(.data)
    is_noAC                                  0x20000088   Data           1  main.o(.data)
    clearState                               0x20000089   Data           1  main.o(.data)
    timeStamp                                0x2000008c   Data           4  main.o(.data)
    defaultTaskHandle                        0x20000090   Data           4  main.o(.data)
    RCTaskHandle                             0x20000094   Data           4  main.o(.data)
    closestoolTaskHandle                     0x20000098   Data           4  main.o(.data)
    ctRecordHandle                           0x2000009c   Data           4  main.o(.data)
    clearQueHandle                           0x200000a0   Data           4  main.o(.data)
    ctrlQueHandle                            0x200000a4   Data           4  main.o(.data)
    sCtrlQueHandle                           0x200000a8   Data           4  main.o(.data)
    jkQueHandle                              0x200000ac   Data           4  main.o(.data)
    buttonTimerHandle                        0x200000b0   Data           4  main.o(.data)
    ledTimerHandle                           0x200000b4   Data           4  main.o(.data)
    hotwaterHandle                           0x200000b8   Data           4  main.o(.data)
    sitTimeHandle                            0x200000bc   Data           4  main.o(.data)
    hasSitHandle                             0x200000c0   Data           4  main.o(.data)
    RCTigHandle                              0x200000c4   Data           4  main.o(.data)
    remoteCtrlPos                            0x200000c8   Data           1  stm32f0xx_it.o(.data)
    usart1_last                              0x200000cc   Data           4  stm32f0xx_it.o(.data)
    usart1RxPos                              0x200000d0   Data           1  stm32f0xx_it.o(.data)
    uwTick                                   0x200000d4   Data           4  stm32f0xx_hal.o(.data)
    SystemCoreClock                          0x200000d8   Data           4  system_stm32f0xx.o(.data)
    pxCurrentTCB                             0x200000dc   Data           4  tasks.o(.data)
    hadc                                     0x20000148   Data          76  main.o(.bss)
    remoteCtrlData                           0x20000194   Data          10  stm32f0xx_it.o(.bss)
    htim17                                   0x200001a0   Data          64  stm32f0xx_hal_timebase_tim.o(.bss)
    pFlash                                   0x200001e0   Data          32  stm32f0xx_hal_flash.o(.bss)
    xQueueRegistry                           0x20000200   Data          64  queue.o(.bss)
    __initial_sp                             0x200016f8   Data           0  startup_stm32f030x8.o(STACK)



==============================================================================

Memory Map of the image

  Image Entry point : 0x080000b5

  Load Region LR_IROM1 (Base: 0x08000000, Size: 0x0000fd74, Max: 0x00010000, ABSOLUTE, COMPRESSED[0x0000fc50])

    Execution Region ER_IROM1 (Base: 0x08000000, Size: 0x0000fc2c, Max: 0x00010000, ABSOLUTE)

    Base Addr    Size         Type   Attr      Idx    E Section Name        Object

    0x08000000   0x000000b4   Data   RO            3    RESET               startup_stm32f030x8.o
    0x080000b4   0x00000000   Code   RO         5117  * .ARM.Collect$$$$00000000  mc_p.l(entry.o)
    0x080000b4   0x00000004   Code   RO         5130    .ARM.Collect$$$$00000001  mc_p.l(entry2.o)
    0x080000b8   0x00000004   Code   RO         5133    .ARM.Collect$$$$00000004  mc_p.l(entry5.o)
    0x080000bc   0x00000000   Code   RO         5135    .ARM.Collect$$$$00000008  mc_p.l(entry7b.o)
    0x080000bc   0x00000000   Code   RO         5137    .ARM.Collect$$$$0000000A  mc_p.l(entry8b.o)
    0x080000bc   0x00000008   Code   RO         5138    .ARM.Collect$$$$0000000B  mc_p.l(entry9a.o)
    0x080000c4   0x00000000   Code   RO         5140    .ARM.Collect$$$$0000000D  mc_p.l(entry10a.o)
    0x080000c4   0x00000000   Code   RO         5142    .ARM.Collect$$$$0000000F  mc_p.l(entry11a.o)
    0x080000c4   0x00000004   Code   RO         5131    .ARM.Collect$$$$00002712  mc_p.l(entry2.o)
    0x080000c8   0x00000078   Code   RO         5046    .emb_text           port.o
    0x08000140   0x0000001c   Code   RO            4    .text               startup_stm32f030x8.o
    0x0800015c   0x0000002c   Code   RO         5120    .text               mc_p.l(uidiv.o)
    0x08000188   0x00000022   Code   RO         5122    .text               mc_p.l(llushr.o)
    0x080001aa   0x00000024   Code   RO         5124    .text               mc_p.l(memcpya.o)
    0x080001ce   0x00000024   Code   RO         5126    .text               mc_p.l(memseta.o)
    0x080001f2   0x00000002   PAD
    0x080001f4   0x00000024   Code   RO         5144    .text               mc_p.l(init.o)
    0x08000218   0x0000003a   Code   RO         5154    .text               mc_p.l(__dczerorl.o)
    0x08000252   0x0000006c   Code   RO         1086    i.ADC_ConversionStop  stm32f0xx_hal_adc.o
    0x080002be   0x000000aa   Code   RO         1090    i.ADC_Disable       stm32f0xx_hal_adc.o
    0x08000368   0x000000d4   Code   RO         1091    i.ADC_Enable        stm32f0xx_hal_adc.o
    0x0800043c   0x00000002   Code   RO          606    i.Error_Handler     main.o
    0x0800043e   0x00000002   PAD
    0x08000440   0x00000028   Code   RO         3670    i.FLASH_MassErase   stm32f0xx_hal_flash_ex.o
    0x08000468   0x0000002c   Code   RO         3679    i.FLASH_PageErase   stm32f0xx_hal_flash_ex.o
    0x08000494   0x00000020   Code   RO         3571    i.FLASH_Program_HalfWord  stm32f0xx_hal_flash.o
    0x080004b4   0x00000048   Code   RO         3572    i.FLASH_SetErrorCode  stm32f0xx_hal_flash.o
    0x080004fc   0x00000068   Code   RO         3573    i.FLASH_WaitForLastOperation  stm32f0xx_hal_flash.o
    0x08000564   0x0000004c   Code   RO          576    i.FMQ               fmq.o
    0x080005b0   0x00000140   Code   RO          417    i.FSFStep           stepper.o
    0x080006f0   0x0000002c   Code   RO          418    i.FSFStop           stepper.o
    0x0800071c   0x0000006c   Code   RO          419    i.FSFTo             stepper.o
    0x08000788   0x00000188   Code   RO         1093    i.HAL_ADC_ConfigChannel  stm32f0xx_hal_adc.o
    0x08000910   0x00000008   Code   RO         1100    i.HAL_ADC_GetValue  stm32f0xx_hal_adc.o
    0x08000918   0x000001c0   Code   RO         1102    i.HAL_ADC_Init      stm32f0xx_hal_adc.o
    0x08000ad8   0x00000074   Code   RO          970    i.HAL_ADC_MspInit   stm32f0xx_hal_msp.o
    0x08000b4c   0x000000e4   Code   RO         1106    i.HAL_ADC_PollForConversion  stm32f0xx_hal_adc.o
    0x08000c30   0x00000078   Code   RO         1108    i.HAL_ADC_Start     stm32f0xx_hal_adc.o
    0x08000ca8   0x00000050   Code   RO         1111    i.HAL_ADC_Stop      stm32f0xx_hal_adc.o
    0x08000cf8   0x000000ac   Code   RO         3680    i.HAL_FLASHEx_Erase  stm32f0xx_hal_flash_ex.o
    0x08000da4   0x00000014   Code   RO         3577    i.HAL_FLASH_Lock    stm32f0xx_hal_flash.o
    0x08000db8   0x000000bc   Code   RO         3582    i.HAL_FLASH_Program  stm32f0xx_hal_flash.o
    0x08000e74   0x00000034   Code   RO         3584    i.HAL_FLASH_Unlock  stm32f0xx_hal_flash.o
    0x08000ea8   0x000001f0   Code   RO         3222    i.HAL_GPIO_Init     stm32f0xx_hal_gpio.o
    0x08001098   0x0000000c   Code   RO         2629    i.HAL_GetTick       stm32f0xx_hal.o
    0x080010a4   0x00000010   Code   RO         2633    i.HAL_IncTick       stm32f0xx_hal.o
    0x080010b4   0x00000020   Code   RO         2634    i.HAL_Init          stm32f0xx_hal.o
    0x080010d4   0x00000090   Code   RO         1003    i.HAL_InitTick      stm32f0xx_hal_timebase_tim.o
    0x08001164   0x0000004c   Code   RO          971    i.HAL_MspInit       stm32f0xx_hal_msp.o
    0x080011b0   0x00000018   Code   RO         3379    i.HAL_NVIC_EnableIRQ  stm32f0xx_hal_cortex.o
    0x080011c8   0x00000012   Code   RO         3383    i.HAL_NVIC_SetPriority  stm32f0xx_hal_cortex.o
    0x080011da   0x00000002   PAD
    0x080011dc   0x00000150   Code   RO         2590    i.HAL_RCCEx_PeriphCLKConfig  stm32f0xx_hal_rcc_ex.o
    0x0800132c   0x00000194   Code   RO         2497    i.HAL_RCC_ClockConfig  stm32f0xx_hal_rcc.o
    0x080014c0   0x00000038   Code   RO         2501    i.HAL_RCC_GetClockConfig  stm32f0xx_hal_rcc.o
    0x080014f8   0x0000000c   Code   RO         2502    i.HAL_RCC_GetHCLKFreq  stm32f0xx_hal_rcc.o
    0x08001504   0x00000024   Code   RO         2504    i.HAL_RCC_GetPCLK1Freq  stm32f0xx_hal_rcc.o
    0x08001528   0x000000c4   Code   RO         2505    i.HAL_RCC_GetSysClockFreq  stm32f0xx_hal_rcc.o
    0x080015ec   0x0000054c   Code   RO         2508    i.HAL_RCC_OscConfig  stm32f0xx_hal_rcc.o
    0x08001b38   0x00000002   Code   RO         1969    i.HAL_TIMEx_BreakCallback  stm32f0xx_hal_tim_ex.o
    0x08001b3a   0x00000002   Code   RO         1970    i.HAL_TIMEx_CommutationCallback  stm32f0xx_hal_tim_ex.o
    0x08001b3c   0x00000038   Code   RO         1321    i.HAL_TIM_Base_Init  stm32f0xx_hal_tim.o
    0x08001b74   0x00000002   Code   RO         1323    i.HAL_TIM_Base_MspInit  stm32f0xx_hal_tim.o
    0x08001b76   0x0000001e   Code   RO         1326    i.HAL_TIM_Base_Start_IT  stm32f0xx_hal_tim.o
    0x08001b94   0x00000002   Code   RO         1352    i.HAL_TIM_IC_CaptureCallback  stm32f0xx_hal_tim.o
    0x08001b96   0x000001c8   Code   RO         1365    i.HAL_TIM_IRQHandler  stm32f0xx_hal_tim.o
    0x08001d5e   0x00000002   Code   RO         1368    i.HAL_TIM_OC_DelayElapsedCallback  stm32f0xx_hal_tim.o
    0x08001d60   0x00000002   Code   RO         1395    i.HAL_TIM_PWM_PulseFinishedCallback  stm32f0xx_hal_tim.o
    0x08001d62   0x00000002   PAD
    0x08001d64   0x00000018   Code   RO          607    i.HAL_TIM_PeriodElapsedCallback  main.o
    0x08001d7c   0x00000002   Code   RO         1406    i.HAL_TIM_TriggerCallback  stm32f0xx_hal_tim.o
    0x08001d7e   0x00000004   Code   RO          850    i.HardFault_Handler  stm32f0xx_it.o
    0x08001d82   0x00000002   PAD
    0x08001d84   0x0000001c   Code   RO          608    i.LL_AHB1_GRP1_EnableClock  main.o
    0x08001da0   0x0000001c   Code   RO          609    i.LL_APB1_GRP1_EnableClock  main.o
    0x08001dbc   0x0000001c   Code   RO          610    i.LL_APB1_GRP2_EnableClock  main.o
    0x08001dd8   0x0000001c   Code   RO           13    i.LL_DMA_DisableChannel  closestool.o
    0x08001df4   0x0000001c   Code   RO          365    i.LL_DMA_DisableChannel  remote_control.o
    0x08001e10   0x0000001c   Code   RO          851    i.LL_DMA_DisableChannel  stm32f0xx_it.o
    0x08001e2c   0x00000020   Code   RO          611    i.LL_DMA_SetChannelPriorityLevel  main.o
    0x08001e4c   0x00000024   Code   RO          366    i.LL_DMA_SetDataLength  remote_control.o
    0x08001e70   0x00000024   Code   RO          612    i.LL_DMA_SetDataTransferDirection  main.o
    0x08001e94   0x00000020   Code   RO          613    i.LL_DMA_SetMemoryIncMode  main.o
    0x08001eb4   0x00000020   Code   RO          614    i.LL_DMA_SetMemorySize  main.o
    0x08001ed4   0x00000020   Code   RO          615    i.LL_DMA_SetMode    main.o
    0x08001ef4   0x00000020   Code   RO          616    i.LL_DMA_SetPeriphIncMode  main.o
    0x08001f14   0x00000020   Code   RO          617    i.LL_DMA_SetPeriphSize  main.o
    0x08001f34   0x000000fe   Code   RO         1041    i.LL_GPIO_Init      stm32f0xx_ll_gpio.o
    0x08002032   0x00000012   Code   RO          258    i.LL_GPIO_IsInputPinSet  button.o
    0x08002044   0x00000004   Code   RO           14    i.LL_GPIO_ResetOutputPin  closestool.o
    0x08002048   0x00000004   Code   RO          308    i.LL_GPIO_ResetOutputPin  led.o
    0x0800204c   0x00000004   Code   RO          367    i.LL_GPIO_ResetOutputPin  remote_control.o
    0x08002050   0x00000004   Code   RO          420    i.LL_GPIO_ResetOutputPin  stepper.o
    0x08002054   0x00000004   Code   RO          527    i.LL_GPIO_ResetOutputPin  seat_heat.o
    0x08002058   0x00000004   Code   RO          618    i.LL_GPIO_ResetOutputPin  main.o
    0x0800205c   0x00000004   Code   RO           15    i.LL_GPIO_SetOutputPin  closestool.o
    0x08002060   0x00000004   Code   RO          309    i.LL_GPIO_SetOutputPin  led.o
    0x08002064   0x00000004   Code   RO          368    i.LL_GPIO_SetOutputPin  remote_control.o
    0x08002068   0x00000004   Code   RO          421    i.LL_GPIO_SetOutputPin  stepper.o
    0x0800206c   0x00000004   Code   RO          528    i.LL_GPIO_SetOutputPin  seat_heat.o
    0x08002070   0x00000004   Code   RO          619    i.LL_GPIO_SetOutputPin  main.o
    0x08002074   0x00000008   Code   RO          310    i.LL_GPIO_TogglePin  led.o
    0x0800207c   0x0000001c   Code   RO         2428    i.LL_RCC_GetSystemClocksFreq  stm32f0xx_ll_rcc.o
    0x08002098   0x00000078   Code   RO         2429    i.LL_RCC_GetUSARTClockFreq  stm32f0xx_ll_rcc.o
    0x08002110   0x00000010   Code   RO         2430    i.LL_RCC_HSI_IsReady  stm32f0xx_ll_rcc.o
    0x08002120   0x00000008   Code   RO          852    i.LL_TIM_ClearFlag_UPDATE  stm32f0xx_it.o
    0x08002128   0x0000000a   Code   RO          620    i.LL_TIM_DisableARRPreload  main.o
    0x08002132   0x0000000a   Code   RO          422    i.LL_TIM_DisableCounter  stepper.o
    0x0800213c   0x0000000a   Code   RO          853    i.LL_TIM_DisableCounter  stm32f0xx_it.o
    0x08002146   0x0000000a   Code   RO          423    i.LL_TIM_EnableCounter  stepper.o
    0x08002150   0x0000000a   Code   RO          424    i.LL_TIM_EnableIT_UPDATE  stepper.o
    0x0800215a   0x00000002   PAD
    0x0800215c   0x000000a8   Code   RO         2221    i.LL_TIM_Init       stm32f0xx_ll_tim.o
    0x08002204   0x00000010   Code   RO          854    i.LL_TIM_IsActiveFlag_UPDATE  stm32f0xx_it.o
    0x08002214   0x00000004   Code   RO           16    i.LL_TIM_SetAutoReload  closestool.o
    0x08002218   0x00000014   Code   RO          621    i.LL_USART_ConfigAsyncMode  main.o
    0x0800222c   0x0000000c   Code   RO          622    i.LL_USART_DisableIT_CTS  main.o
    0x08002238   0x0000000a   Code   RO          855    i.LL_USART_DisableIT_TC  stm32f0xx_it.o
    0x08002242   0x0000000a   Code   RO          623    i.LL_USART_Enable   main.o
    0x0800224c   0x00000094   Code   RO         2372    i.LL_USART_Init     stm32f0xx_ll_usart.o
    0x080022e0   0x0000000c   Code   RO          856    i.LL_USART_IsActiveFlag_TC  stm32f0xx_it.o
    0x080022ec   0x00000010   Code   RO         2373    i.LL_USART_IsEnabled  stm32f0xx_ll_usart.o
    0x080022fc   0x00000058   Code   RO         2374    i.LL_USART_SetBaudRate  stm32f0xx_ll_usart.o
    0x08002354   0x00000074   Code   RO          624    i.MX_ADC_Init       main.o
    0x080023c8   0x00000026   Code   RO          625    i.MX_DMA_Init       main.o
    0x080023ee   0x00000002   PAD
    0x080023f0   0x00000434   Code   RO          626    i.MX_GPIO_Init      main.o
    0x08002824   0x0000004c   Code   RO          627    i.MX_TIM14_Init     main.o
    0x08002870   0x00000058   Code   RO          628    i.MX_TIM16_Init     main.o
    0x080028c8   0x00000060   Code   RO          629    i.MX_TIM3_Init      main.o
    0x08002928   0x00000048   Code   RO          630    i.MX_TIM6_Init      main.o
    0x08002970   0x00000100   Code   RO          631    i.MX_USART1_UART_Init  main.o
    0x08002a70   0x00000108   Code   RO          632    i.MX_USART2_UART_Init  main.o
    0x08002b78   0x00000002   Code   RO          857    i.NMI_Handler       stm32f0xx_it.o
    0x08002b7a   0x00000002   PAD
    0x08002b7c   0x00000014   Code   RO          633    i.NVIC_EnableIRQ    main.o
    0x08002b90   0x00000078   Code   RO          634    i.NVIC_SetPriority  main.o
    0x08002c08   0x00000078   Code   RO         3389    i.NVIC_SetPriority  stm32f0xx_hal_cortex.o
    0x08002c80   0x0000000c   Code   RO          425    i.PJPos             stepper.o
    0x08002c8c   0x00000140   Code   RO          426    i.PJStep            stepper.o
    0x08002dcc   0x0000002c   Code   RO          427    i.PJStop            stepper.o
    0x08002df8   0x00000098   Code   RO          428    i.PJTo              stepper.o
    0x08002e90   0x00000024   Code   RO         2431    i.RCC_GetHCLKClockFreq  stm32f0xx_ll_rcc.o
    0x08002eb4   0x00000024   Code   RO         2432    i.RCC_GetPCLK1ClockFreq  stm32f0xx_ll_rcc.o
    0x08002ed8   0x00000040   Code   RO         2433    i.RCC_GetSystemClockFreq  stm32f0xx_ll_rcc.o
    0x08002f18   0x00000064   Code   RO         2434    i.RCC_PLL_GetFreqDomain_SYS  stm32f0xx_ll_rcc.o
    0x08002f7c   0x00000002   Code   RO         5047    i.SVC_Handler       port.o
    0x08002f7e   0x00000002   PAD
    0x08002f80   0x0000017c   Code   RO          635    i.StartCTR          main.o
    0x080030fc   0x00000220   Code   RO          636    i.StartDefaultTask  main.o
    0x0800331c   0x00000670   Code   RO          369    i.StartRemoteControl  remote_control.o
    0x0800398c   0x000004a0   Code   RO           17    i.Startclosestool   closestool.o
    0x08003e2c   0x00000024   Code   RO         5048    i.SysTick_Handler   port.o
    0x08003e50   0x00000080   Code   RO          637    i.SystemClock_Config  main.o
    0x08003ed0   0x00000074   Code   RO         3931    i.SystemInit        system_stm32f0xx.o
    0x08003f44   0x00000028   Code   RO          858    i.TIM14_IRQHandler  stm32f0xx_it.o
    0x08003f6c   0x0000003c   Code   RO          859    i.TIM16_IRQHandler  stm32f0xx_it.o
    0x08003fa8   0x00000010   Code   RO          860    i.TIM17_IRQHandler  stm32f0xx_it.o
    0x08003fb8   0x00000030   Code   RO          861    i.TIM3_IRQHandler   stm32f0xx_it.o
    0x08003fe8   0x00000028   Code   RO          862    i.TIM6_IRQHandler   stm32f0xx_it.o
    0x08004010   0x000000a0   Code   RO         1407    i.TIM_Base_SetConfig  stm32f0xx_hal_tim.o
    0x080040b0   0x00000084   Code   RO          863    i.USART1_IRQHandler  stm32f0xx_it.o
    0x08004134   0x00000094   Code   RO          864    i.USART2_IRQHandler  stm32f0xx_it.o
    0x080041c8   0x0000001c   Code   RO          562    i.__ARM_common_switch8  seat_heat.o
    0x080041e4   0x0000000e   Code   RO         5148    i.__scatterload_copy  mc_p.l(handlers.o)
    0x080041f2   0x00000002   Code   RO         5149    i.__scatterload_null  mc_p.l(handlers.o)
    0x080041f4   0x0000000e   Code   RO         5150    i.__scatterload_zeroinit  mc_p.l(handlers.o)
    0x08004202   0x00000002   PAD
    0x08004204   0x000001c4   Code   RO          259    i.buttonLoop        button.o
    0x080043c8   0x00000078   Code   RO          429    i.fsfStart          stepper.o
    0x08004440   0x0000012c   Code   RO           18    i.hotWaterLoop      closestool.o
    0x0800456c   0x00000012   Code   RO         4642    i.inHandlerMode     cmsis_os.o
    0x0800457e   0x00000002   PAD
    0x08004580   0x00000098   Code   RO          311    i.ledLoop           led.o
    0x08004618   0x000000a8   Code   RO          313    i.ledSetOn          led.o
    0x080046c0   0x000001f8   Code   RO          638    i.main              main.o
    0x080048b8   0x0000000e   Code   RO         4643    i.makeFreeRtosPriority  cmsis_os.o
    0x080048c6   0x0000001a   Code   RO         4645    i.osDelay           cmsis_os.o
    0x080048e0   0x0000000a   Code   RO         4648    i.osKernelStart     cmsis_os.o
    0x080048ea   0x00000016   Code   RO         4649    i.osKernelSysTick   cmsis_os.o
    0x08004900   0x00000012   Code   RO         4657    i.osMessageCreate   cmsis_os.o
    0x08004912   0x00000002   PAD
    0x08004914   0x000000a4   Code   RO         4659    i.osMessageGet      cmsis_os.o
    0x080049b8   0x00000060   Code   RO         4661    i.osMessagePut      cmsis_os.o
    0x08004a18   0x0000002e   Code   RO         4674    i.osSemaphoreCreate  cmsis_os.o
    0x08004a46   0x00000002   PAD
    0x08004a48   0x0000004c   Code   RO         4677    i.osSemaphoreRelease  cmsis_os.o
    0x08004a94   0x00000070   Code   RO         4678    i.osSemaphoreWait   cmsis_os.o
    0x08004b04   0x00000030   Code   RO         4682    i.osThreadCreate    cmsis_os.o
    0x08004b34   0x0000000e   Code   RO         4689    i.osThreadSuspend   cmsis_os.o
    0x08004b42   0x00000002   PAD
    0x08004b44   0x00000028   Code   RO         4693    i.osTimerCreate     cmsis_os.o
    0x08004b6c   0x00000064   Code   RO         4695    i.osTimerStart      cmsis_os.o
    0x08004bd0   0x00000058   Code   RO         4696    i.osTimerStop       cmsis_os.o
    0x08004c28   0x00000078   Code   RO          430    i.pjStart           stepper.o
    0x08004ca0   0x0000007c   Code   RO         4242    i.prvAddCurrentTaskToDelayedList  tasks.o
    0x08004d1c   0x000000a4   Code   RO         4243    i.prvAddNewTaskToReadyList  tasks.o
    0x08004dc0   0x00000068   Code   RO         4522    i.prvCheckForValidListAndQueue  timers.o
    0x08004e28   0x00000068   Code   RO         4244    i.prvCheckTasksWaitingTermination  tasks.o
    0x08004e90   0x0000002c   Code   RO         4081    i.prvCopyDataFromQueue  queue.o
    0x08004ebc   0x00000080   Code   RO         4082    i.prvCopyDataToQueue  queue.o
    0x08004f3c   0x00000012   Code   RO         4245    i.prvDeleteTCB      tasks.o
    0x08004f4e   0x00000002   PAD
    0x08004f50   0x0000002c   Code   RO         4523    i.prvGetNextExpireTime  timers.o
    0x08004f7c   0x0000007c   Code   RO         4997    i.prvHeapInit       heap_4.o
    0x08004ff8   0x00000018   Code   RO         4246    i.prvIdleTask       tasks.o
    0x08005010   0x00000022   Code   RO         4084    i.prvInitialiseNewQueue  queue.o
    0x08005032   0x000000a4   Code   RO         4247    i.prvInitialiseNewTask  tasks.o
    0x080050d6   0x00000040   Code   RO         4524    i.prvInitialiseNewTimer  timers.o
    0x08005116   0x00000002   PAD
    0x08005118   0x00000064   Code   RO         4248    i.prvInitialiseTaskLists  tasks.o
    0x0800517c   0x00000068   Code   RO         4998    i.prvInsertBlockIntoFreeList  heap_4.o
    0x080051e4   0x00000054   Code   RO         4525    i.prvInsertTimerInActiveList  timers.o
    0x08005238   0x0000001c   Code   RO         4085    i.prvIsQueueEmpty   queue.o
    0x08005254   0x0000001e   Code   RO         4086    i.prvIsQueueFull    queue.o
    0x08005272   0x00000002   PAD
    0x08005274   0x00000058   Code   RO         4526    i.prvProcessExpiredTimer  timers.o
    0x080052cc   0x000000e4   Code   RO         4527    i.prvProcessReceivedCommands  timers.o
    0x080053b0   0x0000006c   Code   RO         4528    i.prvProcessTimerOrBlockTask  timers.o
    0x0800541c   0x00000038   Code   RO         4249    i.prvResetNextTaskUnblockTime  tasks.o
    0x08005454   0x0000002c   Code   RO         4529    i.prvSampleTimeNow  timers.o
    0x08005480   0x00000090   Code   RO         4530    i.prvSwitchTimerLists  timers.o
    0x08005510   0x00000024   Code   RO         5049    i.prvTaskExitError  port.o
    0x08005534   0x0000001a   Code   RO         4531    i.prvTimerTask      timers.o
    0x0800554e   0x0000008e   Code   RO         4087    i.prvUnlockQueue    queue.o
    0x080055dc   0x0000011c   Code   RO         4999    i.pvPortMalloc      heap_4.o
    0x080056f8   0x00000020   Code   RO         4251    i.pvTaskIncrementMutexHeldCount  tasks.o
    0x08005718   0x00000020   Code   RO         5050    i.pxPortInitialiseStack  port.o
    0x08005738   0x000001c8   Code   RO          529    i.sitLoop           seat_heat.o
    0x08005900   0x000000c0   Code   RO          530    i.startIsSit        seat_heat.o
    0x080059c0   0x000000dc   Code   RO          431    i.stepperInit       stepper.o
    0x08005a9c   0x00000028   Code   RO         4044    i.uxListRemove      list.o
    0x08005ac4   0x0000001a   Code   RO         4045    i.vListInitialise   list.o
    0x08005ade   0x00000006   Code   RO         4046    i.vListInitialiseItem  list.o
    0x08005ae4   0x00000036   Code   RO         4047    i.vListInsert       list.o
    0x08005b1a   0x00000018   Code   RO         4048    i.vListInsertEnd    list.o
    0x08005b32   0x00000002   PAD
    0x08005b34   0x0000001c   Code   RO         5052    i.vPortEnterCritical  port.o
    0x08005b50   0x00000028   Code   RO         5053    i.vPortExitCritical  port.o
    0x08005b78   0x00000080   Code   RO         5000    i.vPortFree         heap_4.o
    0x08005bf8   0x00000024   Code   RO         5054    i.vPortSetupTimerInterrupt  port.o
    0x08005c1c   0x00000018   Code   RO         5055    i.vPortYield        port.o
    0x08005c34   0x0000002c   Code   RO         4091    i.vQueueAddToRegistry  queue.o
    0x08005c60   0x0000004c   Code   RO         4094    i.vQueueWaitForMessageRestricted  queue.o
    0x08005cac   0x00000044   Code   RO         4255    i.vTaskDelay        tasks.o
    0x08005cf0   0x0000000c   Code   RO         4259    i.vTaskMissedYield  tasks.o
    0x08005cfc   0x0000002c   Code   RO         4261    i.vTaskPlaceOnEventList  tasks.o
    0x08005d28   0x00000034   Code   RO         4262    i.vTaskPlaceOnEventListRestricted  tasks.o
    0x08005d5c   0x0000008c   Code   RO         4264    i.vTaskPriorityInherit  tasks.o
    0x08005de8   0x00000020   Code   RO         4266    i.vTaskSetTimeOutState  tasks.o
    0x08005e08   0x00000078   Code   RO         4267    i.vTaskStartScheduler  tasks.o
    0x08005e80   0x000000a8   Code   RO         4268    i.vTaskSuspend      tasks.o
    0x08005f28   0x00000010   Code   RO         4269    i.vTaskSuspendAll   tasks.o
    0x08005f38   0x00000080   Code   RO         4270    i.vTaskSwitchContext  tasks.o
    0x08005fb8   0x00000038   Code   RO         5056    i.xPortStartScheduler  port.o
    0x08005ff0   0x00000050   Code   RO         4096    i.xQueueGenericCreate  queue.o
    0x08006040   0x0000018c   Code   RO         4097    i.xQueueGenericReceive  queue.o
    0x080061cc   0x00000082   Code   RO         4098    i.xQueueGenericReset  queue.o
    0x0800624e   0x0000015a   Code   RO         4099    i.xQueueGenericSend  queue.o
    0x080063a8   0x000000bc   Code   RO         4100    i.xQueueGenericSendFromISR  queue.o
    0x08006464   0x000000aa   Code   RO         4101    i.xQueueGiveFromISR  queue.o
    0x0800650e   0x0000009e   Code   RO         4105    i.xQueueReceiveFromISR  queue.o
    0x080065ac   0x00000074   Code   RO         4271    i.xTaskCheckForTimeOut  tasks.o
    0x08006620   0x0000005c   Code   RO         4272    i.xTaskCreate       tasks.o
    0x0800667c   0x00000024   Code   RO         4276    i.xTaskGetSchedulerState  tasks.o
    0x080066a0   0x0000000c   Code   RO         4277    i.xTaskGetTickCount  tasks.o
    0x080066ac   0x0000000c   Code   RO         4278    i.xTaskGetTickCountFromISR  tasks.o
    0x080066b8   0x0000013c   Code   RO         4279    i.xTaskIncrementTick  tasks.o
    0x080067f4   0x00000088   Code   RO         4282    i.xTaskPriorityDisinherit  tasks.o
    0x0800687c   0x00000088   Code   RO         4283    i.xTaskRemoveFromEventList  tasks.o
    0x08006904   0x000000f0   Code   RO         4285    i.xTaskResumeAll    tasks.o
    0x080069f4   0x0000002c   Code   RO         4534    i.xTimerCreate      timers.o
    0x08006a20   0x00000048   Code   RO         4535    i.xTimerCreateTimerTask  timers.o
    0x08006a68   0x00000074   Code   RO         4536    i.xTimerGenericCommand  timers.o
    0x08006adc   0x00000028   Data   RO           19    .constdata          closestool.o
    0x08006b04   0x00000028   Data   RO          371    .constdata          remote_control.o
    0x08006b2c   0x000000ac   Data   RO          640    .constdata          main.o
    0x08006bd8   0x00000028   Data   RO          866    .constdata          stm32f0xx_it.o
    0x08006c00   0x00000018   Data   RO         3932    .constdata          system_stm32f0xx.o
    0x08006c18   0x00000030   Data   RO          641    .conststring        main.o
    0x08006c48   0x00000020   Data   RO         5146    Region$$Table       anon$$obj.o
    0x08006c68   0x00008f98   PAD
    0x0800fc00   0x0000002c   Data   RO          370    .ARM.__AT_0x0800FC00  remote_control.o


    Execution Region RW_IRAM1 (Base: 0x20000000, Size: 0x000016f8, Max: 0x00002000, ABSOLUTE, COMPRESSED[0x00000024])

    Base Addr    Size         Type   Attr      Idx    E Section Name        Object

    0x20000000   0x00000020   Data   RW           20    .data               closestool.o
    0x20000020   0x00000006   Data   RW          261    .data               button.o
    0x20000026   0x00000002   PAD
    0x20000028   0x0000000c   Data   RW          315    .data               led.o
    0x20000034   0x00000034   Data   RW          372    .data               remote_control.o
    0x20000068   0x0000000c   Data   RW          433    .data               stepper.o
    0x20000074   0x00000012   Data   RW          532    .data               seat_heat.o
    0x20000086   0x00000001   Data   RW          578    .data               fmq.o
    0x20000087   0x00000001   PAD
    0x20000088   0x00000040   Data   RW          642    .data               main.o
    0x200000c8   0x00000009   Data   RW          867    .data               stm32f0xx_it.o
    0x200000d1   0x00000003   PAD
    0x200000d4   0x00000004   Data   RW         2640    .data               stm32f0xx_hal.o
    0x200000d8   0x00000004   Data   RW         3933    .data               system_stm32f0xx.o
    0x200000dc   0x0000003c   Data   RW         4288    .data               tasks.o
    0x20000118   0x00000014   Data   RW         4542    .data               timers.o
    0x2000012c   0x00000018   Data   RW         5005    .data               heap_4.o
    0x20000144   0x00000004   Data   RW         5057    .data               port.o
    0x20000148   0x0000004c   Zero   RW          639    .bss                main.o
    0x20000194   0x0000000a   Zero   RW          865    .bss                stm32f0xx_it.o
    0x2000019e   0x00000002   PAD
    0x200001a0   0x00000040   Zero   RW         1006    .bss                stm32f0xx_hal_timebase_tim.o
    0x200001e0   0x00000020   Zero   RW         3585    .bss                stm32f0xx_hal_flash.o
    0x20000200   0x00000040   Zero   RW         4106    .bss                queue.o
    0x20000240   0x000000f0   Zero   RW         4287    .bss                tasks.o
    0x20000330   0x00000028   Zero   RW         4541    .bss                timers.o
    0x20000358   0x00000fa0   Zero   RW         5004    .bss                heap_4.o
    0x200012f8   0x00000400   Zero   RW            1    STACK               startup_stm32f030x8.o


==============================================================================

Image component sizes


      Code (inc. data)   RO Data    RW Data    ZI Data      Debug   Object Name

       470         16          0          6          0      43259   button.o
      1524        162         40         32          0     354024   closestool.o
       892         34          0          0          0      16871   cmsis_os.o
         0          0          0          0          0       1472   event_groups.o
        76         14          0          1          0      29621   fmq.o
       640         60          0         24       4000       4363   heap_4.o
       336         20          0         12          0       7166   led.o
       150          0          0          0          0       3262   list.o
      4176        286        220         64         76      76017   main.o
       410         58          0          4          0       7047   port.o
      1994          4          0          0         64      15168   queue.o
      1720        192         84         52          0      15080   remote_control.o
       684         78          0         18          0       6681   seat_heat.o
        28          8        180          0       1024        608   startup_stm32f030x8.o
      1498         86          0         12          0      31843   stepper.o
        60         14          0          4          0       2376   stm32f0xx_hal.o
      1766         46          0          0          0       7277   stm32f0xx_hal_adc.o
       162         16          0          0          0       8144   stm32f0xx_hal_cortex.o
       468         52          0          0         32       3998   stm32f0xx_hal_flash.o
       256         30          0          0          0       2359   stm32f0xx_hal_flash_ex.o
       496         26          0          0          0       1544   stm32f0xx_hal_gpio.o
       192         16          0          0          0       1452   stm32f0xx_hal_msp.o
      2060        108          0          0          0       5386   stm32f0xx_hal_rcc.o
       336         14          0          0          0       1348   stm32f0xx_hal_rcc_ex.o
       712         24          0          0          0       5718   stm32f0xx_hal_tim.o
         4          0          0          0          0       1454   stm32f0xx_hal_tim_ex.o
       144         20          0          0         64       1400   stm32f0xx_hal_timebase_tim.o
       574         92         40          9         10      59907   stm32f0xx_it.o
       254          0          0          0          0       6803   stm32f0xx_ll_gpio.o
       400         56          0          0          0      17124   stm32f0xx_ll_rcc.o
       168         24          0          0          0      29746   stm32f0xx_ll_tim.o
       252         20          0          0          0      17828   stm32f0xx_ll_usart.o
       116         12         24          4          0       1095   system_stm32f0xx.o
      2662        372          0         60        240      22371   tasks.o
      1166        112          0         20         40      10974   timers.o

    ----------------------------------------------------------------------
     26878       2072      37380        328       5552     820786   Object Totals
         0          0         32          0          0          0   (incl. Generated)
        32          0      36760          6          2          0   (incl. Padding)

    ----------------------------------------------------------------------

      Code (inc. data)   RO Data    RW Data    ZI Data      Debug   Library Member Name

        58          0          0          0          0          0   __dczerorl.o
         0          0          0          0          0          0   entry.o
         0          0          0          0          0          0   entry10a.o
         0          0          0          0          0          0   entry11a.o
         8          4          0          0          0          0   entry2.o
         4          0          0          0          0          0   entry5.o
         0          0          0          0          0          0   entry7b.o
         0          0          0          0          0          0   entry8b.o
         8          4          0          0          0          0   entry9a.o
        30          0          0          0          0          0   handlers.o
        36          8          0          0          0         68   init.o
        34          0          0          0          0         68   llushr.o
        36          0          0          0          0         60   memcpya.o
        36          0          0          0          0        100   memseta.o
        44          0          0          0          0         72   uidiv.o

    ----------------------------------------------------------------------
       298         16          0          0          0        368   Library Totals
         4          0          0          0          0          0   (incl. Padding)

    ----------------------------------------------------------------------

      Code (inc. data)   RO Data    RW Data    ZI Data      Debug   Library Name

       294         16          0          0          0        368   mc_p.l

    ----------------------------------------------------------------------
       298         16          0          0          0        368   Library Totals

    ----------------------------------------------------------------------

==============================================================================


      Code (inc. data)   RO Data    RW Data    ZI Data      Debug   

     27176       2088      37380        328       5552     811030   Grand Totals
     27176       2088      37380         36       5552     811030   ELF Image Totals (compressed)
     27176       2088      37380         36          0          0   ROM Totals

==============================================================================

    Total RO  Size (Code + RO Data)                64556 (  63.04kB)
    Total RW  Size (RW Data + ZI Data)              5880 (   5.74kB)
    Total ROM Size (Code + RO Data + RW Data)      64592 (  63.08kB)

==============================================================================

