Archive member included to satisfy reference by file (symbol)

c:/program files (x86)/atollic/truestudio for stm32 9.3.0/armtools/bin/../lib/gcc/arm-atollic-eabi/6.3.1/../../../../arm-atollic-eabi/lib/armv6-m\libc_nano.a(lib_a-errno.o)
                              Src\syscalls.o (__errno)
c:/program files (x86)/atollic/truestudio for stm32 9.3.0/armtools/bin/../lib/gcc/arm-atollic-eabi/6.3.1/../../../../arm-atollic-eabi/lib/armv6-m\libc_nano.a(lib_a-impure.o)
                              c:/program files (x86)/atollic/truestudio for stm32 9.3.0/armtools/bin/../lib/gcc/arm-atollic-eabi/6.3.1/../../../../arm-atollic-eabi/lib/armv6-m\libc_nano.a(lib_a-errno.o) (_impure_ptr)
c:/program files (x86)/atollic/truestudio for stm32 9.3.0/armtools/bin/../lib/gcc/arm-atollic-eabi/6.3.1/../../../../arm-atollic-eabi/lib/armv6-m\libc_nano.a(lib_a-init.o)
                              startup\startup_stm32f030x8.o (__libc_init_array)
c:/program files (x86)/atollic/truestudio for stm32 9.3.0/armtools/bin/../lib/gcc/arm-atollic-eabi/6.3.1/../../../../arm-atollic-eabi/lib/armv6-m\libc_nano.a(lib_a-memcpy-stub.o)
                              Drivers\STM32F0xx_HAL_Driver\Src\stm32f0xx_hal_rcc.o (memcpy)
c:/program files (x86)/atollic/truestudio for stm32 9.3.0/armtools/bin/../lib/gcc/arm-atollic-eabi/6.3.1/../../../../arm-atollic-eabi/lib/armv6-m\libc_nano.a(lib_a-memset.o)
                              Middlewares\Third_Party\FreeRTOS\Source\CMSIS_RTOS\cmsis_os.o (memset)
c:/program files (x86)/atollic/truestudio for stm32 9.3.0/armtools/bin/../lib/gcc/arm-atollic-eabi/6.3.1/../../../../arm-atollic-eabi/lib/armv6-m\libc_nano.a(lib_a-printf.o)
                              Src\remote_control.o (printf)
c:/program files (x86)/atollic/truestudio for stm32 9.3.0/armtools/bin/../lib/gcc/arm-atollic-eabi/6.3.1/../../../../arm-atollic-eabi/lib/armv6-m\libc_nano.a(lib_a-findfp.o)
                              c:/program files (x86)/atollic/truestudio for stm32 9.3.0/armtools/bin/../lib/gcc/arm-atollic-eabi/6.3.1/../../../../arm-atollic-eabi/lib/armv6-m\libc_nano.a(lib_a-printf.o) (__sinit)
c:/program files (x86)/atollic/truestudio for stm32 9.3.0/armtools/bin/../lib/gcc/arm-atollic-eabi/6.3.1/../../../../arm-atollic-eabi/lib/armv6-m\libc_nano.a(lib_a-fwalk.o)
                              c:/program files (x86)/atollic/truestudio for stm32 9.3.0/armtools/bin/../lib/gcc/arm-atollic-eabi/6.3.1/../../../../arm-atollic-eabi/lib/armv6-m\libc_nano.a(lib_a-findfp.o) (_fwalk)
c:/program files (x86)/atollic/truestudio for stm32 9.3.0/armtools/bin/../lib/gcc/arm-atollic-eabi/6.3.1/../../../../arm-atollic-eabi/lib/armv6-m\libc_nano.a(lib_a-nano-mallocr.o)
                              c:/program files (x86)/atollic/truestudio for stm32 9.3.0/armtools/bin/../lib/gcc/arm-atollic-eabi/6.3.1/../../../../arm-atollic-eabi/lib/armv6-m\libc_nano.a(lib_a-findfp.o) (_malloc_r)
c:/program files (x86)/atollic/truestudio for stm32 9.3.0/armtools/bin/../lib/gcc/arm-atollic-eabi/6.3.1/../../../../arm-atollic-eabi/lib/armv6-m\libc_nano.a(lib_a-nano-vfprintf.o)
                              c:/program files (x86)/atollic/truestudio for stm32 9.3.0/armtools/bin/../lib/gcc/arm-atollic-eabi/6.3.1/../../../../arm-atollic-eabi/lib/armv6-m\libc_nano.a(lib_a-printf.o) (_vfprintf_r)
c:/program files (x86)/atollic/truestudio for stm32 9.3.0/armtools/bin/../lib/gcc/arm-atollic-eabi/6.3.1/../../../../arm-atollic-eabi/lib/armv6-m\libc_nano.a(lib_a-nano-vfprintf_i.o)
                              c:/program files (x86)/atollic/truestudio for stm32 9.3.0/armtools/bin/../lib/gcc/arm-atollic-eabi/6.3.1/../../../../arm-atollic-eabi/lib/armv6-m\libc_nano.a(lib_a-nano-vfprintf.o) (_printf_i)
c:/program files (x86)/atollic/truestudio for stm32 9.3.0/armtools/bin/../lib/gcc/arm-atollic-eabi/6.3.1/../../../../arm-atollic-eabi/lib/armv6-m\libc_nano.a(lib_a-sbrkr.o)
                              c:/program files (x86)/atollic/truestudio for stm32 9.3.0/armtools/bin/../lib/gcc/arm-atollic-eabi/6.3.1/../../../../arm-atollic-eabi/lib/armv6-m\libc_nano.a(lib_a-nano-mallocr.o) (_sbrk_r)
c:/program files (x86)/atollic/truestudio for stm32 9.3.0/armtools/bin/../lib/gcc/arm-atollic-eabi/6.3.1/../../../../arm-atollic-eabi/lib/armv6-m\libc_nano.a(lib_a-stdio.o)
                              c:/program files (x86)/atollic/truestudio for stm32 9.3.0/armtools/bin/../lib/gcc/arm-atollic-eabi/6.3.1/../../../../arm-atollic-eabi/lib/armv6-m\libc_nano.a(lib_a-findfp.o) (__sread)
c:/program files (x86)/atollic/truestudio for stm32 9.3.0/armtools/bin/../lib/gcc/arm-atollic-eabi/6.3.1/../../../../arm-atollic-eabi/lib/armv6-m\libc_nano.a(lib_a-wbuf.o)
                              c:/program files (x86)/atollic/truestudio for stm32 9.3.0/armtools/bin/../lib/gcc/arm-atollic-eabi/6.3.1/../../../../arm-atollic-eabi/lib/armv6-m\libc_nano.a(lib_a-nano-vfprintf.o) (__swbuf_r)
[...]
Memory Configuration

Name             Origin             Length             Attributes
RAM              0x20000000         0x00002000         xrw
FLASH            0x08000000         0x00010000         xr
*default*        0x00000000         0xffffffff

Linker script and memory map

LOAD c:/program files (x86)/atollic/truestudio for stm32 9.3.0/armtools/bin/../lib/gcc/arm-atollic-eabi/6.3.1/armv6-m/crti.o
LOAD c:/program files (x86)/atollic/truestudio for stm32 9.3.0/armtools/bin/../lib/gcc/arm-atollic-eabi/6.3.1/armv6-m/crtbegin.o
LOAD Drivers\STM32F0xx_HAL_Driver\Src\stm32f0xx_hal.o
LOAD Drivers\STM32F0xx_HAL_Driver\Src\stm32f0xx_hal_adc.o
LOAD Drivers\STM32F0xx_HAL_Driver\Src\stm32f0xx_hal_adc_ex.o
LOAD Drivers\STM32F0xx_HAL_Driver\Src\stm32f0xx_hal_cortex.o
LOAD Drivers\STM32F0xx_HAL_Driver\Src\stm32f0xx_hal_dma.o
LOAD Drivers\STM32F0xx_HAL_Driver\Src\stm32f0xx_hal_flash.o
LOAD Drivers\STM32F0xx_HAL_Driver\Src\stm32f0xx_hal_flash_ex.o
LOAD Drivers\STM32F0xx_HAL_Driver\Src\stm32f0xx_hal_gpio.o
LOAD Drivers\STM32F0xx_HAL_Driver\Src\stm32f0xx_hal_i2c.o
LOAD Drivers\STM32F0xx_HAL_Driver\Src\stm32f0xx_hal_i2c_ex.o
LOAD Drivers\STM32F0xx_HAL_Driver\Src\stm32f0xx_hal_pwr.o
LOAD Drivers\STM32F0xx_HAL_Driver\Src\stm32f0xx_hal_pwr_ex.o
LOAD Drivers\STM32F0xx_HAL_Driver\Src\stm32f0xx_hal_rcc.o
LOAD Drivers\STM32F0xx_HAL_Driver\Src\stm32f0xx_hal_rcc_ex.o
LOAD Drivers\STM32F0xx_HAL_Driver\Src\stm32f0xx_hal_tim.o
LOAD Drivers\STM32F0xx_HAL_Driver\Src\stm32f0xx_hal_tim_ex.o
LOAD Drivers\STM32F0xx_HAL_Driver\Src\stm32f0xx_ll_dma.o
LOAD Drivers\STM32F0xx_HAL_Driver\Src\stm32f0xx_ll_exti.o
LOAD Drivers\STM32F0xx_HAL_Driver\Src\stm32f0xx_ll_gpio.o
LOAD Drivers\STM32F0xx_HAL_Driver\Src\stm32f0xx_ll_rcc.o
LOAD Drivers\STM32F0xx_HAL_Driver\Src\stm32f0xx_ll_usart.o
LOAD Drivers\STM32F0xx_HAL_Driver\Src\stm32f0xx_ll_utils.o
LOAD Middlewares\Third_Party\FatFs\src\diskio.o
LOAD Middlewares\Third_Party\FatFs\src\ff.o
LOAD Middlewares\Third_Party\FatFs\src\ff_gen_drv.o
LOAD Middlewares\Third_Party\FatFs\src\option\syscall.o
LOAD Middlewares\Third_Party\FreeRTOS\Source\CMSIS_RTOS\cmsis_os.o
LOAD Middlewares\Third_Party\FreeRTOS\Source\croutine.o
LOAD Middlewares\Third_Party\FreeRTOS\Source\event_groups.o
LOAD Middlewares\Third_Party\FreeRTOS\Source\list.o
LOAD Middlewares\Third_Party\FreeRTOS\Source\portable\GCC\ARM_CM0\port.o
LOAD Middlewares\Third_Party\FreeRTOS\Source\portable\MemMang\heap_4.o
LOAD Middlewares\Third_Party\FreeRTOS\Source\queue.o
LOAD Middlewares\Third_Party\FreeRTOS\Source\tasks.o
LOAD Middlewares\Third_Party\FreeRTOS\Source\timers.o
LOAD Src\fatfs.o
LOAD Src\freertos.o
LOAD Src\main.o
LOAD Src\remote_control.o
LOAD Src\stm32f0xx_hal_msp.o
LOAD Src\stm32f0xx_hal_timebase_tim.o
LOAD Src\stm32f0xx_it.o
LOAD Src\syscalls.o
LOAD Src\system_stm32f0xx.o
LOAD Src\user_diskio.o
LOAD startup\startup_stm32f030x8.o
                0x00000080                malloc_getpagesize_P = 0x80
START GROUP
LOAD c:/program files (x86)/atollic/truestudio for stm32 9.3.0/armtools/bin/../lib/gcc/arm-atollic-eabi/6.3.1/../../../../arm-atollic-eabi/lib/armv6-m\libc_nano.a
LOAD c:/program files (x86)/atollic/truestudio for stm32 9.3.0/armtools/bin/../lib/gcc/arm-atollic-eabi/6.3.1/../../../../arm-atollic-eabi/lib/armv6-m\libm.a
END GROUP
START GROUP
LOAD c:/program files (x86)/atollic/truestudio for stm32 9.3.0/armtools/bin/../lib/gcc/arm-atollic-eabi/6.3.1/armv6-m\libgcc.a
LOAD c:/program files (x86)/atollic/truestudio for stm32 9.3.0/armtools/bin/../lib/gcc/arm-atollic-eabi/6.3.1/../../../../arm-atollic-eabi/lib/armv6-m\libc_nano.a
END GROUP
START GROUP
LOAD c:/program files (x86)/atollic/truestudio for stm32 9.3.0/armtools/bin/../lib/gcc/arm-atollic-eabi/6.3.1/armv6-m\libgcc.a
LOAD c:/program files (x86)/atollic/truestudio for stm32 9.3.0/armtools/bin/../lib/gcc/arm-atollic-eabi/6.3.1/../../../../arm-atollic-eabi/lib/armv6-m\libc_nano.a
LOAD c:/program files (x86)/atollic/truestudio for stm32 9.3.0/armtools/bin/../lib/gcc/arm-atollic-eabi/6.3.1/../../../../arm-atollic-eabi/lib/armv6-m\libnosys.a
END GROUP
START GROUP
LOAD c:/program files (x86)/atollic/truestudio for stm32 9.3.0/armtools/bin/../lib/gcc/arm-atollic-eabi/6.3.1/armv6-m\libgcc.a
LOAD c:/program files (x86)/atollic/truestudio for stm32 9.3.0/armtools/bin/../lib/gcc/arm-atollic-eabi/6.3.1/../../../../arm-atollic-eabi/lib/armv6-m\libc_nano.a
LOAD c:/program files (x86)/atollic/truestudio for stm32 9.3.0/armtools/bin/../lib/gcc/arm-atollic-eabi/6.3.1/../../../../arm-atollic-eabi/lib/armv6-m\libnosys.a
END GROUP
LOAD c:/program files (x86)/atollic/truestudio for stm32 9.3.0/armtools/bin/../lib/gcc/arm-atollic-eabi/6.3.1/armv6-m/crtend.o
LOAD c:/program files (x86)/atollic/truestudio for stm32 9.3.0/armtools/bin/../lib/gcc/arm-atollic-eabi/6.3.1/armv6-m/crtn.o
                0x20002000                _estack = 0x20002000
                0x00000200                _Min_Heap_Size = 0x200
                0x00000400                _Min_Stack_Size = 0x400

.isr_vector     0x08000000       0xc0
                0x08000000                . = ALIGN (0x4)
 *(.isr_vector)
 .isr_vector    0x08000000       0xc0 startup\startup_stm32f030x8.o
                0x08000000                g_pfnVectors
                0x080000c0                . = ALIGN (0x4)

.text           0x080000c0     0x4180
                0x080000c0                . = ALIGN (0x4)
 *(.text)
 .text          0x080000c0       0x48 c:/program files (x86)/atollic/truestudio for stm32 9.3.0/armtools/bin/../lib/gcc/arm-atollic-eabi/6.3.1/armv6-m/crtbegin.o
 .text          0x08000108      0x114 c:/program files (x86)/atollic/truestudio for stm32 9.3.0/armtools/bin/../lib/gcc/arm-atollic-eabi/6.3.1/armv6-m\libgcc.a(_udivsi3.o)
                0x08000108                __aeabi_uidiv
                0x08000108                __udivsi3
                0x08000214                __aeabi_uidivmod
 .text          0x0800021c        0x4 c:/program files (x86)/atollic/truestudio for stm32 9.3.0/armtools/bin/../lib/gcc/arm-atollic-eabi/6.3.1/armv6-m\libgcc.a(_dvmd_tls.o)
                0x0800021c                __aeabi_idiv0
                0x0800021c                __aeabi_ldiv0
 *(.text*)
 .text.HAL_Init
                0x08000220       0x20 Drivers\STM32F0xx_HAL_Driver\Src\stm32f0xx_hal.o
                0x08000220                HAL_Init
 .text.HAL_IncTick
                0x08000240       0x10 Drivers\STM32F0xx_HAL_Driver\Src\stm32f0xx_hal.o
                0x08000240                HAL_IncTick
 .text.HAL_GetTick
                0x08000250        0xc Drivers\STM32F0xx_HAL_Driver\Src\stm32f0xx_hal.o
                0x08000250                HAL_GetTick
 .text.HAL_ADC_Init
                0x0800025c      0x14c Drivers\STM32F0xx_HAL_Driver\Src\stm32f0xx_hal_adc.o
                0x0800025c                HAL_ADC_Init
 .text.HAL_ADC_ConfigChannel
                0x080003a8       0xec Drivers\STM32F0xx_HAL_Driver\Src\stm32f0xx_hal_adc.o
                0x080003a8                HAL_ADC_ConfigChannel
 .text.HAL_NVIC_SetPriority
                0x08000494       0x60 Drivers\STM32F0xx_HAL_Driver\Src\stm32f0xx_hal_cortex.o
                0x08000494                HAL_NVIC_SetPriority
 .text.HAL_NVIC_EnableIRQ
                0x080004f4       0x14 Drivers\STM32F0xx_HAL_Driver\Src\stm32f0xx_hal_cortex.o
                0x080004f4                HAL_NVIC_EnableIRQ
 .text.HAL_GPIO_Init
                0x08000508      0x160 Drivers\STM32F0xx_HAL_Driver\Src\stm32f0xx_hal_gpio.o
                0x08000508                HAL_GPIO_Init
 .text.HAL_RCC_OscConfig
                0x08000668      0x3c4 Drivers\STM32F0xx_HAL_Driver\Src\stm32f0xx_hal_rcc.o
                0x08000668                HAL_RCC_OscConfig
 .text.HAL_RCC_GetSysClockFreq
                0x08000a2c       0x64 Drivers\STM32F0xx_HAL_Driver\Src\stm32f0xx_hal_rcc.o
                0x08000a2c                HAL_RCC_GetSysClockFreq
 .text.HAL_RCC_ClockConfig
                0x08000a90      0x12c Drivers\STM32F0xx_HAL_Driver\Src\stm32f0xx_hal_rcc.o
                0x08000a90                HAL_RCC_ClockConfig
 .text.HAL_RCC_GetPCLK1Freq
                0x08000bbc       0x20 Drivers\STM32F0xx_HAL_Driver\Src\stm32f0xx_hal_rcc.o
                0x08000bbc                HAL_RCC_GetPCLK1Freq
 .text.HAL_RCC_GetClockConfig
                0x08000bdc       0x38 Drivers\STM32F0xx_HAL_Driver\Src\stm32f0xx_hal_rcc.o
                0x08000bdc                HAL_RCC_GetClockConfig
 .text.HAL_RCCEx_PeriphCLKConfig
                0x08000c14      0x108 Drivers\STM32F0xx_HAL_Driver\Src\stm32f0xx_hal_rcc_ex.o
                0x08000c14                HAL_RCCEx_PeriphCLKConfig
 .text.HAL_TIM_Base_MspInit
                0x08000d1c        0x2 Drivers\STM32F0xx_HAL_Driver\Src\stm32f0xx_hal_tim.o
                0x08000d1c                HAL_TIM_Base_MspInit
 .text.HAL_TIM_Base_Start_IT
                0x08000d1e       0x14 Drivers\STM32F0xx_HAL_Driver\Src\stm32f0xx_hal_tim.o
                0x08000d1e                HAL_TIM_Base_Start_IT
 .text.HAL_TIM_OC_DelayElapsedCallback
                0x08000d32        0x2 Drivers\STM32F0xx_HAL_Driver\Src\stm32f0xx_hal_tim.o
                0x08000d32                HAL_TIM_OC_DelayElapsedCallback
 .text.HAL_TIM_IC_CaptureCallback
                0x08000d34        0x2 Drivers\STM32F0xx_HAL_Driver\Src\stm32f0xx_hal_tim.o
                0x08000d34                HAL_TIM_IC_CaptureCallback
 .text.HAL_TIM_PWM_PulseFinishedCallback
                0x08000d36        0x2 Drivers\STM32F0xx_HAL_Driver\Src\stm32f0xx_hal_tim.o
                0x08000d36                HAL_TIM_PWM_PulseFinishedCallback
 .text.HAL_TIM_TriggerCallback
                0x08000d38        0x2 Drivers\STM32F0xx_HAL_Driver\Src\stm32f0xx_hal_tim.o
                0x08000d38                HAL_TIM_TriggerCallback
 .text.HAL_TIM_IRQHandler
                0x08000d3a      0x148 Drivers\STM32F0xx_HAL_Driver\Src\stm32f0xx_hal_tim.o
                0x08000d3a                HAL_TIM_IRQHandler
 *fill*         0x08000e82        0x2 
 .text.TIM_Base_SetConfig
                0x08000e84       0x90 Drivers\STM32F0xx_HAL_Driver\Src\stm32f0xx_hal_tim.o
                0x08000e84                TIM_Base_SetConfig
 .text.HAL_TIM_Base_Init
                0x08000f14       0x36 Drivers\STM32F0xx_HAL_Driver\Src\stm32f0xx_hal_tim.o
                0x08000f14                HAL_TIM_Base_Init
 .text.HAL_TIMEx_CommutationCallback
                0x08000f4a        0x2 Drivers\STM32F0xx_HAL_Driver\Src\stm32f0xx_hal_tim_ex.o
                0x08000f4a                HAL_TIMEx_CommutationCallback
 .text.HAL_TIMEx_BreakCallback
                0x08000f4c        0x2 Drivers\STM32F0xx_HAL_Driver\Src\stm32f0xx_hal_tim_ex.o
                0x08000f4c                HAL_TIMEx_BreakCallback
 .text.LL_GPIO_Init
                0x08000f4e       0xb8 Drivers\STM32F0xx_HAL_Driver\Src\stm32f0xx_ll_gpio.o
                0x08000f4e                LL_GPIO_Init
 *fill*         0x08001006        0x2 
 .text.RCC_GetHCLKClockFreq
                0x08001008       0x18 Drivers\STM32F0xx_HAL_Driver\Src\stm32f0xx_ll_rcc.o
                0x08001008                RCC_GetHCLKClockFreq
 .text.RCC_GetPCLK1ClockFreq
                0x08001020       0x18 Drivers\STM32F0xx_HAL_Driver\Src\stm32f0xx_ll_rcc.o
                0x08001020                RCC_GetPCLK1ClockFreq
 .text.RCC_PLL_GetFreqDomain_SYS
                0x08001038       0x34 Drivers\STM32F0xx_HAL_Driver\Src\stm32f0xx_ll_rcc.o
                0x08001038                RCC_PLL_GetFreqDomain_SYS
 .text.RCC_GetSystemClockFreq
                0x0800106c       0x20 Drivers\STM32F0xx_HAL_Driver\Src\stm32f0xx_ll_rcc.o
                0x0800106c                RCC_GetSystemClockFreq
 .text.LL_RCC_GetSystemClocksFreq
                0x0800108c       0x18 Drivers\STM32F0xx_HAL_Driver\Src\stm32f0xx_ll_rcc.o
                0x0800108c                LL_RCC_GetSystemClocksFreq
 .text.LL_RCC_GetUSARTClockFreq
                0x080010a4       0x50 Drivers\STM32F0xx_HAL_Driver\Src\stm32f0xx_ll_rcc.o
                0x080010a4                LL_RCC_GetUSARTClockFreq
 .text.LL_USART_Init
                0x080010f4       0xb0 Drivers\STM32F0xx_HAL_Driver\Src\stm32f0xx_ll_usart.o
                0x080010f4                LL_USART_Init
 .text.FATFS_LinkDriverEx
                0x080011a4       0x44 Middlewares\Third_Party\FatFs\src\ff_gen_drv.o
                0x080011a4                FATFS_LinkDriverEx
 .text.FATFS_LinkDriver
                0x080011e8        0xa Middlewares\Third_Party\FatFs\src\ff_gen_drv.o
                0x080011e8                FATFS_LinkDriver
 .text.osKernelStart
                0x080011f2        0xa Middlewares\Third_Party\FreeRTOS\Source\CMSIS_RTOS\cmsis_os.o
                0x080011f2                osKernelStart
 .text.osThreadCreate
                0x080011fc       0x30 Middlewares\Third_Party\FreeRTOS\Source\CMSIS_RTOS\cmsis_os.o
                0x080011fc                osThreadCreate
 .text.osDelay  0x0800122c       0x10 Middlewares\Third_Party\FreeRTOS\Source\CMSIS_RTOS\cmsis_os.o
                0x0800122c                osDelay
 .text.osTimerCreate
                0x0800123c       0x20 Middlewares\Third_Party\FreeRTOS\Source\CMSIS_RTOS\cmsis_os.o
                0x0800123c                osTimerCreate
 .text.osSemaphoreCreate
                0x0800125c       0x24 Middlewares\Third_Party\FreeRTOS\Source\CMSIS_RTOS\cmsis_os.o
                0x0800125c                osSemaphoreCreate
 .text.osSemaphoreWait
                0x08001280       0x4c Middlewares\Third_Party\FreeRTOS\Source\CMSIS_RTOS\cmsis_os.o
                0x08001280                osSemaphoreWait
 .text.osSemaphoreRelease
                0x080012cc       0x40 Middlewares\Third_Party\FreeRTOS\Source\CMSIS_RTOS\cmsis_os.o
                0x080012cc                osSemaphoreRelease
 .text.osMessageCreate
                0x0800130c        0xe Middlewares\Third_Party\FreeRTOS\Source\CMSIS_RTOS\cmsis_os.o
                0x0800130c                osMessageCreate
 .text.vListInitialise
                0x0800131a       0x16 Middlewares\Third_Party\FreeRTOS\Source\list.o
                0x0800131a                vListInitialise
 .text.vListInitialiseItem
                0x08001330        0x6 Middlewares\Third_Party\FreeRTOS\Source\list.o
                0x08001330                vListInitialiseItem
 .text.vListInsertEnd
                0x08001336       0x18 Middlewares\Third_Party\FreeRTOS\Source\list.o
                0x08001336                vListInsertEnd
 .text.vListInsert
                0x0800134e       0x2e Middlewares\Third_Party\FreeRTOS\Source\list.o
                0x0800134e                vListInsert
 .text.uxListRemove
                0x0800137c       0x20 Middlewares\Third_Party\FreeRTOS\Source\list.o
                0x0800137c                uxListRemove
 .text.prvTaskExitError
                0x0800139c       0x14 Middlewares\Third_Party\FreeRTOS\Source\portable\GCC\ARM_CM0\port.o
 .text.vPortStartFirstTask
                0x080013b0       0x34 Middlewares\Third_Party\FreeRTOS\Source\portable\GCC\ARM_CM0\port.o
 .text.pxPortInitialiseStack
                0x080013e4       0x20 Middlewares\Third_Party\FreeRTOS\Source\portable\GCC\ARM_CM0\port.o
                0x080013e4                pxPortInitialiseStack
 .text.SVC_Handler
                0x08001404        0x2 Middlewares\Third_Party\FreeRTOS\Source\portable\GCC\ARM_CM0\port.o
                0x08001404                SVC_Handler
 *fill*         0x08001406        0x2 
 .text.vPortYield
                0x08001408       0x18 Middlewares\Third_Party\FreeRTOS\Source\portable\GCC\ARM_CM0\port.o
                0x08001408                vPortYield
 .text.vPortEnterCritical
                0x08001420       0x18 Middlewares\Third_Party\FreeRTOS\Source\portable\GCC\ARM_CM0\port.o
                0x08001420                vPortEnterCritical
 .text.vPortExitCritical
                0x08001438       0x1c Middlewares\Third_Party\FreeRTOS\Source\portable\GCC\ARM_CM0\port.o
                0x08001438                vPortExitCritical
 .text.ulSetInterruptMaskFromISR
                0x08001454        0xa Middlewares\Third_Party\FreeRTOS\Source\portable\GCC\ARM_CM0\port.o
                0x08001454                ulSetInterruptMaskFromISR
 .text.vClearInterruptMaskFromISR
                0x0800145e        0x6 Middlewares\Third_Party\FreeRTOS\Source\portable\GCC\ARM_CM0\port.o
                0x0800145e                vClearInterruptMaskFromISR
 *fill*         0x08001464        0xc 
 .text.PendSV_Handler
                0x08001470       0x44 Middlewares\Third_Party\FreeRTOS\Source\portable\GCC\ARM_CM0\port.o
                0x08001470                PendSV_Handler
 .text.SysTick_Handler
                0x080014b4       0x24 Middlewares\Third_Party\FreeRTOS\Source\portable\GCC\ARM_CM0\port.o
                0x080014b4                SysTick_Handler
 .text.vPortSetupTimerInterrupt
                0x080014d8       0x28 Middlewares\Third_Party\FreeRTOS\Source\portable\GCC\ARM_CM0\port.o
                0x080014d8                vPortSetupTimerInterrupt
 .text.xPortStartScheduler
                0x08001500       0x34 Middlewares\Third_Party\FreeRTOS\Source\portable\GCC\ARM_CM0\port.o
                0x08001500                xPortStartScheduler
 .text.unlikely.prvInsertBlockIntoFreeList
                0x08001534       0x48 Middlewares\Third_Party\FreeRTOS\Source\portable\MemMang\heap_4.o
 .text.pvPortMalloc
                0x0800157c      0x104 Middlewares\Third_Party\FreeRTOS\Source\portable\MemMang\heap_4.o
                0x0800157c                pvPortMalloc
 .text.vPortFree
                0x08001680       0x48 Middlewares\Third_Party\FreeRTOS\Source\portable\MemMang\heap_4.o
                0x08001680                vPortFree
 .text.unlikely.prvCopyDataToQueue
                0x080016c8       0x70 Middlewares\Third_Party\FreeRTOS\Source\queue.o
 .text.unlikely.prvCopyDataFromQueue
                0x08001738       0x24 Middlewares\Third_Party\FreeRTOS\Source\queue.o
 .text.prvUnlockQueue
                0x0800175c       0x6a Middlewares\Third_Party\FreeRTOS\Source\queue.o
 .text.xQueueGenericReset
                0x080017c6       0x68 Middlewares\Third_Party\FreeRTOS\Source\queue.o
                0x080017c6                xQueueGenericReset
 .text.xQueueGenericCreate
                0x0800182e       0x3a Middlewares\Third_Party\FreeRTOS\Source\queue.o
                0x0800182e                xQueueGenericCreate
 .text.xQueueGenericSend
                0x08001868      0x11e Middlewares\Third_Party\FreeRTOS\Source\queue.o
                0x08001868                xQueueGenericSend
 .text.xQueueGenericSendFromISR
                0x08001986       0x92 Middlewares\Third_Party\FreeRTOS\Source\queue.o
                0x08001986                xQueueGenericSendFromISR
 .text.xQueueGiveFromISR
                0x08001a18       0x7a Middlewares\Third_Party\FreeRTOS\Source\queue.o
                0x08001a18                xQueueGiveFromISR
 .text.xQueueGenericReceive
                0x08001a92      0x14c Middlewares\Third_Party\FreeRTOS\Source\queue.o
                0x08001a92                xQueueGenericReceive
 .text.xQueueReceiveFromISR
                0x08001bde       0x80 Middlewares\Third_Party\FreeRTOS\Source\queue.o
                0x08001bde                xQueueReceiveFromISR
 *fill*         0x08001c5e        0x2 
 .text.vQueueAddToRegistry
                0x08001c60       0x24 Middlewares\Third_Party\FreeRTOS\Source\queue.o
                0x08001c60                vQueueAddToRegistry
 .text.vQueueWaitForMessageRestricted
                0x08001c84       0x4a Middlewares\Third_Party\FreeRTOS\Source\queue.o
                0x08001c84                vQueueWaitForMessageRestricted
 *fill*         0x08001cce        0x2 
 .text.prvResetNextTaskUnblockTime
                0x08001cd0       0x28 Middlewares\Third_Party\FreeRTOS\Source\tasks.o
 .text.prvAddCurrentTaskToDelayedList
                0x08001cf8       0x70 Middlewares\Third_Party\FreeRTOS\Source\tasks.o
 .text.xTaskCreate
                0x08001d68      0x188 Middlewares\Third_Party\FreeRTOS\Source\tasks.o
                0x08001d68                xTaskCreate
 .text.vTaskStartScheduler
                0x08001ef0       0x5c Middlewares\Third_Party\FreeRTOS\Source\tasks.o
                0x08001ef0                vTaskStartScheduler
 .text.vTaskSuspendAll
                0x08001f4c       0x10 Middlewares\Third_Party\FreeRTOS\Source\tasks.o
                0x08001f4c                vTaskSuspendAll
 .text.xTaskGetTickCount
                0x08001f5c        0xc Middlewares\Third_Party\FreeRTOS\Source\tasks.o
                0x08001f5c                xTaskGetTickCount
 .text.xTaskIncrementTick
                0x08001f68       0xfc Middlewares\Third_Party\FreeRTOS\Source\tasks.o
                0x08001f68                xTaskIncrementTick
 .text.xTaskResumeAll
                0x08002064       0xd0 Middlewares\Third_Party\FreeRTOS\Source\tasks.o
                0x08002064                xTaskResumeAll
 .text.vTaskDelay
                0x08002134       0x34 Middlewares\Third_Party\FreeRTOS\Source\tasks.o
                0x08002134                vTaskDelay
 .text.prvIdleTask
                0x08002168       0x68 Middlewares\Third_Party\FreeRTOS\Source\tasks.o
 .text.vTaskSwitchContext
                0x080021d0       0x6c Middlewares\Third_Party\FreeRTOS\Source\tasks.o
                0x080021d0                vTaskSwitchContext
 .text.vTaskPlaceOnEventList
                0x0800223c       0x24 Middlewares\Third_Party\FreeRTOS\Source\tasks.o
                0x0800223c                vTaskPlaceOnEventList
 .text.vTaskPlaceOnEventListRestricted
                0x08002260       0x30 Middlewares\Third_Party\FreeRTOS\Source\tasks.o
                0x08002260                vTaskPlaceOnEventListRestricted
 .text.xTaskRemoveFromEventList
                0x08002290       0x78 Middlewares\Third_Party\FreeRTOS\Source\tasks.o
                0x08002290                xTaskRemoveFromEventList
 .text.vTaskSetTimeOutState
                0x08002308       0x20 Middlewares\Third_Party\FreeRTOS\Source\tasks.o
                0x08002308                vTaskSetTimeOutState
 .text.xTaskCheckForTimeOut
                0x08002328       0x60 Middlewares\Third_Party\FreeRTOS\Source\tasks.o
                0x08002328                xTaskCheckForTimeOut
 .text.vTaskMissedYield
                0x08002388        0xc Middlewares\Third_Party\FreeRTOS\Source\tasks.o
                0x08002388                vTaskMissedYield
 .text.xTaskGetSchedulerState
                0x08002394       0x20 Middlewares\Third_Party\FreeRTOS\Source\tasks.o
                0x08002394                xTaskGetSchedulerState
 .text.vTaskPriorityInherit
                0x080023b4       0x6c Middlewares\Third_Party\FreeRTOS\Source\tasks.o
                0x080023b4                vTaskPriorityInherit
 .text.xTaskPriorityDisinherit
                0x08002420       0x6c Middlewares\Third_Party\FreeRTOS\Source\tasks.o
                0x08002420                xTaskPriorityDisinherit
 .text.pvTaskIncrementMutexHeldCount
                0x0800248c       0x18 Middlewares\Third_Party\FreeRTOS\Source\tasks.o
                0x0800248c                pvTaskIncrementMutexHeldCount
 .text.prvCheckForValidListAndQueue
                0x080024a4       0x5c Middlewares\Third_Party\FreeRTOS\Source\timers.o
 .text.prvInsertTimerInActiveList
                0x08002500       0x3c Middlewares\Third_Party\FreeRTOS\Source\timers.o
 .text.xTimerCreateTimerTask
                0x0800253c       0x3c Middlewares\Third_Party\FreeRTOS\Source\timers.o
                0x0800253c                xTimerCreateTimerTask
 .text.xTimerCreate
                0x08002578       0x38 Middlewares\Third_Party\FreeRTOS\Source\timers.o
                0x08002578                xTimerCreate
 .text.xTimerGenericCommand
                0x080025b0       0x50 Middlewares\Third_Party\FreeRTOS\Source\timers.o
                0x080025b0                xTimerGenericCommand
 .text.prvSwitchTimerLists
                0x08002600       0x64 Middlewares\Third_Party\FreeRTOS\Source\timers.o
 .text.prvTimerTask
                0x08002664      0x178 Middlewares\Third_Party\FreeRTOS\Source\timers.o
 .text.MX_FATFS_Init
                0x080027dc       0x1c Src\fatfs.o
                0x080027dc                MX_FATFS_Init
 .text.LL_AHB1_GRP1_EnableClock
                0x080027f8       0x1c Src\main.o
 .text.Callback01
                0x08002814        0x2 Src\main.o
                0x08002814                Callback01
 .text.StartLEDTask
                0x08002816        0xe Src\main.o
                0x08002816                StartLEDTask
 .text.SystemClock_Config
                0x08002824       0x6c Src\main.o
                0x08002824                SystemClock_Config
 .text.startup.main
                0x08002890      0x6ec Src\main.o
                0x08002890                main
 .text.HAL_TIM_PeriodElapsedCallback
                0x08002f7c       0x14 Src\main.o
                0x08002f7c                HAL_TIM_PeriodElapsedCallback
 .text.StartRemoteControl
                0x08002f90       0xb8 Src\remote_control.o
                0x08002f90                StartRemoteControl
 .text.HAL_MspInit
                0x08003048       0x38 Src\stm32f0xx_hal_msp.o
                0x08003048                HAL_MspInit
 .text.HAL_ADC_MspInit
                0x08003080       0x5c Src\stm32f0xx_hal_msp.o
                0x08003080                HAL_ADC_MspInit
 .text.HAL_InitTick
                0x080030dc       0x7c Src\stm32f0xx_hal_timebase_tim.o
                0x080030dc                HAL_InitTick
 .text.NMI_Handler
                0x08003158        0x2 Src\stm32f0xx_it.o
                0x08003158                NMI_Handler
 .text.HardFault_Handler
                0x0800315a        0x2 Src\stm32f0xx_it.o
                0x0800315a                HardFault_Handler
 .text.TIM17_IRQHandler
                0x0800315c       0x10 Src\stm32f0xx_it.o
                0x0800315c                TIM17_IRQHandler
 .text.USART1_IRQHandler
                0x0800316c       0x10 Src\stm32f0xx_it.o
                0x0800316c                USART1_IRQHandler
 .text.USART2_IRQHandler
                0x0800317c       0x6c Src\stm32f0xx_it.o
                0x0800317c                USART2_IRQHandler
 .text._read    0x080031e8       0x1c Src\syscalls.o
                0x080031e8                _read
 .text._write   0x08003204       0x1c Src\syscalls.o
                0x08003204                _write
 .text._sbrk    0x08003220       0x34 Src\syscalls.o
                0x08003220                _sbrk
 .text._close   0x08003254        0x6 Src\syscalls.o
                0x08003254                _close
 .text._fstat   0x0800325a        0xa Src\syscalls.o
                0x0800325a                _fstat
 .text._isatty  0x08003264        0x4 Src\syscalls.o
                0x08003264                _isatty
 .text._lseek   0x08003268        0x4 Src\syscalls.o
                0x08003268                _lseek
 .text.SystemInit
                0x0800326c       0x60 Src\system_stm32f0xx.o
                0x0800326c                SystemInit
 .text.USER_status
                0x080032cc       0x10 Src\user_diskio.o
                0x080032cc                USER_status
 .text.USER_write
                0x080032dc        0x4 Src\user_diskio.o
                0x080032dc                USER_write
 .text.USER_ioctl
                0x080032e0        0x4 Src\user_diskio.o
                0x080032e0                USER_ioctl
 .text.USER_read
                0x080032e4        0x4 Src\user_diskio.o
                0x080032e4                USER_read
 .text.USER_initialize
                0x080032e8       0x10 Src\user_diskio.o
                0x080032e8                USER_initialize
 .text.Reset_Handler
                0x080032f8       0x50 startup\startup_stm32f030x8.o
                0x080032f8                Reset_Handler
 .text.Default_Handler
                0x08003348        0x2 startup\startup_stm32f030x8.o
                0x08003348                TIM1_CC_IRQHandler
                0x08003348                TIM6_IRQHandler
                0x08003348                I2C1_IRQHandler
                0x08003348                SPI1_IRQHandler
                0x08003348                EXTI2_3_IRQHandler
                0x08003348                ADC1_IRQHandler
                0x08003348                I2C2_IRQHandler
                0x08003348                RTC_IRQHandler
                0x08003348                TIM16_IRQHandler
                0x08003348                TIM3_IRQHandler
                0x08003348                EXTI4_15_IRQHandler
                0x08003348                RCC_IRQHandler
                0x08003348                DMA1_Channel1_IRQHandler
                0x08003348                Default_Handler
                0x08003348                TIM14_IRQHandler
                0x08003348                DMA1_Channel4_5_IRQHandler
                0x08003348                TIM15_IRQHandler
                0x08003348                EXTI0_1_IRQHandler
                0x08003348                SPI2_IRQHandler
                0x08003348                WWDG_IRQHandler
                0x08003348                DMA1_Channel2_3_IRQHandler
                0x08003348                FLASH_IRQHandler
                0x08003348                TIM1_BRK_UP_TRG_COM_IRQHandler
 *fill*         0x0800334a        0x2 
 .text.__errno  0x0800334c        0xc c:/program files (x86)/atollic/truestudio for stm32 9.3.0/armtools/bin/../lib/gcc/arm-atollic-eabi/6.3.1/../../../../arm-atollic-eabi/lib/armv6-m\libc_nano.a(lib_a-errno.o)
                0x0800334c                __errno
 .text.__libc_init_array
                0x08003358       0x48 c:/program files (x86)/atollic/truestudio for stm32 9.3.0/armtools/bin/../lib/gcc/arm-atollic-eabi/6.3.1/../../../../arm-atollic-eabi/lib/armv6-m\libc_nano.a(lib_a-init.o)
                0x08003358                __libc_init_array
 .text.memcpy   0x080033a0       0x12 c:/program files (x86)/atollic/truestudio for stm32 9.3.0/armtools/bin/../lib/gcc/arm-atollic-eabi/6.3.1/../../../../arm-atollic-eabi/lib/armv6-m\libc_nano.a(lib_a-memcpy-stub.o)
                0x080033a0                memcpy
 .text.memset   0x080033b2       0x10 c:/program files (x86)/atollic/truestudio for stm32 9.3.0/armtools/bin/../lib/gcc/arm-atollic-eabi/6.3.1/../../../../arm-atollic-eabi/lib/armv6-m\libc_nano.a(lib_a-memset.o)
                0x080033b2                memset
 *fill*         0x080033c2        0x2 
 .text.printf   0x080033c4       0x34 c:/program files (x86)/atollic/truestudio for stm32 9.3.0/armtools/bin/../lib/gcc/arm-atollic-eabi/6.3.1/../../../../arm-atollic-eabi/lib/armv6-m\libc_nano.a(lib_a-printf.o)
                0x080033c4                iprintf
                0x080033c4                printf
 .text._cleanup_r
                0x080033f8       0x10 c:/program files (x86)/atollic/truestudio for stm32 9.3.0/armtools/bin/../lib/gcc/arm-atollic-eabi/6.3.1/../../../../arm-atollic-eabi/lib/armv6-m\libc_nano.a(lib_a-findfp.o)
                0x080033f8                _cleanup_r
 .text.std.isra.0
                0x08003408       0x48 c:/program files (x86)/atollic/truestudio for stm32 9.3.0/armtools/bin/../lib/gcc/arm-atollic-eabi/6.3.1/../../../../arm-atollic-eabi/lib/armv6-m\libc_nano.a(lib_a-findfp.o)
 .text.__sfmoreglue
                0x08003450       0x2c c:/program files (x86)/atollic/truestudio for stm32 9.3.0/armtools/bin/../lib/gcc/arm-atollic-eabi/6.3.1/../../../../arm-atollic-eabi/lib/armv6-m\libc_nano.a(lib_a-findfp.o)
                0x08003450                __sfmoreglue
 .text.__sinit  0x0800347c       0x68 c:/program files (x86)/atollic/truestudio for stm32 9.3.0/armtools/bin/../lib/gcc/arm-atollic-eabi/6.3.1/../../../../arm-atollic-eabi/lib/armv6-m\libc_nano.a(lib_a-findfp.o)
                0x0800347c                __sinit
 .text.__sfp    0x080034e4       0x80 c:/program files (x86)/atollic/truestudio for stm32 9.3.0/armtools/bin/../lib/gcc/arm-atollic-eabi/6.3.1/../../../../arm-atollic-eabi/lib/armv6-m\libc_nano.a(lib_a-findfp.o)
                0x080034e4                __sfp
 .text._fwalk_reent
                0x08003564       0x42 c:/program files (x86)/atollic/truestudio for stm32 9.3.0/armtools/bin/../lib/gcc/arm-atollic-eabi/6.3.1/../../../../arm-atollic-eabi/lib/armv6-m\libc_nano.a(lib_a-fwalk.o)
                0x08003564                _fwalk_reent
 *fill*         0x080035a6        0x2 
 .text._malloc_r
                0x080035a8       0xbc c:/program files (x86)/atollic/truestudio for stm32 9.3.0/armtools/bin/../lib/gcc/arm-atollic-eabi/6.3.1/../../../../arm-atollic-eabi/lib/armv6-m\libc_nano.a(lib_a-nano-mallocr.o)
                0x080035a8                _malloc_r
 .text.__sfputc_r
                0x08003664       0x2a c:/program files (x86)/atollic/truestudio for stm32 9.3.0/armtools/bin/../lib/gcc/arm-atollic-eabi/6.3.1/../../../../arm-atollic-eabi/lib/armv6-m\libc_nano.a(lib_a-nano-vfprintf.o)
 .text.__sfputs_r
                0x0800368e       0x24 c:/program files (x86)/atollic/truestudio for stm32 9.3.0/armtools/bin/../lib/gcc/arm-atollic-eabi/6.3.1/../../../../arm-atollic-eabi/lib/armv6-m\libc_nano.a(lib_a-nano-vfprintf.o)
                0x0800368e                __sfputs_r
 *fill*         0x080036b2        0x2 
 .text._vfprintf_r
                0x080036b4      0x238 c:/program files (x86)/atollic/truestudio for stm32 9.3.0/armtools/bin/../lib/gcc/arm-atollic-eabi/6.3.1/../../../../arm-atollic-eabi/lib/armv6-m\libc_nano.a(lib_a-nano-vfprintf.o)
                0x080036b4                _vfprintf_r
                0x080036b4                _vfiprintf_r
 .text._printf_common
                0x080038ec       0xda c:/program files (x86)/atollic/truestudio for stm32 9.3.0/armtools/bin/../lib/gcc/arm-atollic-eabi/6.3.1/../../../../arm-atollic-eabi/lib/armv6-m\libc_nano.a(lib_a-nano-vfprintf_i.o)
                0x080038ec                _printf_common
 *fill*         0x080039c6        0x2 
 .text._printf_i
                0x080039c8      0x234 c:/program files (x86)/atollic/truestudio for stm32 9.3.0/armtools/bin/../lib/gcc/arm-atollic-eabi/6.3.1/../../../../arm-atollic-eabi/lib/armv6-m\libc_nano.a(lib_a-nano-vfprintf_i.o)
                0x080039c8                _printf_i
 .text._sbrk_r  0x08003bfc       0x24 c:/program files (x86)/atollic/truestudio for stm32 9.3.0/armtools/bin/../lib/gcc/arm-atollic-eabi/6.3.1/../../../../arm-atollic-eabi/lib/armv6-m\libc_nano.a(lib_a-sbrkr.o)
                0x08003bfc                _sbrk_r
 .text.__sread  0x08003c20       0x28 c:/program files (x86)/atollic/truestudio for stm32 9.3.0/armtools/bin/../lib/gcc/arm-atollic-eabi/6.3.1/../../../../arm-atollic-eabi/lib/armv6-m\libc_nano.a(lib_a-stdio.o)
                0x08003c20                __sread
 .text.__swrite
                0x08003c48       0x38 c:/program files (x86)/atollic/truestudio for stm32 9.3.0/armtools/bin/../lib/gcc/arm-atollic-eabi/6.3.1/../../../../arm-atollic-eabi/lib/armv6-m\libc_nano.a(lib_a-stdio.o)
                0x08003c48                __swrite
 .text.__sseek  0x08003c80       0x2c c:/program files (x86)/atollic/truestudio for stm32 9.3.0/armtools/bin/../lib/gcc/arm-atollic-eabi/6.3.1/../../../../arm-atollic-eabi/lib/armv6-m\libc_nano.a(lib_a-stdio.o)
                0x08003c80                __sseek
 .text.__sclose
                0x08003cac        0xc c:/program files (x86)/atollic/truestudio for stm32 9.3.0/armtools/bin/../lib/gcc/arm-atollic-eabi/6.3.1/../../../../arm-atollic-eabi/lib/armv6-m\libc_nano.a(lib_a-stdio.o)
                0x08003cac                __sclose
 .text.__swbuf_r
                0x08003cb8       0xac c:/program files (x86)/atollic/truestudio for stm32 9.3.0/armtools/bin/../lib/gcc/arm-atollic-eabi/6.3.1/../../../../arm-atollic-eabi/lib/armv6-m\libc_nano.a(lib_a-wbuf.o)
                0x08003cb8                __swbuf_r
 .text._write_r
                0x08003d64       0x28 c:/program files (x86)/atollic/truestudio for stm32 9.3.0/armtools/bin/../lib/gcc/arm-atollic-eabi/6.3.1/../../../../arm-atollic-eabi/lib/armv6-m\libc_nano.a(lib_a-writer.o)
                0x08003d64                _write_r
 .text.__swsetup_r
                0x08003d8c       0xec c:/program files (x86)/atollic/truestudio for stm32 9.3.0/armtools/bin/../lib/gcc/arm-atollic-eabi/6.3.1/../../../../arm-atollic-eabi/lib/armv6-m\libc_nano.a(lib_a-wsetup.o)
                0x08003d8c                __swsetup_r
 .text._close_r
                0x08003e78       0x24 c:/program files (x86)/atollic/truestudio for stm32 9.3.0/armtools/bin/../lib/gcc/arm-atollic-eabi/6.3.1/../../../../arm-atollic-eabi/lib/armv6-m\libc_nano.a(lib_a-closer.o)
                0x08003e78                _close_r
 .text.__sflush_r
                0x08003e9c      0x114 c:/program files (x86)/atollic/truestudio for stm32 9.3.0/armtools/bin/../lib/gcc/arm-atollic-eabi/6.3.1/../../../../arm-atollic-eabi/lib/armv6-m\libc_nano.a(lib_a-fflush.o)
                0x08003e9c                __sflush_r
 .text._fflush_r
                0x08003fb0       0x58 c:/program files (x86)/atollic/truestudio for stm32 9.3.0/armtools/bin/../lib/gcc/arm-atollic-eabi/6.3.1/../../../../arm-atollic-eabi/lib/armv6-m\libc_nano.a(lib_a-fflush.o)
                0x08003fb0                _fflush_r
 .text._lseek_r
                0x08004008       0x28 c:/program files (x86)/atollic/truestudio for stm32 9.3.0/armtools/bin/../lib/gcc/arm-atollic-eabi/6.3.1/../../../../arm-atollic-eabi/lib/armv6-m\libc_nano.a(lib_a-lseekr.o)
                0x08004008                _lseek_r
 .text.__swhatbuf_r
                0x08004030       0x50 c:/program files (x86)/atollic/truestudio for stm32 9.3.0/armtools/bin/../lib/gcc/arm-atollic-eabi/6.3.1/../../../../arm-atollic-eabi/lib/armv6-m\libc_nano.a(lib_a-makebuf.o)
                0x08004030                __swhatbuf_r
 .text.__smakebuf_r
                0x08004080       0x88 c:/program files (x86)/atollic/truestudio for stm32 9.3.0/armtools/bin/../lib/gcc/arm-atollic-eabi/6.3.1/../../../../arm-atollic-eabi/lib/armv6-m\libc_nano.a(lib_a-makebuf.o)
                0x08004080                __smakebuf_r
 .text.memchr   0x08004108       0x16 c:/program files (x86)/atollic/truestudio for stm32 9.3.0/armtools/bin/../lib/gcc/arm-atollic-eabi/6.3.1/../../../../arm-atollic-eabi/lib/armv6-m\libc_nano.a(lib_a-memchr-stub.o)
                0x08004108                memchr
 .text.__malloc_lock
                0x0800411e        0x2 c:/program files (x86)/atollic/truestudio for stm32 9.3.0/armtools/bin/../lib/gcc/arm-atollic-eabi/6.3.1/../../../../arm-atollic-eabi/lib/armv6-m\libc_nano.a(lib_a-mlock.o)
                0x0800411e                __malloc_lock
 .text.__malloc_unlock
                0x08004120        0x2 c:/program files (x86)/atollic/truestudio for stm32 9.3.0/armtools/bin/../lib/gcc/arm-atollic-eabi/6.3.1/../../../../arm-atollic-eabi/lib/armv6-m\libc_nano.a(lib_a-mlock.o)
                0x08004120                __malloc_unlock
 *fill*         0x08004122        0x2 
 .text._free_r  0x08004124       0x94 c:/program files (x86)/atollic/truestudio for stm32 9.3.0/armtools/bin/../lib/gcc/arm-atollic-eabi/6.3.1/../../../../arm-atollic-eabi/lib/armv6-m\libc_nano.a(lib_a-nano-freer.o)
                0x08004124                _free_r
 .text._read_r  0x080041b8       0x28 c:/program files (x86)/atollic/truestudio for stm32 9.3.0/armtools/bin/../lib/gcc/arm-atollic-eabi/6.3.1/../../../../arm-atollic-eabi/lib/armv6-m\libc_nano.a(lib_a-readr.o)
                0x080041b8                _read_r
 .text._fstat_r
                0x080041e0       0x24 c:/program files (x86)/atollic/truestudio for stm32 9.3.0/armtools/bin/../lib/gcc/arm-atollic-eabi/6.3.1/../../../../arm-atollic-eabi/lib/armv6-m\libc_nano.a(lib_a-fstatr.o)
                0x080041e0                _fstat_r
 .text._isatty_r
                0x08004204       0x24 c:/program files (x86)/atollic/truestudio for stm32 9.3.0/armtools/bin/../lib/gcc/arm-atollic-eabi/6.3.1/../../../../arm-atollic-eabi/lib/armv6-m\libc_nano.a(lib_a-isattyr.o)
                0x08004204                _isatty_r
 *(.glue_7)
 .glue_7        0x08004228        0x0 linker stubs
 *(.glue_7t)
 .glue_7t       0x08004228        0x0 linker stubs
 *(.eh_frame)
 .eh_frame      0x08004228        0x0 c:/program files (x86)/atollic/truestudio for stm32 9.3.0/armtools/bin/../lib/gcc/arm-atollic-eabi/6.3.1/armv6-m/crtbegin.o
 *(.init)
 .init          0x08004228        0x4 c:/program files (x86)/atollic/truestudio for stm32 9.3.0/armtools/bin/../lib/gcc/arm-atollic-eabi/6.3.1/armv6-m/crti.o
                0x08004228                _init
 .init          0x0800422c        0x8 c:/program files (x86)/atollic/truestudio for stm32 9.3.0/armtools/bin/../lib/gcc/arm-atollic-eabi/6.3.1/armv6-m/crtn.o
 *(.fini)
 .fini          0x08004234        0x4 c:/program files (x86)/atollic/truestudio for stm32 9.3.0/armtools/bin/../lib/gcc/arm-atollic-eabi/6.3.1/armv6-m/crti.o
                0x08004234                _fini
 .fini          0x08004238        0x8 c:/program files (x86)/atollic/truestudio for stm32 9.3.0/armtools/bin/../lib/gcc/arm-atollic-eabi/6.3.1/armv6-m/crtn.o
                0x08004240                . = ALIGN (0x4)
                0x08004240                _etext = .

.vfp11_veneer   0x08004240        0x0
 .vfp11_veneer  0x08004240        0x0 linker stubs

.v4_bx          0x08004240        0x0
 .v4_bx         0x08004240        0x0 linker stubs

.iplt           0x08004240        0x0
 .iplt          0x08004240        0x0 c:/program files (x86)/atollic/truestudio for stm32 9.3.0/armtools/bin/../lib/gcc/arm-atollic-eabi/6.3.1/armv6-m/crtbegin.o

.rodata         0x08004240      0x140
                0x08004240                . = ALIGN (0x4)
 *(.rodata)
 .rodata        0x08004240       0x20 Drivers\STM32F0xx_HAL_Driver\Src\stm32f0xx_hal_rcc.o
 .rodata        0x08004260       0x38 Src\main.o
 *(.rodata*)
 .rodata.osTimerCreate.str1.1
                0x08004298        0x0 Middlewares\Third_Party\FreeRTOS\Source\CMSIS_RTOS\cmsis_os.o
                                  0x1 (size before relaxing)
 .rodata.vTaskStartScheduler.str1.1
                0x08004298        0x5 Middlewares\Third_Party\FreeRTOS\Source\tasks.o
 .rodata.prvCheckForValidListAndQueue.str1.1
                0x0800429d        0x5 Middlewares\Third_Party\FreeRTOS\Source\timers.o
 .rodata.xTimerCreateTimerTask.str1.1
                0x080042a2        0x8 Middlewares\Third_Party\FreeRTOS\Source\timers.o
 .rodata.str1.1
                0x080042aa        0xf Src\main.o
 .rodata.StartRemoteControl.str1.1
                0x080042b9       0x16 Src\remote_control.o
 .rodata.AHBPrescTable
                0x080042cf       0x10 Src\system_stm32f0xx.o
                0x080042cf                AHBPrescTable
 .rodata.APBPrescTable
                0x080042df        0x8 Src\system_stm32f0xx.o
                0x080042df                APBPrescTable
 *fill*         0x080042e7        0x1 
 .rodata._global_impure_ptr
                0x080042e8        0x4 c:/program files (x86)/atollic/truestudio for stm32 9.3.0/armtools/bin/../lib/gcc/arm-atollic-eabi/6.3.1/../../../../arm-atollic-eabi/lib/armv6-m\libc_nano.a(lib_a-impure.o)
                0x080042e8                _global_impure_ptr
 .rodata.__sf_fake_stderr
                0x080042ec       0x20 c:/program files (x86)/atollic/truestudio for stm32 9.3.0/armtools/bin/../lib/gcc/arm-atollic-eabi/6.3.1/../../../../arm-atollic-eabi/lib/armv6-m\libc_nano.a(lib_a-findfp.o)
                0x080042ec                __sf_fake_stderr
 .rodata.__sf_fake_stdin
                0x0800430c       0x20 c:/program files (x86)/atollic/truestudio for stm32 9.3.0/armtools/bin/../lib/gcc/arm-atollic-eabi/6.3.1/../../../../arm-atollic-eabi/lib/armv6-m\libc_nano.a(lib_a-findfp.o)
                0x0800430c                __sf_fake_stdin
 .rodata.__sf_fake_stdout
                0x0800432c       0x20 c:/program files (x86)/atollic/truestudio for stm32 9.3.0/armtools/bin/../lib/gcc/arm-atollic-eabi/6.3.1/../../../../arm-atollic-eabi/lib/armv6-m\libc_nano.a(lib_a-findfp.o)
                0x0800432c                __sf_fake_stdout
 .rodata._vfprintf_r.str1.1
                0x0800434c       0x11 c:/program files (x86)/atollic/truestudio for stm32 9.3.0/armtools/bin/../lib/gcc/arm-atollic-eabi/6.3.1/../../../../arm-atollic-eabi/lib/armv6-m\libc_nano.a(lib_a-nano-vfprintf.o)
 .rodata._printf_i.str1.1
                0x0800435d       0x22 c:/program files (x86)/atollic/truestudio for stm32 9.3.0/armtools/bin/../lib/gcc/arm-atollic-eabi/6.3.1/../../../../arm-atollic-eabi/lib/armv6-m\libc_nano.a(lib_a-nano-vfprintf_i.o)
                0x08004380                . = ALIGN (0x4)
 *fill*         0x0800437f        0x1 

.rel.dyn        0x08004380        0x0
 .rel.iplt      0x08004380        0x0 c:/program files (x86)/atollic/truestudio for stm32 9.3.0/armtools/bin/../lib/gcc/arm-atollic-eabi/6.3.1/armv6-m/crtbegin.o

.ARM.extab
 *(.ARM.extab* .gnu.linkonce.armextab.*)

.ARM            0x08004380        0x0
                0x08004380                __exidx_start = .
 *(.ARM.exidx*)
                0x08004380                __exidx_end = .

.preinit_array  0x08004380        0x0
                0x08004380                PROVIDE (__preinit_array_start, .)
 *(.preinit_array*)
                0x08004380                PROVIDE (__preinit_array_end, .)

.init_array     0x08004380        0x4
                0x08004380                PROVIDE (__init_array_start, .)
 *(SORT(.init_array.*))
 *(.init_array*)
 .init_array    0x08004380        0x4 c:/program files (x86)/atollic/truestudio for stm32 9.3.0/armtools/bin/../lib/gcc/arm-atollic-eabi/6.3.1/armv6-m/crtbegin.o
                0x08004384                PROVIDE (__init_array_end, .)

.fini_array     0x08004384        0x4
                [!provide]                PROVIDE (__fini_array_start, .)
 *(SORT(.fini_array.*))
 *(.fini_array*)
 .fini_array    0x08004384        0x4 c:/program files (x86)/atollic/truestudio for stm32 9.3.0/armtools/bin/../lib/gcc/arm-atollic-eabi/6.3.1/armv6-m/crtbegin.o
                [!provide]                PROVIDE (__fini_array_end, .)
                0x08004388                _sidata = LOADADDR (.data)

.data           0x20000000       0x84 load address 0x08004388
                0x20000000                . = ALIGN (0x4)
                0x20000000                _sdata = .
 *(.data)
 *(.data*)
 .data.uxCriticalNesting
                0x20000000        0x4 Middlewares\Third_Party\FreeRTOS\Source\portable\GCC\ARM_CM0\port.o
 .data.SystemCoreClock
                0x20000004        0x4 Src\system_stm32f0xx.o
                0x20000004                SystemCoreClock
 .data.Stat     0x20000008        0x1 Src\user_diskio.o
 *fill*         0x20000009        0x3 
 .data.USER_Driver
                0x2000000c       0x14 Src\user_diskio.o
                0x2000000c                USER_Driver
 .data._impure_ptr
                0x20000020        0x4 c:/program files (x86)/atollic/truestudio for stm32 9.3.0/armtools/bin/../lib/gcc/arm-atollic-eabi/6.3.1/../../../../arm-atollic-eabi/lib/armv6-m\libc_nano.a(lib_a-impure.o)
                0x20000020                _impure_ptr
 .data.impure_data
                0x20000024       0x60 c:/program files (x86)/atollic/truestudio for stm32 9.3.0/armtools/bin/../lib/gcc/arm-atollic-eabi/6.3.1/../../../../arm-atollic-eabi/lib/armv6-m\libc_nano.a(lib_a-impure.o)
                0x20000084                . = ALIGN (0x4)
                0x20000084                _edata = .

.igot.plt       0x20000084        0x0 load address 0x0800440c
 .igot.plt      0x20000084        0x0 c:/program files (x86)/atollic/truestudio for stm32 9.3.0/armtools/bin/../lib/gcc/arm-atollic-eabi/6.3.1/armv6-m/crtbegin.o
                0x20000084                . = ALIGN (0x4)

.bss            0x20000084     0x179c load address 0x0800440c
                0x20000084                _sbss = .
                0x20000084                __bss_start__ = _sbss
 *(.bss)
 .bss           0x20000084       0x1c c:/program files (x86)/atollic/truestudio for stm32 9.3.0/armtools/bin/../lib/gcc/arm-atollic-eabi/6.3.1/armv6-m/crtbegin.o
 *(.bss*)
 .bss.disk      0x200000a0        0xc Middlewares\Third_Party\FatFs\src\ff_gen_drv.o
                0x200000a0                disk
 .bss.pxEnd     0x200000ac        0x4 Middlewares\Third_Party\FreeRTOS\Source\portable\MemMang\heap_4.o
 .bss.ucHeap    0x200000b0     0x1068 Middlewares\Third_Party\FreeRTOS\Source\portable\MemMang\heap_4.o
 .bss.xBlockAllocatedBit
                0x20001118        0x4 Middlewares\Third_Party\FreeRTOS\Source\portable\MemMang\heap_4.o
 .bss.xFreeBytesRemaining
                0x2000111c        0x4 Middlewares\Third_Party\FreeRTOS\Source\portable\MemMang\heap_4.o
 .bss.xMinimumEverFreeBytesRemaining
                0x20001120        0x4 Middlewares\Third_Party\FreeRTOS\Source\portable\MemMang\heap_4.o
 .bss.xStart    0x20001124        0x8 Middlewares\Third_Party\FreeRTOS\Source\portable\MemMang\heap_4.o
 .bss.pxCurrentTCB
                0x2000112c        0x4 Middlewares\Third_Party\FreeRTOS\Source\tasks.o
                0x2000112c                pxCurrentTCB
 .bss.pxDelayedTaskList
                0x20001130        0x4 Middlewares\Third_Party\FreeRTOS\Source\tasks.o
 .bss.pxOverflowDelayedTaskList
                0x20001134        0x4 Middlewares\Third_Party\FreeRTOS\Source\tasks.o
 .bss.pxReadyTasksLists
                0x20001138       0x8c Middlewares\Third_Party\FreeRTOS\Source\tasks.o
 .bss.uxCurrentNumberOfTasks
                0x200011c4        0x4 Middlewares\Third_Party\FreeRTOS\Source\tasks.o
 .bss.uxDeletedTasksWaitingCleanUp
                0x200011c8        0x4 Middlewares\Third_Party\FreeRTOS\Source\tasks.o
 .bss.uxPendedTicks
                0x200011cc        0x4 Middlewares\Third_Party\FreeRTOS\Source\tasks.o
 .bss.uxSchedulerSuspended
                0x200011d0        0x4 Middlewares\Third_Party\FreeRTOS\Source\tasks.o
 .bss.uxTaskNumber
                0x200011d4        0x4 Middlewares\Third_Party\FreeRTOS\Source\tasks.o
 .bss.uxTopReadyPriority
                0x200011d8        0x4 Middlewares\Third_Party\FreeRTOS\Source\tasks.o
 .bss.xDelayedTaskList1
                0x200011dc       0x14 Middlewares\Third_Party\FreeRTOS\Source\tasks.o
 .bss.xDelayedTaskList2
                0x200011f0       0x14 Middlewares\Third_Party\FreeRTOS\Source\tasks.o
 .bss.xIdleTaskHandle
                0x20001204        0x4 Middlewares\Third_Party\FreeRTOS\Source\tasks.o
 .bss.xNextTaskUnblockTime
                0x20001208        0x4 Middlewares\Third_Party\FreeRTOS\Source\tasks.o
 .bss.xNumOfOverflows
                0x2000120c        0x4 Middlewares\Third_Party\FreeRTOS\Source\tasks.o
 .bss.xPendingReadyList
                0x20001210       0x14 Middlewares\Third_Party\FreeRTOS\Source\tasks.o
 .bss.xSchedulerRunning
                0x20001224        0x4 Middlewares\Third_Party\FreeRTOS\Source\tasks.o
 .bss.xSuspendedTaskList
                0x20001228       0x14 Middlewares\Third_Party\FreeRTOS\Source\tasks.o
 .bss.xTasksWaitingTermination
                0x2000123c       0x14 Middlewares\Third_Party\FreeRTOS\Source\tasks.o
 .bss.xTickCount
                0x20001250        0x4 Middlewares\Third_Party\FreeRTOS\Source\tasks.o
 .bss.xYieldPending
                0x20001254        0x4 Middlewares\Third_Party\FreeRTOS\Source\tasks.o
 .bss.pxCurrentTimerList
                0x20001258        0x4 Middlewares\Third_Party\FreeRTOS\Source\timers.o
 .bss.pxOverflowTimerList
                0x2000125c        0x4 Middlewares\Third_Party\FreeRTOS\Source\timers.o
 .bss.xActiveTimerList1
                0x20001260       0x14 Middlewares\Third_Party\FreeRTOS\Source\timers.o
 .bss.xActiveTimerList2
                0x20001274       0x14 Middlewares\Third_Party\FreeRTOS\Source\timers.o
 .bss.xLastTime.5372
                0x20001288        0x4 Middlewares\Third_Party\FreeRTOS\Source\timers.o
 .bss.xTimerQueue
                0x2000128c        0x4 Middlewares\Third_Party\FreeRTOS\Source\timers.o
 .bss.xTimerTaskHandle
                0x20001290        0x4 Middlewares\Third_Party\FreeRTOS\Source\timers.o
 .bss.remoteCtrlPos
                0x20001294        0x1 Src\stm32f0xx_it.o
                0x20001294                remoteCtrlPos
 *fill*         0x20001295        0x3 
 .bss.heap_end.5887
                0x20001298        0x4 Src\syscalls.o
 .bss.__malloc_free_list
                0x2000129c        0x4 c:/program files (x86)/atollic/truestudio for stm32 9.3.0/armtools/bin/../lib/gcc/arm-atollic-eabi/6.3.1/../../../../arm-atollic-eabi/lib/armv6-m\libc_nano.a(lib_a-nano-mallocr.o)
                0x2000129c                __malloc_free_list
 .bss.__malloc_sbrk_start
                0x200012a0        0x4 c:/program files (x86)/atollic/truestudio for stm32 9.3.0/armtools/bin/../lib/gcc/arm-atollic-eabi/6.3.1/../../../../arm-atollic-eabi/lib/armv6-m\libc_nano.a(lib_a-nano-mallocr.o)
                0x200012a0                __malloc_sbrk_start
 *(COMMON)
 COMMON         0x200012a4        0x4 Drivers\STM32F0xx_HAL_Driver\Src\stm32f0xx_hal.o
                0x200012a4                uwTick
 COMMON         0x200012a8       0x40 Middlewares\Third_Party\FreeRTOS\Source\queue.o
                0x200012a8                xQueueRegistry
 COMMON         0x200012e8      0x468 Src\fatfs.o
                0x200012e8                USERPath
                0x200012ec                retUSER
                0x200012f0                USERFile
                0x2000151c                USERFatFS
 COMMON         0x20001750       0x6c Src\main.o
                0x20001750                LEDTaskHandle
                0x20001754                RCTigHandle
                0x20001758                washHandle
                0x2000175c                ctrlQueHandle
                0x20001760                ButtonTaskHandle
                0x20001764                myTimer01Handle
                0x20001768                clearQueHandle
                0x2000176c                hadc
                0x200017b8                RCTaskHandle
 COMMON         0x200017bc        0xc Src\remote_control.o
                0x200017bc                remoteCtrlAdd
                0x200017be                remoteCtrlBackData
 COMMON         0x200017c8       0x40 Src\stm32f0xx_hal_timebase_tim.o
                0x200017c8                htim17
 COMMON         0x20001808       0x14 Src\stm32f0xx_it.o
                0x20001808                UART1RevData
                0x20001812                remoteCtrlData
 COMMON         0x2000181c        0x4 c:/program files (x86)/atollic/truestudio for stm32 9.3.0/armtools/bin/../lib/gcc/arm-atollic-eabi/6.3.1/../../../../arm-atollic-eabi/lib/armv6-m\libc_nano.a(lib_a-reent.o)
                0x2000181c                errno
                0x20001820                . = ALIGN (0x4)
                0x20001820                _ebss = .
                0x20001820                __bss_end__ = _ebss

._user_heap_stack
                0x20001820      0x600 load address 0x0800440c
                0x20001820                . = ALIGN (0x4)
                0x20001820                PROVIDE (end, .)
                [!provide]                PROVIDE (_end, .)
                0x20001a20                . = (. + _Min_Heap_Size)
 *fill*         0x20001820      0x200 
                0x20001e20                . = (. + _Min_Stack_Size)
 *fill*         0x20001a20      0x400 
                0x20001e20                . = ALIGN (0x4)

/DISCARD/
 libc.a(*)
 libm.a(*)
 libgcc.a(*)

.ARM.attributes
                0x00000000       0x28
 *(.ARM.attributes)
 .ARM.attributes
                0x00000000       0x1e c:/program files (x86)/atollic/truestudio for stm32 9.3.0/armtools/bin/../lib/gcc/arm-atollic-eabi/6.3.1/armv6-m/crti.o
 .ARM.attributes
                0x0000001e       0x2c c:/program files (x86)/atollic/truestudio for stm32 9.3.0/armtools/bin/../lib/gcc/arm-atollic-eabi/6.3.1/armv6-m/crtbegin.o
 .ARM.attributes
                0x0000004a       0x31 Drivers\STM32F0xx_HAL_Driver\Src\stm32f0xx_hal.o
 .ARM.attributes
                0x0000007b       0x31 Drivers\STM32F0xx_HAL_Driver\Src\stm32f0xx_hal_adc.o
 .ARM.attributes
                0x000000ac       0x31 Drivers\STM32F0xx_HAL_Driver\Src\stm32f0xx_hal_cortex.o
 .ARM.attributes
                0x000000dd       0x31 Drivers\STM32F0xx_HAL_Driver\Src\stm32f0xx_hal_gpio.o
 .ARM.attributes
                0x0000010e       0x31 Drivers\STM32F0xx_HAL_Driver\Src\stm32f0xx_hal_rcc.o
 .ARM.attributes
                0x0000013f       0x31 Drivers\STM32F0xx_HAL_Driver\Src\stm32f0xx_hal_rcc_ex.o
 .ARM.attributes
                0x00000170       0x31 Drivers\STM32F0xx_HAL_Driver\Src\stm32f0xx_hal_tim.o
 .ARM.attributes
                0x000001a1       0x31 Drivers\STM32F0xx_HAL_Driver\Src\stm32f0xx_hal_tim_ex.o
 .ARM.attributes
                0x000001d2       0x31 Drivers\STM32F0xx_HAL_Driver\Src\stm32f0xx_ll_gpio.o
 .ARM.attributes
                0x00000203       0x31 Drivers\STM32F0xx_HAL_Driver\Src\stm32f0xx_ll_rcc.o
 .ARM.attributes
                0x00000234       0x31 Drivers\STM32F0xx_HAL_Driver\Src\stm32f0xx_ll_usart.o
 .ARM.attributes
                0x00000265       0x31 Middlewares\Third_Party\FatFs\src\ff_gen_drv.o
 .ARM.attributes
                0x00000296       0x31 Middlewares\Third_Party\FreeRTOS\Source\CMSIS_RTOS\cmsis_os.o
 .ARM.attributes
                0x000002c7       0x31 Middlewares\Third_Party\FreeRTOS\Source\list.o
 .ARM.attributes
                0x000002f8       0x31 Middlewares\Third_Party\FreeRTOS\Source\portable\GCC\ARM_CM0\port.o
 .ARM.attributes
                0x00000329       0x31 Middlewares\Third_Party\FreeRTOS\Source\portable\MemMang\heap_4.o
 .ARM.attributes
                0x0000035a       0x31 Middlewares\Third_Party\FreeRTOS\Source\queue.o
 .ARM.attributes
                0x0000038b       0x31 Middlewares\Third_Party\FreeRTOS\Source\tasks.o
 .ARM.attributes
                0x000003bc       0x31 Middlewares\Third_Party\FreeRTOS\Source\timers.o
 .ARM.attributes
                0x000003ed       0x31 Src\fatfs.o
 .ARM.attributes
                0x0000041e       0x31 Src\main.o
 .ARM.attributes
                0x0000044f       0x31 Src\remote_control.o
 .ARM.attributes
                0x00000480       0x31 Src\stm32f0xx_hal_msp.o
 .ARM.attributes
                0x000004b1       0x31 Src\stm32f0xx_hal_timebase_tim.o
 .ARM.attributes
                0x000004e2       0x31 Src\stm32f0xx_it.o
 .ARM.attributes
                0x00000513       0x31 Src\syscalls.o
 .ARM.attributes
                0x00000544       0x31 Src\system_stm32f0xx.o
 .ARM.attributes
                0x00000575       0x31 Src\user_diskio.o
 .ARM.attributes
                0x000005a6       0x21 startup\startup_stm32f030x8.o
 .ARM.attributes
                0x000005c7       0x2c c:/program files (x86)/atollic/truestudio for stm32 9.3.0/armtools/bin/../lib/gcc/arm-atollic-eabi/6.3.1/../../../../arm-atollic-eabi/lib/armv6-m\libc_nano.a(lib_a-errno.o)
 .ARM.attributes
                0x000005f3       0x2c c:/program files (x86)/atollic/truestudio for stm32 9.3.0/armtools/bin/../lib/gcc/arm-atollic-eabi/6.3.1/../../../../arm-atollic-eabi/lib/armv6-m\libc_nano.a(lib_a-impure.o)
 .ARM.attributes
                0x0000061f       0x2c c:/program files (x86)/atollic/truestudio for stm32 9.3.0/armtools/bin/../lib/gcc/arm-atollic-eabi/6.3.1/../../../../arm-atollic-eabi/lib/armv6-m\libc_nano.a(lib_a-init.o)
 .ARM.attributes
                0x0000064b       0x2c c:/program files (x86)/atollic/truestudio for stm32 9.3.0/armtools/bin/../lib/gcc/arm-atollic-eabi/6.3.1/../../../../arm-atollic-eabi/lib/armv6-m\libc_nano.a(lib_a-memcpy-stub.o)
 .ARM.attributes
                0x00000677       0x2c c:/program files (x86)/atollic/truestudio for stm32 9.3.0/armtools/bin/../lib/gcc/arm-atollic-eabi/6.3.1/../../../../arm-atollic-eabi/lib/armv6-m\libc_nano.a(lib_a-memset.o)
 .ARM.attributes
                0x000006a3       0x2c c:/program files (x86)/atollic/truestudio for stm32 9.3.0/armtools/bin/../lib/gcc/arm-atollic-eabi/6.3.1/../../../../arm-atollic-eabi/lib/armv6-m\libc_nano.a(lib_a-printf.o)
 .ARM.attributes
                0x000006cf       0x2c c:/program files (x86)/atollic/truestudio for stm32 9.3.0/armtools/bin/../lib/gcc/arm-atollic-eabi/6.3.1/../../../../arm-atollic-eabi/lib/armv6-m\libc_nano.a(lib_a-findfp.o)
 .ARM.attributes
                0x000006fb       0x2c c:/program files (x86)/atollic/truestudio for stm32 9.3.0/armtools/bin/../lib/gcc/arm-atollic-eabi/6.3.1/../../../../arm-atollic-eabi/lib/armv6-m\libc_nano.a(lib_a-fwalk.o)
 .ARM.attributes
                0x00000727       0x2c c:/program files (x86)/atollic/truestudio for stm32 9.3.0/armtools/bin/../lib/gcc/arm-atollic-eabi/6.3.1/../../../../arm-atollic-eabi/lib/armv6-m\libc_nano.a(lib_a-nano-mallocr.o)
 .ARM.attributes
                0x00000753       0x2c c:/program files (x86)/atollic/truestudio for stm32 9.3.0/armtools/bin/../lib/gcc/arm-atollic-eabi/6.3.1/../../../../arm-atollic-eabi/lib/armv6-m\libc_nano.a(lib_a-nano-vfprintf.o)
 .ARM.attributes
                0x0000077f       0x2c c:/program files (x86)/atollic/truestudio for stm32 9.3.0/armtools/bin/../lib/gcc/arm-atollic-eabi/6.3.1/../../../../arm-atollic-eabi/lib/armv6-m\libc_nano.a(lib_a-nano-vfprintf_i.o)
 .ARM.attributes
                0x000007ab       0x2c c:/program files (x86)/atollic/truestudio for stm32 9.3.0/armtools/bin/../lib/gcc/arm-atollic-eabi/6.3.1/../../../../arm-atollic-eabi/lib/armv6-m\libc_nano.a(lib_a-sbrkr.o)
 .ARM.attributes
                0x000007d7       0x2c c:/program files (x86)/atollic/truestudio for stm32 9.3.0/armtools/bin/../lib/gcc/arm-atollic-eabi/6.3.1/../../../../arm-atollic-eabi/lib/armv6-m\libc_nano.a(lib_a-stdio.o)
 .ARM.attributes
                0x00000803       0x2c c:/program files (x86)/atollic/truestudio for stm32 9.3.0/armtools/bin/../lib/gcc/arm-atollic-eabi/6.3.1/../../../../arm-atollic-eabi/lib/armv6-m\libc_nano.a(lib_a-wbuf.o)
 .ARM.attributes
                0x0000082f       0x2c c:/program files (x86)/atollic/truestudio for stm32 9.3.0/armtools/bin/../lib/gcc/arm-atollic-eabi/6.3.1/../../../../arm-atollic-eabi/lib/armv6-m\libc_nano.a(lib_a-writer.o)
 .ARM.attributes
                0x0000085b       0x2c c:/program files (x86)/atollic/truestudio for stm32 9.3.0/armtools/bin/../lib/gcc/arm-atollic-eabi/6.3.1/../../../../arm-atollic-eabi/lib/armv6-m\libc_nano.a(lib_a-wsetup.o)
 .ARM.attributes
                0x00000887       0x2c c:/program files (x86)/atollic/truestudio for stm32 9.3.0/armtools/bin/../lib/gcc/arm-atollic-eabi/6.3.1/../../../../arm-atollic-eabi/lib/armv6-m\libc_nano.a(lib_a-closer.o)
 .ARM.attributes
                0x000008b3       0x2c c:/program files (x86)/atollic/truestudio for stm32 9.3.0/armtools/bin/../lib/gcc/arm-atollic-eabi/6.3.1/../../../../arm-atollic-eabi/lib/armv6-m\libc_nano.a(lib_a-fflush.o)
 .ARM.attributes
                0x000008df       0x2c c:/program files (x86)/atollic/truestudio for stm32 9.3.0/armtools/bin/../lib/gcc/arm-atollic-eabi/6.3.1/../../../../arm-atollic-eabi/lib/armv6-m\libc_nano.a(lib_a-lseekr.o)
 .ARM.attributes
                0x0000090b       0x2c c:/program files (x86)/atollic/truestudio for stm32 9.3.0/armtools/bin/../lib/gcc/arm-atollic-eabi/6.3.1/../../../../arm-atollic-eabi/lib/armv6-m\libc_nano.a(lib_a-makebuf.o)
 .ARM.attributes
                0x00000937       0x2c c:/program files (x86)/atollic/truestudio for stm32 9.3.0/armtools/bin/../lib/gcc/arm-atollic-eabi/6.3.1/../../../../arm-atollic-eabi/lib/armv6-m\libc_nano.a(lib_a-memchr-stub.o)
 .ARM.attributes
                0x00000963       0x2c c:/program files (x86)/atollic/truestudio for stm32 9.3.0/armtools/bin/../lib/gcc/arm-atollic-eabi/6.3.1/../../../../arm-atollic-eabi/lib/armv6-m\libc_nano.a(lib_a-mlock.o)
 .ARM.attributes
                0x0000098f       0x2c c:/program files (x86)/atollic/truestudio for stm32 9.3.0/armtools/bin/../lib/gcc/arm-atollic-eabi/6.3.1/../../../../arm-atollic-eabi/lib/armv6-m\libc_nano.a(lib_a-nano-freer.o)
 .ARM.attributes
                0x000009bb       0x2c c:/program files (x86)/atollic/truestudio for stm32 9.3.0/armtools/bin/../lib/gcc/arm-atollic-eabi/6.3.1/../../../../arm-atollic-eabi/lib/armv6-m\libc_nano.a(lib_a-readr.o)
 .ARM.attributes
                0x000009e7       0x2c c:/program files (x86)/atollic/truestudio for stm32 9.3.0/armtools/bin/../lib/gcc/arm-atollic-eabi/6.3.1/../../../../arm-atollic-eabi/lib/armv6-m\libc_nano.a(lib_a-reent.o)
 .ARM.attributes
                0x00000a13       0x2c c:/program files (x86)/atollic/truestudio for stm32 9.3.0/armtools/bin/../lib/gcc/arm-atollic-eabi/6.3.1/../../../../arm-atollic-eabi/lib/armv6-m\libc_nano.a(lib_a-fstatr.o)
 .ARM.attributes
                0x00000a3f       0x2c c:/program files (x86)/atollic/truestudio for stm32 9.3.0/armtools/bin/../lib/gcc/arm-atollic-eabi/6.3.1/../../../../arm-atollic-eabi/lib/armv6-m\libc_nano.a(lib_a-isattyr.o)
 .ARM.attributes
                0x00000a6b       0x1e c:/program files (x86)/atollic/truestudio for stm32 9.3.0/armtools/bin/../lib/gcc/arm-atollic-eabi/6.3.1/armv6-m\libgcc.a(_udivsi3.o)
 .ARM.attributes
                0x00000a89       0x1e c:/program files (x86)/atollic/truestudio for stm32 9.3.0/armtools/bin/../lib/gcc/arm-atollic-eabi/6.3.1/armv6-m\libgcc.a(_dvmd_tls.o)
 .ARM.attributes
                0x00000aa7       0x1e c:/program files (x86)/atollic/truestudio for stm32 9.3.0/armtools/bin/../lib/gcc/arm-atollic-eabi/6.3.1/armv6-m/crtn.o
OUTPUT(ZNMT_MB.elf elf32-littlearm)

.debug_info     0x00000000    0x22c82
 .debug_info    0x00000000      0xe49 Drivers\STM32F0xx_HAL_Driver\Src\stm32f0xx_hal.o
 .debug_info    0x00000e49     0x1672 Drivers\STM32F0xx_HAL_Driver\Src\stm32f0xx_hal_adc.o
 .debug_info    0x000024bb      0xff9 Drivers\STM32F0xx_HAL_Driver\Src\stm32f0xx_hal_cortex.o
 .debug_info    0x000034b4      0xe52 Drivers\STM32F0xx_HAL_Driver\Src\stm32f0xx_hal_gpio.o
 .debug_info    0x00004306     0x116e Drivers\STM32F0xx_HAL_Driver\Src\stm32f0xx_hal_rcc.o
 .debug_info    0x00005474      0xbed Drivers\STM32F0xx_HAL_Driver\Src\stm32f0xx_hal_rcc_ex.o
 .debug_info    0x00006061     0x3bff Drivers\STM32F0xx_HAL_Driver\Src\stm32f0xx_hal_tim.o
 .debug_info    0x00009c60     0x1932 Drivers\STM32F0xx_HAL_Driver\Src\stm32f0xx_hal_tim_ex.o
 .debug_info    0x0000b592      0xf4a Drivers\STM32F0xx_HAL_Driver\Src\stm32f0xx_ll_gpio.o
 .debug_info    0x0000c4dc      0xe45 Drivers\STM32F0xx_HAL_Driver\Src\stm32f0xx_ll_rcc.o
 .debug_info    0x0000d321      0xfdb Drivers\STM32F0xx_HAL_Driver\Src\stm32f0xx_ll_usart.o
 .debug_info    0x0000e2fc      0xcf1 Middlewares\Third_Party\FatFs\src\ff_gen_drv.o
 .debug_info    0x0000efed     0x254f Middlewares\Third_Party\FreeRTOS\Source\CMSIS_RTOS\cmsis_os.o
 .debug_info    0x0001153c      0xac0 Middlewares\Third_Party\FreeRTOS\Source\list.o
 .debug_info    0x00011ffc      0x2ac Middlewares\Third_Party\FreeRTOS\Source\portable\GCC\ARM_CM0\port.o
 .debug_info    0x000122a8      0xba8 Middlewares\Third_Party\FreeRTOS\Source\portable\MemMang\heap_4.o
 .debug_info    0x00012e50     0x1bcc Middlewares\Third_Party\FreeRTOS\Source\queue.o
 .debug_info    0x00014a1c     0x2372 Middlewares\Third_Party\FreeRTOS\Source\tasks.o
 .debug_info    0x00016d8e     0x173b Middlewares\Third_Party\FreeRTOS\Source\timers.o
 .debug_info    0x000184c9      0xd9b Src\fatfs.o
 .debug_info    0x00019264     0x325e Src\main.o
 .debug_info    0x0001c4c2      0xe50 Src\remote_control.o
 .debug_info    0x0001d312     0x1111 Src\stm32f0xx_hal_msp.o
 .debug_info    0x0001e423     0x10f2 Src\stm32f0xx_hal_timebase_tim.o
 .debug_info    0x0001f515     0x10eb Src\stm32f0xx_it.o
 .debug_info    0x00020600      0xfe1 Src\syscalls.o
 .debug_info    0x000215e1      0xa67 Src\system_stm32f0xx.o
 .debug_info    0x00022048      0xbde Src\user_diskio.o
 .debug_info    0x00022c26       0x5c startup\startup_stm32f030x8.o

.debug_abbrev   0x00000000     0x4e4b
 .debug_abbrev  0x00000000      0x2d1 Drivers\STM32F0xx_HAL_Driver\Src\stm32f0xx_hal.o
 .debug_abbrev  0x000002d1      0x33d Drivers\STM32F0xx_HAL_Driver\Src\stm32f0xx_hal_adc.o
 .debug_abbrev  0x0000060e      0x30a Drivers\STM32F0xx_HAL_Driver\Src\stm32f0xx_hal_cortex.o
 .debug_abbrev  0x00000918      0x277 Drivers\STM32F0xx_HAL_Driver\Src\stm32f0xx_hal_gpio.o
 .debug_abbrev  0x00000b8f      0x2ea Drivers\STM32F0xx_HAL_Driver\Src\stm32f0xx_hal_rcc.o
 .debug_abbrev  0x00000e79      0x268 Drivers\STM32F0xx_HAL_Driver\Src\stm32f0xx_hal_rcc_ex.o
 .debug_abbrev  0x000010e1      0x3a5 Drivers\STM32F0xx_HAL_Driver\Src\stm32f0xx_hal_tim.o
 .debug_abbrev  0x00001486      0x30d Drivers\STM32F0xx_HAL_Driver\Src\stm32f0xx_hal_tim_ex.o
 .debug_abbrev  0x00001793      0x26e Drivers\STM32F0xx_HAL_Driver\Src\stm32f0xx_ll_gpio.o
 .debug_abbrev  0x00001a01      0x303 Drivers\STM32F0xx_HAL_Driver\Src\stm32f0xx_ll_rcc.o
 .debug_abbrev  0x00001d04      0x331 Drivers\STM32F0xx_HAL_Driver\Src\stm32f0xx_ll_usart.o
 .debug_abbrev  0x00002035      0x2a2 Middlewares\Third_Party\FatFs\src\ff_gen_drv.o
 .debug_abbrev  0x000022d7      0x406 Middlewares\Third_Party\FreeRTOS\Source\CMSIS_RTOS\cmsis_os.o
 .debug_abbrev  0x000026dd      0x1e3 Middlewares\Third_Party\FreeRTOS\Source\list.o
 .debug_abbrev  0x000028c0      0x194 Middlewares\Third_Party\FreeRTOS\Source\portable\GCC\ARM_CM0\port.o
 .debug_abbrev  0x00002a54      0x2ce Middlewares\Third_Party\FreeRTOS\Source\portable\MemMang\heap_4.o
 .debug_abbrev  0x00002d22      0x321 Middlewares\Third_Party\FreeRTOS\Source\queue.o
 .debug_abbrev  0x00003043      0x3bf Middlewares\Third_Party\FreeRTOS\Source\tasks.o
 .debug_abbrev  0x00003402      0x33f Middlewares\Third_Party\FreeRTOS\Source\timers.o
 .debug_abbrev  0x00003741      0x235 Src\fatfs.o
 .debug_abbrev  0x00003976      0x40c Src\main.o
 .debug_abbrev  0x00003d82      0x28e Src\remote_control.o
 .debug_abbrev  0x00004010      0x231 Src\stm32f0xx_hal_msp.o
 .debug_abbrev  0x00004241      0x269 Src\stm32f0xx_hal_timebase_tim.o
 .debug_abbrev  0x000044aa      0x284 Src\stm32f0xx_it.o
 .debug_abbrev  0x0000472e      0x2d9 Src\syscalls.o
 .debug_abbrev  0x00004a07      0x1ca Src\system_stm32f0xx.o
 .debug_abbrev  0x00004bd1      0x268 Src\user_diskio.o
 .debug_abbrev  0x00004e39       0x12 startup\startup_stm32f030x8.o

.debug_loc      0x00000000     0xc072
 .debug_loc     0x00000000       0x7c Drivers\STM32F0xx_HAL_Driver\Src\stm32f0xx_hal.o
 .debug_loc     0x0000007c      0xaad Drivers\STM32F0xx_HAL_Driver\Src\stm32f0xx_hal_adc.o
 .debug_loc     0x00000b29      0x3cc Drivers\STM32F0xx_HAL_Driver\Src\stm32f0xx_hal_cortex.o
 .debug_loc     0x00000ef5      0x307 Drivers\STM32F0xx_HAL_Driver\Src\stm32f0xx_hal_gpio.o
 .debug_loc     0x000011fc      0x493 Drivers\STM32F0xx_HAL_Driver\Src\stm32f0xx_hal_rcc.o
 .debug_loc     0x0000168f      0x26f Drivers\STM32F0xx_HAL_Driver\Src\stm32f0xx_hal_rcc_ex.o
 .debug_loc     0x000018fe     0x3b44 Drivers\STM32F0xx_HAL_Driver\Src\stm32f0xx_hal_tim.o
 .debug_loc     0x00005442      0xb81 Drivers\STM32F0xx_HAL_Driver\Src\stm32f0xx_hal_tim_ex.o
 .debug_loc     0x00005fc3      0x336 Drivers\STM32F0xx_HAL_Driver\Src\stm32f0xx_ll_gpio.o
 .debug_loc     0x000062f9      0x283 Drivers\STM32F0xx_HAL_Driver\Src\stm32f0xx_ll_rcc.o
 .debug_loc     0x0000657c      0x3b4 Drivers\STM32F0xx_HAL_Driver\Src\stm32f0xx_ll_usart.o
 .debug_loc     0x00006930      0x1ec Middlewares\Third_Party\FatFs\src\ff_gen_drv.o
 .debug_loc     0x00006b1c     0x10d9 Middlewares\Third_Party\FreeRTOS\Source\CMSIS_RTOS\cmsis_os.o
 .debug_loc     0x00007bf5       0x94 Middlewares\Third_Party\FreeRTOS\Source\list.o
 .debug_loc     0x00007c89       0xb4 Middlewares\Third_Party\FreeRTOS\Source\portable\GCC\ARM_CM0\port.o
 .debug_loc     0x00007d3d      0x2de Middlewares\Third_Party\FreeRTOS\Source\portable\MemMang\heap_4.o
 .debug_loc     0x0000801b     0x13a3 Middlewares\Third_Party\FreeRTOS\Source\queue.o
 .debug_loc     0x000093be     0x1213 Middlewares\Third_Party\FreeRTOS\Source\tasks.o
 .debug_loc     0x0000a5d1      0x848 Middlewares\Third_Party\FreeRTOS\Source\timers.o
 .debug_loc     0x0000ae19      0x9da Src\main.o
 .debug_loc     0x0000b7f3      0x158 Src\remote_control.o
 .debug_loc     0x0000b94b       0x4d Src\stm32f0xx_hal_msp.o
 .debug_loc     0x0000b998       0x7a Src\stm32f0xx_hal_timebase_tim.o
 .debug_loc     0x0000ba12       0x78 Src\stm32f0xx_it.o
 .debug_loc     0x0000ba8a      0x45e Src\syscalls.o
 .debug_loc     0x0000bee8      0x127 Src\system_stm32f0xx.o
 .debug_loc     0x0000c00f       0x63 Src\user_diskio.o

.debug_aranges  0x00000000      0xf20
 .debug_aranges
                0x00000000       0xb0 Drivers\STM32F0xx_HAL_Driver\Src\stm32f0xx_hal.o
 .debug_aranges
                0x000000b0       0xd0 Drivers\STM32F0xx_HAL_Driver\Src\stm32f0xx_hal_adc.o
 .debug_aranges
                0x00000180       0x78 Drivers\STM32F0xx_HAL_Driver\Src\stm32f0xx_hal_cortex.o
 .debug_aranges
                0x000001f8       0x58 Drivers\STM32F0xx_HAL_Driver\Src\stm32f0xx_hal_gpio.o
 .debug_aranges
                0x00000250       0x80 Drivers\STM32F0xx_HAL_Driver\Src\stm32f0xx_hal_rcc.o
 .debug_aranges
                0x000002d0       0x30 Drivers\STM32F0xx_HAL_Driver\Src\stm32f0xx_hal_rcc_ex.o
 .debug_aranges
                0x00000300      0x268 Drivers\STM32F0xx_HAL_Driver\Src\stm32f0xx_hal_tim.o
 .debug_aranges
                0x00000568       0xf0 Drivers\STM32F0xx_HAL_Driver\Src\stm32f0xx_hal_tim_ex.o
 .debug_aranges
                0x00000658       0x30 Drivers\STM32F0xx_HAL_Driver\Src\stm32f0xx_ll_gpio.o
 .debug_aranges
                0x00000688       0x58 Drivers\STM32F0xx_HAL_Driver\Src\stm32f0xx_ll_rcc.o
 .debug_aranges
                0x000006e0       0x40 Drivers\STM32F0xx_HAL_Driver\Src\stm32f0xx_ll_usart.o
 .debug_aranges
                0x00000720       0x40 Middlewares\Third_Party\FatFs\src\ff_gen_drv.o
 .debug_aranges
                0x00000760      0x1a0 Middlewares\Third_Party\FreeRTOS\Source\CMSIS_RTOS\cmsis_os.o
 .debug_aranges
                0x00000900       0x40 Middlewares\Third_Party\FreeRTOS\Source\list.o
 .debug_aranges
                0x00000940       0x88 Middlewares\Third_Party\FreeRTOS\Source\portable\GCC\ARM_CM0\port.o
 .debug_aranges
                0x000009c8       0x48 Middlewares\Third_Party\FreeRTOS\Source\portable\MemMang\heap_4.o
 .debug_aranges
                0x00000a10       0xc8 Middlewares\Third_Party\FreeRTOS\Source\queue.o
 .debug_aranges
                0x00000ad8      0x158 Middlewares\Third_Party\FreeRTOS\Source\tasks.o
 .debug_aranges
                0x00000c30       0x88 Middlewares\Third_Party\FreeRTOS\Source\timers.o
 .debug_aranges
                0x00000cb8       0x28 Src\fatfs.o
 .debug_aranges
                0x00000ce0       0x50 Src\main.o
 .debug_aranges
                0x00000d30       0x20 Src\remote_control.o
 .debug_aranges
                0x00000d50       0x30 Src\stm32f0xx_hal_msp.o
 .debug_aranges
                0x00000d80       0x30 Src\stm32f0xx_hal_timebase_tim.o
 .debug_aranges
                0x00000db0       0x40 Src\stm32f0xx_it.o
 .debug_aranges
                0x00000df0       0xb0 Src\syscalls.o
 .debug_aranges
                0x00000ea0       0x28 Src\system_stm32f0xx.o
 .debug_aranges
                0x00000ec8       0x30 Src\user_diskio.o
 .debug_aranges
                0x00000ef8       0x28 startup\startup_stm32f030x8.o

.debug_ranges   0x00000000     0x18d0
 .debug_ranges  0x00000000       0xa0 Drivers\STM32F0xx_HAL_Driver\Src\stm32f0xx_hal.o
 .debug_ranges  0x000000a0       0xc0 Drivers\STM32F0xx_HAL_Driver\Src\stm32f0xx_hal_adc.o
 .debug_ranges  0x00000160      0x120 Drivers\STM32F0xx_HAL_Driver\Src\stm32f0xx_hal_cortex.o
 .debug_ranges  0x00000280       0x70 Drivers\STM32F0xx_HAL_Driver\Src\stm32f0xx_hal_gpio.o
 .debug_ranges  0x000002f0       0xa0 Drivers\STM32F0xx_HAL_Driver\Src\stm32f0xx_hal_rcc.o
 .debug_ranges  0x00000390       0x40 Drivers\STM32F0xx_HAL_Driver\Src\stm32f0xx_hal_rcc_ex.o
 .debug_ranges  0x000003d0      0x470 Drivers\STM32F0xx_HAL_Driver\Src\stm32f0xx_hal_tim.o
 .debug_ranges  0x00000840       0xe0 Drivers\STM32F0xx_HAL_Driver\Src\stm32f0xx_hal_tim_ex.o
 .debug_ranges  0x00000920       0x68 Drivers\STM32F0xx_HAL_Driver\Src\stm32f0xx_ll_gpio.o
 .debug_ranges  0x00000988      0x148 Drivers\STM32F0xx_HAL_Driver\Src\stm32f0xx_ll_rcc.o
 .debug_ranges  0x00000ad0       0x68 Drivers\STM32F0xx_HAL_Driver\Src\stm32f0xx_ll_usart.o
 .debug_ranges  0x00000b38       0x30 Middlewares\Third_Party\FatFs\src\ff_gen_drv.o
 .debug_ranges  0x00000b68      0x190 Middlewares\Third_Party\FreeRTOS\Source\CMSIS_RTOS\cmsis_os.o
 .debug_ranges  0x00000cf8       0x30 Middlewares\Third_Party\FreeRTOS\Source\list.o
 .debug_ranges  0x00000d28       0x78 Middlewares\Third_Party\FreeRTOS\Source\portable\GCC\ARM_CM0\port.o
 .debug_ranges  0x00000da0       0x50 Middlewares\Third_Party\FreeRTOS\Source\portable\MemMang\heap_4.o
 .debug_ranges  0x00000df0      0x1d0 Middlewares\Third_Party\FreeRTOS\Source\queue.o
 .debug_ranges  0x00000fc0      0x238 Middlewares\Third_Party\FreeRTOS\Source\tasks.o
 .debug_ranges  0x000011f8       0xa8 Middlewares\Third_Party\FreeRTOS\Source\timers.o
 .debug_ranges  0x000012a0       0x18 Src\fatfs.o
 .debug_ranges  0x000012b8      0x350 Src\main.o
 .debug_ranges  0x00001608       0x78 Src\remote_control.o
 .debug_ranges  0x00001680       0xd0 Src\stm32f0xx_hal_msp.o
 .debug_ranges  0x00001750       0x40 Src\stm32f0xx_hal_timebase_tim.o
 .debug_ranges  0x00001790       0x48 Src\stm32f0xx_it.o
 .debug_ranges  0x000017d8       0xa0 Src\syscalls.o
 .debug_ranges  0x00001878       0x18 Src\system_stm32f0xx.o
 .debug_ranges  0x00001890       0x20 Src\user_diskio.o
 .debug_ranges  0x000018b0       0x20 startup\startup_stm32f030x8.o

.debug_line     0x00000000     0x9688
 .debug_line    0x00000000      0x440 Drivers\STM32F0xx_HAL_Driver\Src\stm32f0xx_hal.o
 .debug_line    0x00000440      0x859 Drivers\STM32F0xx_HAL_Driver\Src\stm32f0xx_hal_adc.o
 .debug_line    0x00000c99      0x413 Drivers\STM32F0xx_HAL_Driver\Src\stm32f0xx_hal_cortex.o
 .debug_line    0x000010ac      0x421 Drivers\STM32F0xx_HAL_Driver\Src\stm32f0xx_hal_gpio.o
 .debug_line    0x000014cd      0x61d Drivers\STM32F0xx_HAL_Driver\Src\stm32f0xx_hal_rcc.o
 .debug_line    0x00001aea      0x3b4 Drivers\STM32F0xx_HAL_Driver\Src\stm32f0xx_hal_rcc_ex.o
 .debug_line    0x00001e9e     0x1358 Drivers\STM32F0xx_HAL_Driver\Src\stm32f0xx_hal_tim.o
 .debug_line    0x000031f6      0x798 Drivers\STM32F0xx_HAL_Driver\Src\stm32f0xx_hal_tim_ex.o
 .debug_line    0x0000398e      0x378 Drivers\STM32F0xx_HAL_Driver\Src\stm32f0xx_ll_gpio.o
 .debug_line    0x00003d06      0x42c Drivers\STM32F0xx_HAL_Driver\Src\stm32f0xx_ll_rcc.o
 .debug_line    0x00004132      0x3b3 Drivers\STM32F0xx_HAL_Driver\Src\stm32f0xx_ll_usart.o
 .debug_line    0x000044e5      0x2e6 Middlewares\Third_Party\FatFs\src\ff_gen_drv.o
 .debug_line    0x000047cb      0x91b Middlewares\Third_Party\FreeRTOS\Source\CMSIS_RTOS\cmsis_os.o
 .debug_line    0x000050e6      0x37d Middlewares\Third_Party\FreeRTOS\Source\list.o
 .debug_line    0x00005463      0x2f6 Middlewares\Third_Party\FreeRTOS\Source\portable\GCC\ARM_CM0\port.o
 .debug_line    0x00005759      0x3b5 Middlewares\Third_Party\FreeRTOS\Source\portable\MemMang\heap_4.o
 .debug_line    0x00005b0e      0x7cf Middlewares\Third_Party\FreeRTOS\Source\queue.o
 .debug_line    0x000062dd      0xb4b Middlewares\Third_Party\FreeRTOS\Source\tasks.o
 .debug_line    0x00006e28      0x547 Middlewares\Third_Party\FreeRTOS\Source\timers.o
 .debug_line    0x0000736f      0x352 Src\fatfs.o
 .debug_line    0x000076c1      0x887 Src\main.o
 .debug_line    0x00007f48      0x3d4 Src\remote_control.o
 .debug_line    0x0000831c      0x321 Src\stm32f0xx_hal_msp.o
 .debug_line    0x0000863d      0x308 Src\stm32f0xx_hal_timebase_tim.o
 .debug_line    0x00008945      0x3ea Src\stm32f0xx_it.o
 .debug_line    0x00008d2f      0x3c6 Src\syscalls.o
 .debug_line    0x000090f5      0x25d Src\system_stm32f0xx.o
 .debug_line    0x00009352      0x2b3 Src\user_diskio.o
 .debug_line    0x00009605       0x83 startup\startup_stm32f030x8.o

.debug_str      0x00000000     0x5c8f
 .debug_str     0x00000000      0x965 Drivers\STM32F0xx_HAL_Driver\Src\stm32f0xx_hal.o
                                0xa21 (size before relaxing)
 .debug_str     0x00000965      0x66c Drivers\STM32F0xx_HAL_Driver\Src\stm32f0xx_hal_adc.o
                                0xcf4 (size before relaxing)
 .debug_str     0x00000fd1      0x1c7 Drivers\STM32F0xx_HAL_Driver\Src\stm32f0xx_hal_cortex.o
                                0xa29 (size before relaxing)
 .debug_str     0x00001198      0x1a5 Drivers\STM32F0xx_HAL_Driver\Src\stm32f0xx_hal_gpio.o
                                0x84e (size before relaxing)
 .debug_str     0x0000133d      0x2e7 Drivers\STM32F0xx_HAL_Driver\Src\stm32f0xx_hal_rcc.o
                                0xa2e (size before relaxing)
 .debug_str     0x00001624      0x11d Drivers\STM32F0xx_HAL_Driver\Src\stm32f0xx_hal_rcc_ex.o
                                0x7ee (size before relaxing)
 .debug_str     0x00001741      0xf2a Drivers\STM32F0xx_HAL_Driver\Src\stm32f0xx_hal_tim.o
                               0x17c9 (size before relaxing)
 .debug_str     0x0000266b      0x50d Drivers\STM32F0xx_HAL_Driver\Src\stm32f0xx_hal_tim_ex.o
                               0x103b (size before relaxing)
 .debug_str     0x00002b78      0x171 Drivers\STM32F0xx_HAL_Driver\Src\stm32f0xx_ll_gpio.o
                                0x7f5 (size before relaxing)
 .debug_str     0x00002ce9      0x31f Drivers\STM32F0xx_HAL_Driver\Src\stm32f0xx_ll_rcc.o
                                0x963 (size before relaxing)
 .debug_str     0x00003008      0x25d Drivers\STM32F0xx_HAL_Driver\Src\stm32f0xx_ll_usart.o
                                0x986 (size before relaxing)
 .debug_str     0x00003265      0x17d Middlewares\Third_Party\FatFs\src\ff_gen_drv.o
                                0x744 (size before relaxing)
 .debug_str     0x000033e2      0xaef Middlewares\Third_Party\FreeRTOS\Source\CMSIS_RTOS\cmsis_os.o
                               0x119d (size before relaxing)
 .debug_str     0x00003ed1      0x159 Middlewares\Third_Party\FreeRTOS\Source\list.o
                                0x714 (size before relaxing)
 .debug_str     0x0000402a      0x144 Middlewares\Third_Party\FreeRTOS\Source\portable\GCC\ARM_CM0\port.o
                                0x367 (size before relaxing)
 .debug_str     0x0000416e      0x1e1 Middlewares\Third_Party\FreeRTOS\Source\portable\MemMang\heap_4.o
                                0x7de (size before relaxing)
 .debug_str     0x0000434f      0x4b7 Middlewares\Third_Party\FreeRTOS\Source\queue.o
                                0xd1c (size before relaxing)
 .debug_str     0x00004806      0x6be Middlewares\Third_Party\FreeRTOS\Source\tasks.o
                               0x119e (size before relaxing)
 .debug_str     0x00004ec4      0x3ee Middlewares\Third_Party\FreeRTOS\Source\timers.o
                                0xc92 (size before relaxing)
 .debug_str     0x000052b2      0x10a Src\fatfs.o
                                0x7d8 (size before relaxing)
 .debug_str     0x000053bc      0x360 Src\main.o
                               0x18a2 (size before relaxing)
 .debug_str     0x0000571c      0x128 Src\remote_control.o
                                0x8e0 (size before relaxing)
 .debug_str     0x00005844       0x1b Src\stm32f0xx_hal_msp.o
                                0xbe7 (size before relaxing)
 .debug_str     0x0000585f       0x51 Src\stm32f0xx_hal_timebase_tim.o
                                0xce3 (size before relaxing)
 .debug_str     0x000058b0       0xe1 Src\stm32f0xx_it.o
                                0xb48 (size before relaxing)
 .debug_str     0x00005991      0x247 Src\syscalls.o
                                0x83b (size before relaxing)
 .debug_str     0x00005bd8       0x50 Src\system_stm32f0xx.o
                                0x674 (size before relaxing)
 .debug_str     0x00005c28       0x67 Src\user_diskio.o
                                0x6f2 (size before relaxing)

.comment        0x00000000       0x7c
 .comment       0x00000000       0x7c Drivers\STM32F0xx_HAL_Driver\Src\stm32f0xx_hal.o
                                 0x7d (size before relaxing)
 .comment       0x0000007c       0x7d Drivers\STM32F0xx_HAL_Driver\Src\stm32f0xx_hal_adc.o
 .comment       0x0000007c       0x7d Drivers\STM32F0xx_HAL_Driver\Src\stm32f0xx_hal_cortex.o
 .comment       0x0000007c       0x7d Drivers\STM32F0xx_HAL_Driver\Src\stm32f0xx_hal_gpio.o
 .comment       0x0000007c       0x7d Drivers\STM32F0xx_HAL_Driver\Src\stm32f0xx_hal_rcc.o
 .comment       0x0000007c       0x7d Drivers\STM32F0xx_HAL_Driver\Src\stm32f0xx_hal_rcc_ex.o
 .comment       0x0000007c       0x7d Drivers\STM32F0xx_HAL_Driver\Src\stm32f0xx_hal_tim.o
 .comment       0x0000007c       0x7d Drivers\STM32F0xx_HAL_Driver\Src\stm32f0xx_hal_tim_ex.o
 .comment       0x0000007c       0x7d Drivers\STM32F0xx_HAL_Driver\Src\stm32f0xx_ll_gpio.o
 .comment       0x0000007c       0x7d Drivers\STM32F0xx_HAL_Driver\Src\stm32f0xx_ll_rcc.o
 .comment       0x0000007c       0x7d Drivers\STM32F0xx_HAL_Driver\Src\stm32f0xx_ll_usart.o
 .comment       0x0000007c       0x7d Middlewares\Third_Party\FatFs\src\ff_gen_drv.o
 .comment       0x0000007c       0x7d Middlewares\Third_Party\FreeRTOS\Source\CMSIS_RTOS\cmsis_os.o
 .comment       0x0000007c       0x7d Middlewares\Third_Party\FreeRTOS\Source\list.o
 .comment       0x0000007c       0x7d Middlewares\Third_Party\FreeRTOS\Source\portable\GCC\ARM_CM0\port.o
 .comment       0x0000007c       0x7d Middlewares\Third_Party\FreeRTOS\Source\portable\MemMang\heap_4.o
 .comment       0x0000007c       0x7d Middlewares\Third_Party\FreeRTOS\Source\queue.o
 .comment       0x0000007c       0x7d Middlewares\Third_Party\FreeRTOS\Source\tasks.o
 .comment       0x0000007c       0x7d Middlewares\Third_Party\FreeRTOS\Source\timers.o
 .comment       0x0000007c       0x7d Src\fatfs.o
 .comment       0x0000007c       0x7d Src\main.o
 .comment       0x0000007c       0x7d Src\remote_control.o
 .comment       0x0000007c       0x7d Src\stm32f0xx_hal_msp.o
 .comment       0x0000007c       0x7d Src\stm32f0xx_hal_timebase_tim.o
 .comment       0x0000007c       0x7d Src\stm32f0xx_it.o
 .comment       0x0000007c       0x7d Src\syscalls.o
 .comment       0x0000007c       0x7d Src\system_stm32f0xx.o
 .comment       0x0000007c       0x7d Src\user_diskio.o

.debug_frame    0x00000000     0x31a0
 .debug_frame   0x00000000      0x178 Drivers\STM32F0xx_HAL_Driver\Src\stm32f0xx_hal.o
 .debug_frame   0x00000178      0x2d0 Drivers\STM32F0xx_HAL_Driver\Src\stm32f0xx_hal_adc.o
 .debug_frame   0x00000448       0xe4 Drivers\STM32F0xx_HAL_Driver\Src\stm32f0xx_hal_cortex.o
 .debug_frame   0x0000052c       0xc0 Drivers\STM32F0xx_HAL_Driver\Src\stm32f0xx_hal_gpio.o
 .debug_frame   0x000005ec      0x130 Drivers\STM32F0xx_HAL_Driver\Src\stm32f0xx_hal_rcc.o
 .debug_frame   0x0000071c       0x58 Drivers\STM32F0xx_HAL_Driver\Src\stm32f0xx_hal_rcc_ex.o
 .debug_frame   0x00000774      0x94c Drivers\STM32F0xx_HAL_Driver\Src\stm32f0xx_hal_tim.o
 .debug_frame   0x000010c0      0x388 Drivers\STM32F0xx_HAL_Driver\Src\stm32f0xx_hal_tim_ex.o
 .debug_frame   0x00001448       0x50 Drivers\STM32F0xx_HAL_Driver\Src\stm32f0xx_ll_gpio.o
 .debug_frame   0x00001498       0xc8 Drivers\STM32F0xx_HAL_Driver\Src\stm32f0xx_ll_rcc.o
 .debug_frame   0x00001560       0x78 Drivers\STM32F0xx_HAL_Driver\Src\stm32f0xx_ll_usart.o
 .debug_frame   0x000015d8       0x84 Middlewares\Third_Party\FatFs\src\ff_gen_drv.o
 .debug_frame   0x0000165c      0x568 Middlewares\Third_Party\FreeRTOS\Source\CMSIS_RTOS\cmsis_os.o
 .debug_frame   0x00001bc4       0x6c Middlewares\Third_Party\FreeRTOS\Source\list.o
 .debug_frame   0x00001c30      0x110 Middlewares\Third_Party\FreeRTOS\Source\portable\GCC\ARM_CM0\port.o
 .debug_frame   0x00001d40       0x90 Middlewares\Third_Party\FreeRTOS\Source\portable\MemMang\heap_4.o
 .debug_frame   0x00001dd0      0x254 Middlewares\Third_Party\FreeRTOS\Source\queue.o
 .debug_frame   0x00002024      0x420 Middlewares\Third_Party\FreeRTOS\Source\tasks.o
 .debug_frame   0x00002444      0x178 Middlewares\Third_Party\FreeRTOS\Source\timers.o
 .debug_frame   0x000025bc       0x38 Src\fatfs.o
 .debug_frame   0x000025f4       0xb4 Src\main.o
 .debug_frame   0x000026a8       0x30 Src\remote_control.o
 .debug_frame   0x000026d8       0x60 Src\stm32f0xx_hal_msp.o
 .debug_frame   0x00002738       0x4c Src\stm32f0xx_hal_timebase_tim.o
 .debug_frame   0x00002784       0x74 Src\stm32f0xx_it.o
 .debug_frame   0x000027f8      0x19c Src\syscalls.o
 .debug_frame   0x00002994       0x3c Src\system_stm32f0xx.o
 .debug_frame   0x000029d0       0x60 Src\user_diskio.o
 .debug_frame   0x00002a30       0x20 c:/program files (x86)/atollic/truestudio for stm32 9.3.0/armtools/bin/../lib/gcc/arm-atollic-eabi/6.3.1/../../../../arm-atollic-eabi/lib/armv6-m\libc_nano.a(lib_a-errno.o)
 .debug_frame   0x00002a50       0x2c c:/program files (x86)/atollic/truestudio for stm32 9.3.0/armtools/bin/../lib/gcc/arm-atollic-eabi/6.3.1/../../../../arm-atollic-eabi/lib/armv6-m\libc_nano.a(lib_a-init.o)
 .debug_frame   0x00002a7c       0x28 c:/program files (x86)/atollic/truestudio for stm32 9.3.0/armtools/bin/../lib/gcc/arm-atollic-eabi/6.3.1/../../../../arm-atollic-eabi/lib/armv6-m\libc_nano.a(lib_a-memcpy-stub.o)
 .debug_frame   0x00002aa4       0x20 c:/program files (x86)/atollic/truestudio for stm32 9.3.0/armtools/bin/../lib/gcc/arm-atollic-eabi/6.3.1/../../../../arm-atollic-eabi/lib/armv6-m\libc_nano.a(lib_a-memset.o)
 .debug_frame   0x00002ac4       0x50 c:/program files (x86)/atollic/truestudio for stm32 9.3.0/armtools/bin/../lib/gcc/arm-atollic-eabi/6.3.1/../../../../arm-atollic-eabi/lib/armv6-m\libc_nano.a(lib_a-printf.o)
 .debug_frame   0x00002b14      0x140 c:/program files (x86)/atollic/truestudio for stm32 9.3.0/armtools/bin/../lib/gcc/arm-atollic-eabi/6.3.1/../../../../arm-atollic-eabi/lib/armv6-m\libc_nano.a(lib_a-findfp.o)
 .debug_frame   0x00002c54       0x58 c:/program files (x86)/atollic/truestudio for stm32 9.3.0/armtools/bin/../lib/gcc/arm-atollic-eabi/6.3.1/../../../../arm-atollic-eabi/lib/armv6-m\libc_nano.a(lib_a-fwalk.o)
 .debug_frame   0x00002cac       0x2c c:/program files (x86)/atollic/truestudio for stm32 9.3.0/armtools/bin/../lib/gcc/arm-atollic-eabi/6.3.1/../../../../arm-atollic-eabi/lib/armv6-m\libc_nano.a(lib_a-nano-mallocr.o)
 .debug_frame   0x00002cd8       0x9c c:/program files (x86)/atollic/truestudio for stm32 9.3.0/armtools/bin/../lib/gcc/arm-atollic-eabi/6.3.1/../../../../arm-atollic-eabi/lib/armv6-m\libc_nano.a(lib_a-nano-vfprintf.o)
 .debug_frame   0x00002d74       0x54 c:/program files (x86)/atollic/truestudio for stm32 9.3.0/armtools/bin/../lib/gcc/arm-atollic-eabi/6.3.1/../../../../arm-atollic-eabi/lib/armv6-m\libc_nano.a(lib_a-nano-vfprintf_i.o)
 .debug_frame   0x00002dc8       0x2c c:/program files (x86)/atollic/truestudio for stm32 9.3.0/armtools/bin/../lib/gcc/arm-atollic-eabi/6.3.1/../../../../arm-atollic-eabi/lib/armv6-m\libc_nano.a(lib_a-sbrkr.o)
 .debug_frame   0x00002df4       0x90 c:/program files (x86)/atollic/truestudio for stm32 9.3.0/armtools/bin/../lib/gcc/arm-atollic-eabi/6.3.1/../../../../arm-atollic-eabi/lib/armv6-m\libc_nano.a(lib_a-stdio.o)
 .debug_frame   0x00002e84       0x48 c:/program files (x86)/atollic/truestudio for stm32 9.3.0/armtools/bin/../lib/gcc/arm-atollic-eabi/6.3.1/../../../../arm-atollic-eabi/lib/armv6-m\libc_nano.a(lib_a-wbuf.o)
 .debug_frame   0x00002ecc       0x2c c:/program files (x86)/atollic/truestudio for stm32 9.3.0/armtools/bin/../lib/gcc/arm-atollic-eabi/6.3.1/../../../../arm-atollic-eabi/lib/armv6-m\libc_nano.a(lib_a-writer.o)
 .debug_frame   0x00002ef8       0x2c c:/program files (x86)/atollic/truestudio for stm32 9.3.0/armtools/bin/../lib/gcc/arm-atollic-eabi/6.3.1/../../../../arm-atollic-eabi/lib/armv6-m\libc_nano.a(lib_a-wsetup.o)
 .debug_frame   0x00002f24       0x2c c:/program files (x86)/atollic/truestudio for stm32 9.3.0/armtools/bin/../lib/gcc/arm-atollic-eabi/6.3.1/../../../../arm-atollic-eabi/lib/armv6-m\libc_nano.a(lib_a-closer.o)
 .debug_frame   0x00002f50       0x68 c:/program files (x86)/atollic/truestudio for stm32 9.3.0/armtools/bin/../lib/gcc/arm-atollic-eabi/6.3.1/../../../../arm-atollic-eabi/lib/armv6-m\libc_nano.a(lib_a-fflush.o)
 .debug_frame   0x00002fb8       0x2c c:/program files (x86)/atollic/truestudio for stm32 9.3.0/armtools/bin/../lib/gcc/arm-atollic-eabi/6.3.1/../../../../arm-atollic-eabi/lib/armv6-m\libc_nano.a(lib_a-lseekr.o)
 .debug_frame   0x00002fe4       0x54 c:/program files (x86)/atollic/truestudio for stm32 9.3.0/armtools/bin/../lib/gcc/arm-atollic-eabi/6.3.1/../../../../arm-atollic-eabi/lib/armv6-m\libc_nano.a(lib_a-makebuf.o)
 .debug_frame   0x00003038       0x20 c:/program files (x86)/atollic/truestudio for stm32 9.3.0/armtools/bin/../lib/gcc/arm-atollic-eabi/6.3.1/../../../../arm-atollic-eabi/lib/armv6-m\libc_nano.a(lib_a-memchr-stub.o)
 .debug_frame   0x00003058       0x30 c:/program files (x86)/atollic/truestudio for stm32 9.3.0/armtools/bin/../lib/gcc/arm-atollic-eabi/6.3.1/../../../../arm-atollic-eabi/lib/armv6-m\libc_nano.a(lib_a-mlock.o)
 .debug_frame   0x00003088       0x2c c:/program files (x86)/atollic/truestudio for stm32 9.3.0/armtools/bin/../lib/gcc/arm-atollic-eabi/6.3.1/../../../../arm-atollic-eabi/lib/armv6-m\libc_nano.a(lib_a-nano-freer.o)
 .debug_frame   0x000030b4       0x2c c:/program files (x86)/atollic/truestudio for stm32 9.3.0/armtools/bin/../lib/gcc/arm-atollic-eabi/6.3.1/../../../../arm-atollic-eabi/lib/armv6-m\libc_nano.a(lib_a-readr.o)
 .debug_frame   0x000030e0       0x48 c:/program files (x86)/atollic/truestudio for stm32 9.3.0/armtools/bin/../lib/gcc/arm-atollic-eabi/6.3.1/../../../../arm-atollic-eabi/lib/armv6-m\libc_nano.a(lib_a-reent.o)
 .debug_frame   0x00003128       0x2c c:/program files (x86)/atollic/truestudio for stm32 9.3.0/armtools/bin/../lib/gcc/arm-atollic-eabi/6.3.1/../../../../arm-atollic-eabi/lib/armv6-m\libc_nano.a(lib_a-fstatr.o)
 .debug_frame   0x00003154       0x2c c:/program files (x86)/atollic/truestudio for stm32 9.3.0/armtools/bin/../lib/gcc/arm-atollic-eabi/6.3.1/../../../../arm-atollic-eabi/lib/armv6-m\libc_nano.a(lib_a-isattyr.o)
 .debug_frame   0x00003180       0x20 c:/program files (x86)/atollic/truestudio for stm32 9.3.0/armtools/bin/../lib/gcc/arm-atollic-eabi/6.3.1/armv6-m\libgcc.a(_udivsi3.o)